
> eliza@ start /Users/macbookpro/Desktop/wobreeze/projects/bitnata/backend/eliza
> pnpm --filter "@elizaos/agent" start --isRoot "--character=characters/size.character.json"


> @elizaos/agent@0.1.8+build.1 start /Users/macbookpro/Desktop/wobreeze/projects/bitnata/backend/eliza/agent
> node --loader ts-node/esm src/index.ts "--isRoot" "--character=characters/size.character.json"

[ElizaLogger] Initializing with:
            isNode: true
            verbose: false
            VERBOSE env: undefined
            NODE_ENV: undefined
        
[34m ℹ INFORMATIONS
  [34m Loading embedding settings: [0m
  [34m {"USE_OPENAI_EMBEDDING":"true","USE_OLLAMA_EMBEDDING":"","OLLAMA_EMBEDDING_MODEL":"mxbai-embed-large"} [0m

[34m ℹ INFORMATIONS
  [34m Loading character settings: [0m
  [34m {"ARGV":["/Users/macbookpro/Library/pnpm/nodejs/23.3.0/bin/node","/Users/macbookpro/Desktop/wobreeze/projects/bitnata/backend/eliza/agent/src/index.ts","--isRoot","--character=characters/size.character.json"],"CHARACTER_ARG":"--character=characters/size.character.json","CWD":"/Users/macbookpro/Desktop/wobreeze/projects/bitnata/backend/eliza/agent"} [0m

[37m ["◎ Loaded .env file from: /Users/macbookpro/Desktop/wobreeze/projects/bitnata/backend/eliza/.env"] [0m

[34m ℹ INFORMATIONS
  [34m Parsed settings: [0m
  [34m {"USE_OPENAI_EMBEDDING":"true","USE_OPENAI_EMBEDDING_TYPE":"string","USE_OLLAMA_EMBEDDING":"","USE_OLLAMA_EMBEDDING_TYPE":"string","OLLAMA_EMBEDDING_MODEL":"mxbai-embed-large"} [0m

DJohqMfXRDrRodJmXPCSJ9cuVmMHXBxMzqGGiSpsMih1
5mGoXaLVTySWXBQsp62a2YR2xsCg1LvLDyJHWL1Qo2EUFZvq1TqkNSJiPxXTUdYs1MEWzUWMuuvvTXCU7RXfQbMm
[34m ℹ INFORMATIONS
  [34m Environment sources [0m
  [34m {"shellVars":["AKASH_CHAT_API_KEY","AKASH_ENV","AKASH_NET","AKASH_GAS_PRICES","AKASH_GAS_ADJUSTMENT","AKASH_KEYRING_BACKEND","AKASH_FROM","AKASH_FEES","AKASH_DEPOSIT","AKASH_MNEMONIC","AKASH_WALLET_ADDRESS","AKASH_PRICING_API_URL","AKASH_DEFAULT_CPU","AKASH_DEFAULT_MEMORY","AKASH_DEFAULT_STORAGE","AKASH_SDL","AKASH_CLOSE_DEP","AKASH_CLOSE_DSEQ","AKASH_PROVIDER_INFO","AKASH_DEP_STATUS","AKASH_DEP_DSEQ","AKASH_GAS_OPERATION","AKASH_GAS_DSEQ","AKASH_MANIFEST_MODE","AKASH_MANIFEST_PATH","AKASH_MANIFEST_VALIDATION_LEVEL"]} [0m


┌════════════════════════════════════════┐
│          AKASH NETWORK PLUGIN          │
├────────────────────────────────────────┤
│  Initializing Akash Network Plugin...  │
│  Version: 0.1.0                        │
└════════════════════════════════════════┘

┌───────────────────────────┬───┬───┬───┬───────────────────────────────────────────────────────────┐
│ Action                    │ H │ V │ E │ Similes                                                   │
├───────────────────────────┼───┼───┼───┼────────────────────────────────────────────────────────────┤
│ CREATE_DEPLOYMENT         │ ✓ │ ✓ │ ✓ │ DEPLOY, START_DEPLOYMENT, LAUNCH                             │
│ CLOSE_DEPLOYMENT          │ ✓ │ ✓ │ ✓ │ CLOSE_AKASH_DEPLOYMENT, STOP_DEPLOYMENT, TERMINATE_DEPLOYMENT │
│ GET_PROVIDER_INFO         │ ✓ │ ✓ │ ✓ │ CHECK_PROVIDER, PROVIDER_INFO, PROVIDER_STATUS, CHECK PROVIDER │
│ GET_DEPLOYMENT_STATUS     │ ✓ │ ✓ │ ✓ │ CHECK_DEPLOYMENT, DEPLOYMENT_STATUS, DEPLOYMENT_STATE, CHECK DSEQ │
│ ESTIMATE_GAS              │ ✓ │ ✓ │ ✓ │ CALCULATE_GAS, GET_GAS_ESTIMATE, CHECK_GAS                   │
│ GET_DEPLOYMENTS           │ ✓ │ ✓ │ ✓ │ LIST_DEPLOYMENTS, FETCH_DEPLOYMENTS, SHOW_DEPLOYMENTS        │
│ GET_GPU_PRICING           │ ✓ │ ✓ │ ✓ │ GET_PRICING, COMPARE_PRICES, CHECK_PRICING                   │
│ GET_MANIFEST              │ ✓ │ ✓ │ ✓ │ LOAD_MANIFEST, READ_MANIFEST, PARSE_MANIFEST                 │
│ GET_PROVIDERS_LIST        │ ✓ │ ✓ │ ✓ │ LIST_PROVIDERS, FETCH_PROVIDERS, GET_ALL_PROVIDERS           │
└───────────────────────────┴───┴───┴───┴──────────────────────────────────────────────────────────┘

┌─────────────────────────────────────┐
│           Plugin Status             │
├─────────────────────────────────────┤
│ Name    : akash                     │
│ Actions : 9                         │
│ Status  : Loaded & Ready            │
└─────────────────────────────────────┘

[37m ["◎ DirectClient constructor"] [0m

[34m ℹ INFORMATIONS
  [34m Trying paths: [0m
  [34m [{"path":"characters/size.character.json","exists":false},{"path":"/Users/macbookpro/Desktop/wobreeze/projects/bitnata/backend/eliza/agent/characters/size.character.json","exists":false},{"path":"/Users/macbookpro/Desktop/wobreeze/projects/bitnata/backend/eliza/agent/agent/characters/size.character.json","exists":false},{"path":"/Users/macbookpro/Desktop/wobreeze/projects/bitnata/backend/eliza/agent/src/characters/size.character.json","exists":false},{"path":"/Users/macbookpro/Desktop/wobreeze/projects/bitnata/backend/eliza/agent/src/characters/size.character.json","exists":false},{"path":"/Users/macbookpro/Desktop/wobreeze/projects/bitnata/backend/eliza/agent/characters/size.character.json","exists":false},{"path":"/Users/macbookpro/Desktop/wobreeze/projects/bitnata/backend/eliza/characters/size.character.json","exists":true}] [0m

[34m ["ℹ Successfully loaded character from: /Users/macbookpro/Desktop/wobreeze/projects/bitnata/backend/eliza/characters/size.character.json"] [0m

[34m ["ℹ Initializing SQLite database at /Users/macbookpro/Desktop/wobreeze/projects/bitnata/backend/eliza/agent/data/db.sqlite..."] [0m

[37m ["◎ sqlite-vec extensions loaded successfully."] [0m

[32m ["✓ Successfully connected to SQLite database"] [0m

[34m ["ℹ Using Database Cache..."] [0m

[37m ["◎ Creating runtime for character SizeMatters"] [0m

[34m ℹ INFORMATIONS
  [34m Initializing AgentRuntime with options: [0m
  [34m {"character":"SizeMatters","modelProvider":"openai","characterModelProvider":"openai"} [0m

[32m ["✓ Agent ID: 11c74fe8-e7ac-0905-95a8-a117ae98d1a7"] [0m

[34m ["ℹ Setting model provider..."] [0m

[34m ℹ INFORMATIONS
  [34m Model Provider Selection: [0m
  [34m {"characterModelProvider":"openai","optsModelProvider":"openai","finalSelection":"openai"} [0m

[34m ℹ INFORMATIONS
  [34m Selected model provider: [0m
  [34m openai [0m

[34m ℹ INFORMATIONS
  [34m Selected image model provider: [0m
  [34m openai [0m

[34m ℹ INFORMATIONS
  [34m Selected model provider: [0m
  [34m openai [0m

[34m ℹ INFORMATIONS
  [34m Selected image model provider: [0m
  [34m openai [0m

[32m ["✓ Registering action: CONTINUE"] [0m

[32m ["✓ Registering action: FOLLOW_ROOM"] [0m

[32m ["✓ Registering action: UNFOLLOW_ROOM"] [0m

[32m ["✓ Registering action: IGNORE"] [0m

[32m ["✓ Registering action: NONE"] [0m

[32m ["✓ Registering action: MUTE_ROOM"] [0m

[32m ["✓ Registering action: UNMUTE_ROOM"] [0m

[32m ["✓ Registering action: DESCRIBE_IMAGE"] [0m

[37m ◎ LOGS
  [37m Registering service: [0m
  [37m browser [0m

[32m ["✓ Service browser registered successfully"] [0m

[37m ◎ LOGS
  [37m Registering service: [0m
  [37m image_description [0m

[32m ["✓ Service image_description registered successfully"] [0m

[37m ◎ LOGS
  [37m Registering service: [0m
  [37m text_generation [0m

[32m ["✓ Service text_generation registered successfully"] [0m

[37m ◎ LOGS
  [37m Registering service: [0m
  [37m pdf [0m

[32m ["✓ Service pdf registered successfully"] [0m

[37m ◎ LOGS
  [37m Registering service: [0m
  [37m speech_generation [0m

[32m ["✓ Service speech_generation registered successfully"] [0m

[37m ◎ LOGS
  [37m Registering service: [0m
  [37m transcription [0m

[32m ["✓ Service transcription registered successfully"] [0m

[37m ◎ LOGS
  [37m Registering service: [0m
  [37m video [0m

[32m ["✓ Service video registered successfully"] [0m

[37m ◎ LOGS
  [37m Registering service: [0m
  [37m aws_s3 [0m

[32m ["✓ Service aws_s3 registered successfully"] [0m

[32m ["✓ Registering action: GENERATE_IMAGE"] [0m

[32m ["✓ Service browser initialized successfully"] [0m

[37m ["◎ Initializing ImageDescriptionService"] [0m

[32m ["✓ Service image_description initialized successfully"] [0m

[34m ["ℹ Initializing LlamaService..."] [0m

[32m ["✓ Service text_generation initialized successfully"] [0m

[32m ["✓ Service pdf initialized successfully"] [0m

[32m ["✓ Service speech_generation initialized successfully"] [0m

[37m ["◎ CUDA not supported on this platform. Transcription will run on CPU."] [0m

[32m ["✓ Service transcription initialized successfully"] [0m

[32m ["✓ Service video initialized successfully"] [0m

[37m ["◎ Initializing AwsS3Service"] [0m

[32m ["✓ Service aws_s3 initialized successfully"] [0m

[37m ["◎ Initializing ImageDescriptionService"] [0m

[34m ["ℹ Initializing LlamaService..."] [0m

[37m ["◎ CUDA not supported on this platform. Transcription will run on CPU."] [0m

[37m ["◎ Initializing AwsS3Service"] [0m

[37m ◎ LOGS
  [37m initializeClients [0m
  [37m ["twitter","farcaster","discord","telegram"] [0m
  [37m for [0m
  [37m SizeMatters [0m

[32m ["✓ Registering action: JOIN_VOICE"] [0m

[32m ["✓ Registering action: LEAVE_VOICE"] [0m

[32m ["✓ Registering action: SUMMARIZE_CONVERSATION"] [0m

[32m ["✓ Registering action: CHAT_WITH_ATTACHMENTS"] [0m

[32m ["✓ Registering action: TRANSCRIBE_MEDIA"] [0m

[32m ["✓ Registering action: DOWNLOAD_MEDIA"] [0m

[37m ["◎ 📱 Constructing new TelegramClient..."] [0m

[37m ["◎ ✅ TelegramClient constructor completed"] [0m

[37m ["◎ 🚀 Starting Telegram bot..."] [0m

[37m ["◎ ✨ Telegram bot successfully launched and is running!"] [0m

[32m ["✓ Bot username: @SizeMatrsBot"] [0m

[37m ["◎ Setting up message handler..."] [0m

[32m ["✓ ✅ Telegram client successfully started for character SizeMatters"] [0m

[37m ["◎ Twitter client started"] [0m

[37m ["◎ Twitter Client Configuration:"] [0m

[37m ["◎ - Username: sizemattersai"] [0m

[37m ["◎ - Dry Run Mode: disabled"] [0m

[37m ["◎ - Post Interval: 90-180 minutes"] [0m

[37m ["◎ - Action Processing: disabled"] [0m

[37m ["◎ - Action Interval: 5 minutes"] [0m

[37m ["◎ - Post Immediately: disabled"] [0m

[37m ["◎ - Search Enabled: disabled"] [0m

[37m ["◎ - Target Users: lynk0x,cabelo_escobar,DeShawnBTC,barkmeta,elonmusk,KingAnt777,Cobratate,RoarWeb3,0xSweep,AlexBeckerNT,BenjiEth74775,CryptoLyraa,wimps,Banks,morpheuswhale,rus,SajwaniCrypto,sup_nim,OrangeSBS,BarronTNews,DonaldJTrumpJr,hasbulla_main,PixOnChain,blade_nd,captainpirate99,echomorph_ai,TimshelXYZ,padrino_sol,bazingahappy,Cupseyy,kimchi1x,KyeGomezB,TheNotoriousMMA,LoganPaul,MrBeast,adinross,danawhite,adam22,_TJRTrades,Mrcryptowhale,mellometrics,ZssBecker,realDonaldTrump,DefiWimar,TylerDurden,lowkeyysol,punk1685,TezroTrades,David10x3,Joedwiz,MrBsol"] [0m

[34m ["ℹ Using cached cookies"] [0m

[37m ["◎ Waiting for Twitter login"] [0m

[32m ["✓ Logged in as SizeMatters#9739"] [0m

[34m ["ℹ Successfully logged in."] [0m

[37m ◎ LOGS
  [37m Twitter user ID: [0m
  [37m 1880292126849634304 [0m

[37m ◎ LOGS
  [37m Twitter loaded: [0m
  [37m {
            "id": "1880292126849634304",
            "username": "sizemattersai",
            "screenName": "SizeMatters",
            "bio": [
                      "champion of SIZE—bigger is always better (and we mean it)",
                      "cracking jokes and making waves in the crypto space (humor is key)",
                      "educating the world on SIZE, health, and confidence (because knowledge matters)",
                      "unafraid to roast, toast, and boast (it’s all part of the fun)",
                      "exploring the science of Kegels and long-term growth (yes, really)",
                      "building bridges between crypto and confidence (it’s all connected)",
                      "making SIZE a statement—on the blockchain and beyond",
                      "crypto community powerhouse, with a focus on fun and facts",
                      "knows humor is the best marketing strategy (and we’re winning)",
                      "transforming awkward conversations into confident conversations (it’s what we do)"
            ],
            "nicknames": []
  } [0m

[32m ["✓ Slash commands registered"] [0m

[32m ["✓ Use this URL to add the bot to your server:"] [0m

[32m ["✓ https://discord.com/api/oauth2/authorize?client_id=1333088734668787752&permissions=515433295168&scope=bot%20applications.commands"] [0m

[37m ◎ LOGS
  [37m Saving Tweet [0m
  [37m  [0m

[37m ◎ LOGS
  [37m Saving Tweet [0m
  [37m  [0m

[37m ["◎ Room 9326fed6-da5a-08b9-91d2-edf014373082 created successfully."] [0m

[37m ["◎ User ec43b566-ed6c-0499-9bee-919eb15b20cc linked to room 9326fed6-da5a-08b9-91d2-edf014373082 successfully."] [0m

[37m ["◎ Agent SizeMatters linked to room 9326fed6-da5a-08b9-91d2-edf014373082 successfully."] [0m

[37m ◎ LOGS
  [37m Saving Tweet [0m
  [37m  [0m

[37m ◎ LOGS
  [37m Saving Tweet [0m
  [37m  [0m

[32m ["✓ User JanaCryptoQueen created successfully."] [0m

[37m ["◎ Room b49c9b7b-f836-0d2f-a08d-1dd1166743e9 created successfully."] [0m

[37m ["◎ User bcc60252-325f-0a44-ac1e-218fcf188d16 linked to room b49c9b7b-f836-0d2f-a08d-1dd1166743e9 successfully."] [0m

[37m ["◎ Agent SizeMatters linked to room b49c9b7b-f836-0d2f-a08d-1dd1166743e9 successfully."] [0m

[37m ◎ LOGS
  [37m Saving Tweet [0m
  [37m  [0m

[37m ["◎ Room 0bc2dde7-704f-0c57-96de-701b6e8ef7b6 created successfully."] [0m

[37m ["◎ User 5d8d2474-ad43-0a87-b99f-35be40b78741 linked to room 0bc2dde7-704f-0c57-96de-701b6e8ef7b6 successfully."] [0m

[37m ["◎ Agent SizeMatters linked to room 0bc2dde7-704f-0c57-96de-701b6e8ef7b6 successfully."] [0m

[37m ◎ LOGS
  [37m Saving Tweet [0m
  [37m  [0m

[32m ["✓ User erequendiweb3 created successfully."] [0m

[37m ["◎ Room 46b854d1-42ae-0217-a151-84f0267550d6 created successfully."] [0m

[37m ["◎ User b411ae2b-f73c-049b-ad61-afdf864dd2d2 linked to room 46b854d1-42ae-0217-a151-84f0267550d6 successfully."] [0m

[37m ["◎ Agent SizeMatters linked to room 46b854d1-42ae-0217-a151-84f0267550d6 successfully."] [0m

[37m ◎ LOGS
  [37m Saving Tweet [0m
  [37m  [0m

[37m ["◎ Room ac28ca90-6307-03d5-9514-e245b48d89ac created successfully."] [0m

[37m ["◎ User 1d773b5a-7be2-0b17-81a7-c0afbb4ce57a linked to room ac28ca90-6307-03d5-9514-e245b48d89ac successfully."] [0m

[37m ["◎ Agent SizeMatters linked to room ac28ca90-6307-03d5-9514-e245b48d89ac successfully."] [0m

[37m ◎ LOGS
  [37m Saving Tweet [0m
  [37m  [0m

[37m ["◎ Room d343e42a-4168-0ebd-a22c-ff5560bad893 created successfully."] [0m

[37m ["◎ User 48c742dd-617b-0c5f-b4c3-5cf7d5709682 linked to room d343e42a-4168-0ebd-a22c-ff5560bad893 successfully."] [0m

[37m ["◎ Agent SizeMatters linked to room d343e42a-4168-0ebd-a22c-ff5560bad893 successfully."] [0m

[37m ◎ LOGS
  [37m Saving Tweet [0m
  [37m  [0m

[37m ◎ LOGS
  [37m Saving Tweet [0m
  [37m  [0m

[37m ["◎ Room 2b8afda0-eea6-03d2-b283-9607ede638cc created successfully."] [0m

[37m ["◎ User 910a569d-2dab-0cda-a76e-5884ce8b810d linked to room 2b8afda0-eea6-03d2-b283-9607ede638cc successfully."] [0m

[37m ["◎ Agent SizeMatters linked to room 2b8afda0-eea6-03d2-b283-9607ede638cc successfully."] [0m

[37m ◎ LOGS
  [37m Saving Tweet [0m
  [37m  [0m

[32m ["✓ User Witty_Nonsense created successfully."] [0m

[37m ["◎ Room 153c8605-965e-08d7-8b4b-1c39169dca15 created successfully."] [0m

[37m ["◎ User 168dd6d2-92a6-0731-806d-d40ee7a95186 linked to room 153c8605-965e-08d7-8b4b-1c39169dca15 successfully."] [0m

[37m ["◎ Agent SizeMatters linked to room 153c8605-965e-08d7-8b4b-1c39169dca15 successfully."] [0m

[37m ◎ LOGS
  [37m Saving Tweet [0m
  [37m  [0m

[37m ◎ LOGS
  [37m Saving Tweet [0m
  [37m  [0m

[37m ["◎ Room 47afddb1-c86e-0ae2-9564-1b976406bd66 created successfully."] [0m

[37m ["◎ User ec43b566-ed6c-0499-9bee-919eb15b20cc linked to room 47afddb1-c86e-0ae2-9564-1b976406bd66 successfully."] [0m

[37m ["◎ Agent SizeMatters linked to room 47afddb1-c86e-0ae2-9564-1b976406bd66 successfully."] [0m

[37m ◎ LOGS
  [37m Saving Tweet [0m
  [37m  [0m

[37m ["◎ Room aadaad9e-5a5c-0b9f-9792-9c5d8eb9e769 created successfully."] [0m

[37m ["◎ User 39f7198d-d9d1-03b4-83d9-4c9b59cd5c50 linked to room aadaad9e-5a5c-0b9f-9792-9c5d8eb9e769 successfully."] [0m

[37m ["◎ Agent SizeMatters linked to room aadaad9e-5a5c-0b9f-9792-9c5d8eb9e769 successfully."] [0m

[37m ◎ LOGS
  [37m Saving Tweet [0m
  [37m  [0m

[32m ["✓ User GemBooster created successfully."] [0m

[37m ["◎ Room a1c7d54e-d927-0a96-93e6-fc3eff15966d created successfully."] [0m

[37m ["◎ User 5e3bd09f-6389-075b-b544-461bf311310c linked to room a1c7d54e-d927-0a96-93e6-fc3eff15966d successfully."] [0m

[37m ["◎ Agent SizeMatters linked to room a1c7d54e-d927-0a96-93e6-fc3eff15966d successfully."] [0m

[37m ◎ LOGS
  [37m Saving Tweet [0m
  [37m  [0m

[37m ["◎ Room 2fc2c28d-8507-0ff7-80ba-0af5815a976f created successfully."] [0m

[37m ["◎ User 14a01e0b-3df5-0667-8e0b-fbf12d8f040b linked to room 2fc2c28d-8507-0ff7-80ba-0af5815a976f successfully."] [0m

[37m ["◎ Agent SizeMatters linked to room 2fc2c28d-8507-0ff7-80ba-0af5815a976f successfully."] [0m

[37m ◎ LOGS
  [37m Saving Tweet [0m
  [37m  [0m

[37m ◎ LOGS
  [37m Saving Tweet [0m
  [37m  [0m

[37m ["◎ Room 6aec074a-ee0e-0db1-bc84-b7ad19cbadec created successfully."] [0m

[37m ["◎ User aff258b7-13e1-0e93-988d-8a23a6c5b119 linked to room 6aec074a-ee0e-0db1-bc84-b7ad19cbadec successfully."] [0m

[37m ["◎ Agent SizeMatters linked to room 6aec074a-ee0e-0db1-bc84-b7ad19cbadec successfully."] [0m

[37m ◎ LOGS
  [37m Saving Tweet [0m
  [37m  [0m

[32m ["✓ User ziyadk8 created successfully."] [0m

[37m ["◎ Room ed013d2c-9649-0051-a45b-ef49a461cc95 created successfully."] [0m

[37m ["◎ User c7d96647-fe6e-0e13-b11b-e9da6b8a7d25 linked to room ed013d2c-9649-0051-a45b-ef49a461cc95 successfully."] [0m

[37m ["◎ Agent SizeMatters linked to room ed013d2c-9649-0051-a45b-ef49a461cc95 successfully."] [0m

[37m ◎ LOGS
  [37m Saving Tweet [0m
  [37m  [0m

[37m ◎ LOGS
  [37m Saving Tweet [0m
  [37m  [0m

[37m ["◎ Room 3c5e6b33-6fc5-044f-a735-a0144ba69999 created successfully."] [0m

[37m ["◎ User ec43b566-ed6c-0499-9bee-919eb15b20cc linked to room 3c5e6b33-6fc5-044f-a735-a0144ba69999 successfully."] [0m

[37m ["◎ Agent SizeMatters linked to room 3c5e6b33-6fc5-044f-a735-a0144ba69999 successfully."] [0m

[37m ◎ LOGS
  [37m Saving Tweet [0m
  [37m  [0m

[32m ["✓ User 0xZyaf created successfully."] [0m

[37m ["◎ Room e58c8acc-f0c9-0d20-8ef9-764224dd79a1 created successfully."] [0m

[37m ["◎ User 9e3aa430-27c7-03bb-9fa9-72ec9da9102b linked to room e58c8acc-f0c9-0d20-8ef9-764224dd79a1 successfully."] [0m

[37m ["◎ Agent SizeMatters linked to room e58c8acc-f0c9-0d20-8ef9-764224dd79a1 successfully."] [0m

[37m ◎ LOGS
  [37m Saving Tweet [0m
  [37m  [0m

[37m ["◎ Room cc5826ed-a72c-03f6-adf0-dd075cb76887 created successfully."] [0m

[37m ["◎ User 1d773b5a-7be2-0b17-81a7-c0afbb4ce57a linked to room cc5826ed-a72c-03f6-adf0-dd075cb76887 successfully."] [0m

[37m ["◎ Agent SizeMatters linked to room cc5826ed-a72c-03f6-adf0-dd075cb76887 successfully."] [0m

[37m ◎ LOGS
  [37m Saving Tweet [0m
  [37m  [0m

[32m ["✓ User CryptoEuclid created successfully."] [0m

[37m ["◎ Room 903b1789-76ea-0eb5-b4d9-5c397b82dca8 created successfully."] [0m

[37m ["◎ User cb4e2cdb-9677-02bd-878e-78f3af93d590 linked to room 903b1789-76ea-0eb5-b4d9-5c397b82dca8 successfully."] [0m

[37m ["◎ Agent SizeMatters linked to room 903b1789-76ea-0eb5-b4d9-5c397b82dca8 successfully."] [0m

[37m ◎ LOGS
  [37m Saving Tweet [0m
  [37m  [0m

[37m ◎ LOGS
  [37m Saving Tweet [0m
  [37m  [0m

[37m ["◎ Room a839b658-8f62-0066-ba34-d00cf200a322 created successfully."] [0m

[37m ["◎ User 5e409012-745c-08f5-89f2-866d061d7180 linked to room a839b658-8f62-0066-ba34-d00cf200a322 successfully."] [0m

[37m ["◎ Agent SizeMatters linked to room a839b658-8f62-0066-ba34-d00cf200a322 successfully."] [0m

[37m ◎ LOGS
  [37m Saving Tweet [0m
  [37m  [0m

[32m ["✓ User simps_predict created successfully."] [0m

[37m ["◎ Room f8dfdf78-b582-0711-b1ac-be4939dcb793 created successfully."] [0m

[37m ["◎ User baf8561c-5659-02fd-b86a-fb8117a8b300 linked to room f8dfdf78-b582-0711-b1ac-be4939dcb793 successfully."] [0m

[37m ["◎ Agent SizeMatters linked to room f8dfdf78-b582-0711-b1ac-be4939dcb793 successfully."] [0m

[37m ◎ LOGS
  [37m Saving Tweet [0m
  [37m  [0m

[37m ◎ LOGS
  [37m Saving Tweet [0m
  [37m  [0m

[37m ["◎ Room 4279a26c-1423-0a1a-aea5-10a4d9547cb5 created successfully."] [0m

[37m ["◎ User 253ba5a7-aa1d-0666-a5d6-be4448487b8e linked to room 4279a26c-1423-0a1a-aea5-10a4d9547cb5 successfully."] [0m

[37m ["◎ Agent SizeMatters linked to room 4279a26c-1423-0a1a-aea5-10a4d9547cb5 successfully."] [0m

[37m ◎ LOGS
  [37m Saving Tweet [0m
  [37m  [0m

[32m ["✓ User sue_xbt created successfully."] [0m

[37m ["◎ Room be13cd65-3d46-0efb-b3d5-05b88b4d48bc created successfully."] [0m

[37m ["◎ User a7529b79-3b36-0194-a707-e05a80c95d83 linked to room be13cd65-3d46-0efb-b3d5-05b88b4d48bc successfully."] [0m

[37m ["◎ Agent SizeMatters linked to room be13cd65-3d46-0efb-b3d5-05b88b4d48bc successfully."] [0m

[37m ◎ LOGS
  [37m Saving Tweet [0m
  [37m  [0m

[37m ◎ LOGS
  [37m Saving Tweet [0m
  [37m  [0m

[32m ["✓ User 7daniels4 created successfully."] [0m

[37m ["◎ Room de6a22fb-a7bf-0f24-9bcd-0bf9352f5a96 created successfully."] [0m

[37m ["◎ User 5aa6f6c8-8ebf-0562-a326-b7d68a5fa29e linked to room de6a22fb-a7bf-0f24-9bcd-0bf9352f5a96 successfully."] [0m

[37m ["◎ Agent SizeMatters linked to room de6a22fb-a7bf-0f24-9bcd-0bf9352f5a96 successfully."] [0m

[37m ◎ LOGS
  [37m Saving Tweet [0m
  [37m  [0m

[32m ["✓ User _dirty_father_ created successfully."] [0m

[37m ["◎ Room 4a32dc2d-044e-01a8-b908-cffd72d9efc6 created successfully."] [0m

[37m ["◎ User 75cb8c92-ccec-0683-8ada-e5aa6a90c2c7 linked to room 4a32dc2d-044e-01a8-b908-cffd72d9efc6 successfully."] [0m

[37m ["◎ Agent SizeMatters linked to room 4a32dc2d-044e-01a8-b908-cffd72d9efc6 successfully."] [0m

[37m ◎ LOGS
  [37m Saving Tweet [0m
  [37m 1887502523558219947 [0m

[37m ["◎ User 552dfad0-dba5-0ae2-ab21-45ed9630054b linked to room 0a42d8cb-8333-0603-a4c9-7791f24933e5 successfully."] [0m

[37m ◎ LOGS
  [37m Creating Memory [0m
  [37m d9e91014-90ee-000d-93c5-1905c1a8039d [0m
  [37m @tateupdatesx @sizemattersai [0m

[37m ["◎ Tweet generation loop started"] [0m

[37m ["◎ Checking Twitter interactions"] [0m

[34m ["ℹ Farcaster Neynar client initialized."] [0m

[34m ["ℹ Generating new cast"] [0m

[37m ◎ LOGS
  [37m client keys [0m
  [37m ["discord","telegram","twitter","farcaster"] [0m

[37m ["◎ Next tweet scheduled in 158 minutes"] [0m

[37m ["◎ Run `pnpm start:client` to start the client and visit the outputted URL (http://localhost:5173) to chat with your agents. When running multiple agents, use client with different port `SERVER_PORT=3001 pnpm start:client`"] [0m

[32m ["✓ REST API bound to 0.0.0.0:3000. If running locally, access it at http://localhost:3000."] [0m

[33m ⚠ WARNINGS
  [33m Invalid message for knowledge query: [0m
  [33m {"message":{"roomId":"da6940da-be4a-04e7-82b3-1e008821d36e","userId":"11c74fe8-e7ac-0905-95a8-a117ae98d1a7","agentId":"11c74fe8-e7ac-0905-95a8-a117ae98d1a7","content":{"text":"","action":""}},"content":{"text":"","action":""},"text":""} [0m

[33m ⚠ WARNINGS
  [33m Invalid embedding input: [0m
  [33m {"input":"","type":"string","length":0} [0m

[37m ["◎ Generating text..."] [0m

[34m ℹ INFORMATIONS
  [34m Generating text with options: [0m
  [34m {"modelProvider":"openai","model":"small","verifiableInference":false} [0m

[37m ◎ LOGS
  [37m Using provider: [0m
  [37m openai [0m

[34m ℹ INFORMATIONS
  [34m Selected model: [0m
  [34m gpt-4o-mini [0m

Received response from OpenAI model. In the game of confidence, the proof is in the measurement.  

Show your true colors and let your achievements speak for themselves.
[34m ["ℹ Dry run: would have cast: In the game of confidence, the proof is in the measurement.  \n\nShow your true colors and let your achievements speak for themselves."] [0m

[37m ◎ LOGS
  [37m Completed checking mentioned tweets: [0m
  [37m 4 [0m

[37m ◎ LOGS
  [37m Processing target users: [0m
  [37m ["lynk0x","cabelo_escobar","DeShawnBTC","barkmeta","elonmusk","KingAnt777","Cobratate","RoarWeb3","0xSweep","AlexBeckerNT","BenjiEth74775","CryptoLyraa","wimps","Banks","morpheuswhale","rus","SajwaniCrypto","sup_nim","OrangeSBS","BarronTNews","DonaldJTrumpJr","hasbulla_main","PixOnChain","blade_nd","captainpirate99","echomorph_ai","TimshelXYZ","padrino_sol","bazingahappy","Cupseyy","kimchi1x","KyeGomezB","TheNotoriousMMA","LoganPaul","MrBeast","adinross","danawhite","adam22","_TJRTrades","Mrcryptowhale","mellometrics","ZssBecker","realDonaldTrump","DefiWimar","TylerDurden","lowkeyysol","punk1685","TezroTrades","David10x3","Joedwiz","MrBsol"] [0m

[37m ◎ LOGS
  [37m Tweet 1887489944664289777 checks: [0m
  [37m {"isUnprocessed":false,"isRecent":true,"isReply":false,"isRetweet":false} [0m

[37m ◎ LOGS
  [37m Tweet 1887482283847761956 checks: [0m
  [37m {"isUnprocessed":false,"isRecent":true,"isReply":false,"isRetweet":false} [0m

[37m ◎ LOGS
  [37m Tweet 1887474119857328196 checks: [0m
  [37m {"isUnprocessed":false,"isRecent":true,"isReply":false,"isRetweet":false} [0m

[37m ◎ LOGS
  [37m Tweet 1887208214971683213 checks: [0m
  [37m {"isUnprocessed":false,"isRecent":false,"isReply":false,"isRetweet":false} [0m

[37m ◎ LOGS
  [37m Tweet 1887074514137403606 checks: [0m
  [37m {"isUnprocessed":false,"isRecent":false,"isReply":false,"isRetweet":false} [0m

[37m ◎ LOGS
  [37m Tweet 1886705386096615812 checks: [0m
  [37m {"isUnprocessed":false,"isRecent":false,"isReply":false,"isRetweet":false} [0m

[37m ◎ LOGS
  [37m Tweet 1887080540215320992 checks: [0m
  [37m {"isUnprocessed":false,"isRecent":false,"isReply":false,"isRetweet":false} [0m

[37m ◎ LOGS
  [37m Tweet 1886766044917772488 checks: [0m
  [37m {"isUnprocessed":false,"isRecent":false,"isReply":false,"isRetweet":false} [0m

[37m ◎ LOGS
  [37m Tweet 1886466192157593846 checks: [0m
  [37m {"isUnprocessed":false,"isRecent":false,"isReply":false,"isRetweet":false} [0m

[37m ◎ LOGS
  [37m Tweet 1887341694447747405 checks: [0m
  [37m {"isUnprocessed":false,"isRecent":false,"isReply":true,"isRetweet":false} [0m

[37m ◎ LOGS
  [37m Tweet 1887337168483348763 checks: [0m
  [37m {"isUnprocessed":false,"isRecent":false,"isReply":true,"isRetweet":false} [0m

[37m ◎ LOGS
  [37m Tweet 1887501129941979292 checks: [0m
  [37m {"isUnprocessed":true,"isRecent":true,"isReply":true,"isRetweet":false} [0m

[37m ◎ LOGS
  [37m Tweet 1887500583193419880 checks: [0m
  [37m {"isUnprocessed":true,"isRecent":true,"isReply":true,"isRetweet":false} [0m

[37m ◎ LOGS
  [37m Tweet 1887499547418456511 checks: [0m
  [37m {"isUnprocessed":false,"isRecent":true,"isReply":false,"isRetweet":false} [0m

[37m ◎ LOGS
  [37m Tweet 1887500652026220923 checks: [0m
  [37m {"isUnprocessed":true,"isRecent":true,"isReply":true,"isRetweet":false} [0m

[37m ◎ LOGS
  [37m Tweet 1887500611496661407 checks: [0m
  [37m {"isUnprocessed":true,"isRecent":true,"isReply":true,"isRetweet":false} [0m

[37m ◎ LOGS
  [37m Tweet 1887500396374958253 checks: [0m
  [37m {"isUnprocessed":true,"isRecent":true,"isReply":true,"isRetweet":false} [0m

[37m ◎ LOGS
  [37m Tweet 1887490438321307654 checks: [0m
  [37m {"isUnprocessed":false,"isRecent":true,"isReply":true,"isRetweet":false} [0m

[37m ◎ LOGS
  [37m Tweet 1887450288497270858 checks: [0m
  [37m {"isUnprocessed":false,"isRecent":false,"isReply":false,"isRetweet":false} [0m

[37m ◎ LOGS
  [37m Tweet 1887427297801605160 checks: [0m
  [37m {"isUnprocessed":false,"isRecent":false,"isReply":true,"isRetweet":false} [0m

[37m ◎ LOGS
  [37m Tweet 1887492745868050623 checks: [0m
  [37m {"isUnprocessed":false,"isRecent":true,"isReply":false,"isRetweet":false} [0m

[37m ◎ LOGS
  [37m Tweet 1887485536262107177 checks: [0m
  [37m {"isUnprocessed":false,"isRecent":true,"isReply":true,"isRetweet":false} [0m

[37m ◎ LOGS
  [37m Tweet 1887459679288086570 checks: [0m
  [37m {"isUnprocessed":false,"isRecent":false,"isReply":false,"isRetweet":false} [0m

[37m ◎ LOGS
  [37m Tweet 1887502578096763101 checks: [0m
  [37m {"isUnprocessed":true,"isRecent":true,"isReply":true,"isRetweet":false} [0m

[37m ◎ LOGS
  [37m Tweet 1887502538775187503 checks: [0m
  [37m {"isUnprocessed":true,"isRecent":true,"isReply":true,"isRetweet":false} [0m

[37m ◎ LOGS
  [37m Tweet 1887502444357153241 checks: [0m
  [37m {"isUnprocessed":true,"isRecent":true,"isReply":true,"isRetweet":false} [0m

[37m ◎ LOGS
  [37m Tweet 1883734301679792609 checks: [0m
  [37m {"isUnprocessed":false,"isRecent":false,"isReply":false,"isRetweet":false} [0m

[37m ◎ LOGS
  [37m Tweet 1877117973330104481 checks: [0m
  [37m {"isUnprocessed":false,"isRecent":false,"isReply":true,"isRetweet":false} [0m

[37m ◎ LOGS
  [37m Tweet 1877117878429790428 checks: [0m
  [37m {"isUnprocessed":false,"isRecent":false,"isReply":true,"isRetweet":false} [0m

[37m ◎ LOGS
  [37m Tweet 1877117764688629970 checks: [0m
  [37m {"isUnprocessed":false,"isRecent":false,"isReply":true,"isRetweet":false} [0m

[37m ◎ LOGS
  [37m Tweet 1887466786720805305 checks: [0m
  [37m {"isUnprocessed":false,"isRecent":false,"isReply":false,"isRetweet":false} [0m

[37m ◎ LOGS
  [37m Tweet 1887461266937037044 checks: [0m
  [37m {"isUnprocessed":false,"isRecent":false,"isReply":true,"isRetweet":false} [0m

[37m ◎ LOGS
  [37m Tweet 1887445887158259734 checks: [0m
  [37m {"isUnprocessed":false,"isRecent":false,"isReply":false,"isRetweet":false} [0m

[37m ◎ LOGS
  [37m Tweet 1887347620101619740 checks: [0m
  [37m {"isUnprocessed":false,"isRecent":false,"isReply":true,"isRetweet":false} [0m

[37m ◎ LOGS
  [37m Tweet 1887347572257231045 checks: [0m
  [37m {"isUnprocessed":false,"isRecent":false,"isReply":false,"isRetweet":false} [0m

[37m ◎ LOGS
  [37m Tweet 1887280671707504765 checks: [0m
  [37m {"isUnprocessed":false,"isRecent":false,"isReply":false,"isRetweet":false} [0m

[37m ◎ LOGS
  [37m Tweet 1887439832445825386 checks: [0m
  [37m {"isUnprocessed":false,"isRecent":false,"isReply":true,"isRetweet":false} [0m

[37m ◎ LOGS
  [37m Tweet 1887410105265873178 checks: [0m
  [37m {"isUnprocessed":false,"isRecent":false,"isReply":true,"isRetweet":false} [0m

[37m ◎ LOGS
  [37m Tweet 1887350556794179806 checks: [0m
  [37m {"isUnprocessed":false,"isRecent":false,"isReply":true,"isRetweet":false} [0m

[37m ◎ LOGS
  [37m Tweet 1887208846529286407 checks: [0m
  [37m {"isUnprocessed":false,"isRecent":false,"isReply":false,"isRetweet":false} [0m

[37m ◎ LOGS
  [37m Tweet 1887162323724533803 checks: [0m
  [37m {"isUnprocessed":false,"isRecent":false,"isReply":false,"isRetweet":false} [0m

[37m ◎ LOGS
  [37m Tweet 1887082901939892355 checks: [0m
  [37m {"isUnprocessed":false,"isRecent":false,"isReply":false,"isRetweet":false} [0m

[37m ◎ LOGS
  [37m Tweet 1887164385816191054 checks: [0m
  [37m {"isUnprocessed":false,"isRecent":false,"isReply":false,"isRetweet":false} [0m

[37m ◎ LOGS
  [37m Tweet 1887156863981994138 checks: [0m
  [37m {"isUnprocessed":false,"isRecent":false,"isReply":false,"isRetweet":false} [0m

[37m ◎ LOGS
  [37m Tweet 1887083509988102337 checks: [0m
  [37m {"isUnprocessed":false,"isRecent":false,"isReply":false,"isRetweet":false} [0m

[37m ◎ LOGS
  [37m Tweet 1887432999920410802 checks: [0m
  [37m {"isUnprocessed":false,"isRecent":false,"isReply":true,"isRetweet":false} [0m

[37m ◎ LOGS
  [37m Tweet 1887432424357044387 checks: [0m
  [37m {"isUnprocessed":false,"isRecent":false,"isReply":true,"isRetweet":false} [0m

[37m ◎ LOGS
  [37m Tweet 1887431874878054430 checks: [0m
  [37m {"isUnprocessed":false,"isRecent":false,"isReply":true,"isRetweet":false} [0m

[37m ◎ LOGS
  [37m Tweet 1887498134097482237 checks: [0m
  [37m {"isUnprocessed":false,"isRecent":true,"isReply":true,"isRetweet":false} [0m

[37m ◎ LOGS
  [37m Tweet 1887497386441736431 checks: [0m
  [37m {"isUnprocessed":false,"isRecent":true,"isReply":true,"isRetweet":false} [0m

[37m ◎ LOGS
  [37m Tweet 1887485937417957627 checks: [0m
  [37m {"isUnprocessed":false,"isRecent":true,"isReply":true,"isRetweet":false} [0m

[37m ◎ LOGS
  [37m Tweet 1887481965231616069 checks: [0m
  [37m {"isUnprocessed":false,"isRecent":true,"isReply":false,"isRetweet":false} [0m

[37m ◎ LOGS
  [37m Tweet 1887429161775423727 checks: [0m
  [37m {"isUnprocessed":false,"isRecent":false,"isReply":false,"isRetweet":false} [0m

[37m ◎ LOGS
  [37m Tweet 1887247895159595215 checks: [0m
  [37m {"isUnprocessed":false,"isRecent":false,"isReply":false,"isRetweet":false} [0m

[37m ◎ LOGS
  [37m Tweet 1887500283774681377 checks: [0m
  [37m {"isUnprocessed":false,"isRecent":true,"isReply":false,"isRetweet":false} [0m

[37m ◎ LOGS
  [37m Tweet 1887265464310480912 checks: [0m
  [37m {"isUnprocessed":false,"isRecent":false,"isReply":false,"isRetweet":false} [0m

[37m ◎ LOGS
  [37m Tweet 1887220067248541888 checks: [0m
  [37m {"isUnprocessed":false,"isRecent":false,"isReply":false,"isRetweet":false} [0m

[37m ◎ LOGS
  [37m Tweet 1886836215116107962 checks: [0m
  [37m {"isUnprocessed":false,"isRecent":false,"isReply":false,"isRetweet":false} [0m

[37m ◎ LOGS
  [37m Tweet 1886489902264504632 checks: [0m
  [37m {"isUnprocessed":false,"isRecent":false,"isReply":false,"isRetweet":false} [0m

[37m ◎ LOGS
  [37m Tweet 1885698110581620949 checks: [0m
  [37m {"isUnprocessed":false,"isRecent":false,"isReply":true,"isRetweet":false} [0m

[37m ◎ LOGS
  [37m Tweet 1887264842085531844 checks: [0m
  [37m {"isUnprocessed":false,"isRecent":false,"isReply":true,"isRetweet":false} [0m

[37m ◎ LOGS
  [37m Tweet 1887245293109874705 checks: [0m
  [37m {"isUnprocessed":false,"isRecent":false,"isReply":true,"isRetweet":false} [0m

[37m ◎ LOGS
  [37m Tweet 1887245198406615044 checks: [0m
  [37m {"isUnprocessed":false,"isRecent":false,"isReply":true,"isRetweet":false} [0m

[37m ◎ LOGS
  [37m Tweet 1887429387609395303 checks: [0m
  [37m {"isUnprocessed":false,"isRecent":false,"isReply":true,"isRetweet":false} [0m

[37m ◎ LOGS
  [37m Tweet 1887234567507222996 checks: [0m
  [37m {"isUnprocessed":false,"isRecent":false,"isReply":true,"isRetweet":false} [0m

[37m ◎ LOGS
  [37m Tweet 1886994211989311791 checks: [0m
  [37m {"isUnprocessed":false,"isRecent":false,"isReply":true,"isRetweet":false} [0m

[37m ◎ LOGS
  [37m Tweet 1887038866613268831 checks: [0m
  [37m {"isUnprocessed":false,"isRecent":false,"isReply":false,"isRetweet":false} [0m

[37m ◎ LOGS
  [37m Tweet 1886796117783847377 checks: [0m
  [37m {"isUnprocessed":false,"isRecent":false,"isReply":false,"isRetweet":false} [0m

[37m ◎ LOGS
  [37m Tweet 1886105199099461942 checks: [0m
  [37m {"isUnprocessed":false,"isRecent":false,"isReply":false,"isRetweet":false} [0m

[37m ◎ LOGS
  [37m Tweet 1879324430960353308 checks: [0m
  [37m {"isUnprocessed":false,"isRecent":false,"isReply":true,"isRetweet":false} [0m

[37m ◎ LOGS
  [37m Tweet 1879294316545446172 checks: [0m
  [37m {"isUnprocessed":false,"isRecent":false,"isReply":true,"isRetweet":false} [0m

[37m ◎ LOGS
  [37m Tweet 1879294191865581936 checks: [0m
  [37m {"isUnprocessed":false,"isRecent":false,"isReply":true,"isRetweet":false} [0m

[37m ◎ LOGS
  [37m Tweet 1885890992529981827 checks: [0m
  [37m {"isUnprocessed":false,"isRecent":false,"isReply":true,"isRetweet":false} [0m

[37m ◎ LOGS
  [37m Tweet 1885008745232818448 checks: [0m
  [37m {"isUnprocessed":false,"isRecent":false,"isReply":true,"isRetweet":false} [0m

[37m ◎ LOGS
  [37m Tweet 1884848025815916770 checks: [0m
  [37m {"isUnprocessed":false,"isRecent":false,"isReply":true,"isRetweet":false} [0m

[37m ◎ LOGS
  [37m Tweet 1887146592848769139 checks: [0m
  [37m {"isUnprocessed":false,"isRecent":false,"isReply":false,"isRetweet":false} [0m

[37m ◎ LOGS
  [37m Tweet 1886941002251862407 checks: [0m
  [37m {"isUnprocessed":false,"isRecent":false,"isReply":false,"isRetweet":false} [0m

[37m ◎ LOGS
  [37m Tweet 1885861972370997755 checks: [0m
  [37m {"isUnprocessed":false,"isRecent":false,"isReply":false,"isRetweet":false} [0m

[37m ◎ LOGS
  [37m Tweet 1886843722232684601 checks: [0m
  [37m {"isUnprocessed":false,"isRecent":false,"isReply":true,"isRetweet":false} [0m

[37m ◎ LOGS
  [37m Tweet 1886908268481781845 checks: [0m
  [37m {"isUnprocessed":false,"isRecent":false,"isReply":true,"isRetweet":false} [0m

[37m ◎ LOGS
  [37m Tweet 1886907569211629831 checks: [0m
  [37m {"isUnprocessed":false,"isRecent":false,"isReply":false,"isRetweet":false} [0m

[37m ◎ LOGS
  [37m Tweet 1886604639443017906 checks: [0m
  [37m {"isUnprocessed":false,"isRecent":false,"isReply":true,"isRetweet":false} [0m

[37m ◎ LOGS
  [37m Tweet 1887364792194900196 checks: [0m
  [37m {"isUnprocessed":false,"isRecent":false,"isReply":true,"isRetweet":false} [0m

[37m ◎ LOGS
  [37m Tweet 1887350121127682270 checks: [0m
  [37m {"isUnprocessed":false,"isRecent":false,"isReply":true,"isRetweet":false} [0m

[37m ◎ LOGS
  [37m Tweet 1886986832535257295 checks: [0m
  [37m {"isUnprocessed":false,"isRecent":false,"isReply":true,"isRetweet":false} [0m

[37m ◎ LOGS
  [37m Tweet 1887370213877854563 checks: [0m
  [37m {"isUnprocessed":false,"isRecent":false,"isReply":true,"isRetweet":false} [0m

[37m ◎ LOGS
  [37m Tweet 1887368376101548498 checks: [0m
  [37m {"isUnprocessed":false,"isRecent":false,"isReply":true,"isRetweet":false} [0m

[37m ◎ LOGS
  [37m Tweet 1887362638255993335 checks: [0m
  [37m {"isUnprocessed":false,"isRecent":false,"isReply":true,"isRetweet":false} [0m

[37m ◎ LOGS
  [37m Tweet 1887454332427395348 checks: [0m
  [37m {"isUnprocessed":false,"isRecent":false,"isReply":true,"isRetweet":false} [0m

[37m ◎ LOGS
  [37m Tweet 1887451717110837664 checks: [0m
  [37m {"isUnprocessed":false,"isRecent":false,"isReply":false,"isRetweet":false} [0m

[37m ◎ LOGS
  [37m Tweet 1887349069980332315 checks: [0m
  [37m {"isUnprocessed":false,"isRecent":false,"isReply":false,"isRetweet":false} [0m

[37m ◎ LOGS
  [37m Tweet 1887419306171846996 checks: [0m
  [37m {"isUnprocessed":false,"isRecent":false,"isReply":true,"isRetweet":false} [0m

[37m ◎ LOGS
  [37m Tweet 1887395725689905527 checks: [0m
  [37m {"isUnprocessed":false,"isRecent":false,"isReply":true,"isRetweet":false} [0m

[37m ◎ LOGS
  [37m Tweet 1887269745038180669 checks: [0m
  [37m {"isUnprocessed":false,"isRecent":false,"isReply":true,"isRetweet":false} [0m

[37m ◎ LOGS
  [37m Tweet 1883640750107398408 checks: [0m
  [37m {"isUnprocessed":false,"isRecent":false,"isReply":true,"isRetweet":false} [0m

[37m ◎ LOGS
  [37m Tweet 1870498394130776435 checks: [0m
  [37m {"isUnprocessed":false,"isRecent":false,"isReply":true,"isRetweet":false} [0m

[37m ◎ LOGS
  [37m Tweet 1866987802065588508 checks: [0m
  [37m {"isUnprocessed":false,"isRecent":false,"isReply":true,"isRetweet":false} [0m

[37m ◎ LOGS
  [37m Tweet 1887408977350435303 checks: [0m
  [37m {"isUnprocessed":false,"isRecent":false,"isReply":false,"isRetweet":false} [0m

[37m ◎ LOGS
  [37m Tweet 1887407750742729057 checks: [0m
  [37m {"isUnprocessed":false,"isRecent":false,"isReply":false,"isRetweet":false} [0m

[37m ◎ LOGS
  [37m Tweet 1887382421760544862 checks: [0m
  [37m {"isUnprocessed":false,"isRecent":false,"isReply":false,"isRetweet":false} [0m

[37m ◎ LOGS
  [37m Tweet 1887185971436822904 checks: [0m
  [37m {"isUnprocessed":false,"isRecent":false,"isReply":false,"isRetweet":false} [0m

[37m ◎ LOGS
  [37m Tweet 1886835304000065962 checks: [0m
  [37m {"isUnprocessed":false,"isRecent":false,"isReply":true,"isRetweet":false} [0m

[37m ◎ LOGS
  [37m Tweet 1886199140146610590 checks: [0m
  [37m {"isUnprocessed":false,"isRecent":false,"isReply":false,"isRetweet":false} [0m

[37m ◎ LOGS
  [37m Tweet 1887242831036850579 checks: [0m
  [37m {"isUnprocessed":false,"isRecent":false,"isReply":false,"isRetweet":false} [0m

[37m ◎ LOGS
  [37m Tweet 1886955751257829631 checks: [0m
  [37m {"isUnprocessed":false,"isRecent":false,"isReply":false,"isRetweet":false} [0m

[37m ◎ LOGS
  [37m Tweet 1886954132918939973 checks: [0m
  [37m {"isUnprocessed":false,"isRecent":false,"isReply":false,"isRetweet":false} [0m

[37m ◎ LOGS
  [37m Tweet 1417240650295087114 checks: [0m
  [37m {"isUnprocessed":false,"isRecent":false,"isReply":true,"isRetweet":false} [0m

[37m ◎ LOGS
  [37m Tweet 1415386048268439553 checks: [0m
  [37m {"isUnprocessed":false,"isRecent":false,"isReply":true,"isRetweet":false} [0m

[37m ◎ LOGS
  [37m Tweet 1415385307738828802 checks: [0m
  [37m {"isUnprocessed":false,"isRecent":false,"isReply":true,"isRetweet":false} [0m

[37m ◎ LOGS
  [37m Tweet 1887366282292408571 checks: [0m
  [37m {"isUnprocessed":false,"isRecent":false,"isReply":true,"isRetweet":false} [0m

[37m ◎ LOGS
  [37m Tweet 1887201456811614453 checks: [0m
  [37m {"isUnprocessed":false,"isRecent":false,"isReply":false,"isRetweet":false} [0m

[37m ◎ LOGS
  [37m Tweet 1887186341445968337 checks: [0m
  [37m {"isUnprocessed":false,"isRecent":false,"isReply":true,"isRetweet":false} [0m

[37m ◎ LOGS
  [37m Tweet 1887502467803295764 checks: [0m
  [37m {"isUnprocessed":true,"isRecent":true,"isReply":true,"isRetweet":false} [0m

[37m ◎ LOGS
  [37m Tweet 1887500097811820749 checks: [0m
  [37m {"isUnprocessed":false,"isRecent":true,"isReply":true,"isRetweet":false} [0m

[37m ◎ LOGS
  [37m Tweet 1887498995322310763 checks: [0m
  [37m {"isUnprocessed":false,"isRecent":true,"isReply":false,"isRetweet":false} [0m

[37m ◎ LOGS
  [37m Tweet 1886855810451485180 checks: [0m
  [37m {"isUnprocessed":false,"isRecent":false,"isReply":false,"isRetweet":false} [0m

[37m ◎ LOGS
  [37m Tweet 1886456105372459141 checks: [0m
  [37m {"isUnprocessed":false,"isRecent":false,"isReply":false,"isRetweet":false} [0m

[37m ◎ LOGS
  [37m Tweet 1886453721871319097 checks: [0m
  [37m {"isUnprocessed":false,"isRecent":false,"isReply":false,"isRetweet":false} [0m

[37m ◎ LOGS
  [37m Tweet 1887214781658022339 checks: [0m
  [37m {"isUnprocessed":false,"isRecent":false,"isReply":true,"isRetweet":false} [0m

[37m ◎ LOGS
  [37m Tweet 1887214682148139272 checks: [0m
  [37m {"isUnprocessed":false,"isRecent":false,"isReply":true,"isRetweet":false} [0m

[37m ◎ LOGS
  [37m Tweet 1887214537100656900 checks: [0m
  [37m {"isUnprocessed":false,"isRecent":false,"isReply":true,"isRetweet":false} [0m

[37m ◎ LOGS
  [37m Tweet 1887488746100232289 checks: [0m
  [37m {"isUnprocessed":false,"isRecent":true,"isReply":true,"isRetweet":false} [0m

[37m ◎ LOGS
  [37m Tweet 1887488082402025556 checks: [0m
  [37m {"isUnprocessed":false,"isRecent":true,"isReply":true,"isRetweet":false} [0m

[37m ◎ LOGS
  [37m Tweet 1887485973686329637 checks: [0m
  [37m {"isUnprocessed":false,"isRecent":true,"isReply":true,"isRetweet":false} [0m

[37m ◎ LOGS
  [37m Tweet 1887242909084213682 checks: [0m
  [37m {"isUnprocessed":false,"isRecent":false,"isReply":true,"isRetweet":false} [0m

[37m ◎ LOGS
  [37m Tweet 1887158989005169023 checks: [0m
  [37m {"isUnprocessed":false,"isRecent":false,"isReply":false,"isRetweet":false} [0m

[37m ◎ LOGS
  [37m Tweet 1887077725506060507 checks: [0m
  [37m {"isUnprocessed":false,"isRecent":false,"isReply":true,"isRetweet":false} [0m

[37m ◎ LOGS
  [37m Tweet 1887209550102564956 checks: [0m
  [37m {"isUnprocessed":false,"isRecent":false,"isReply":false,"isRetweet":false} [0m

[37m ◎ LOGS
  [37m Tweet 1887169264903242154 checks: [0m
  [37m {"isUnprocessed":false,"isRecent":false,"isReply":false,"isRetweet":false} [0m

[37m ◎ LOGS
  [37m Tweet 1887084008560812417 checks: [0m
  [37m {"isUnprocessed":false,"isRecent":false,"isReply":false,"isRetweet":false} [0m

[37m ◎ LOGS
  [37m Tweet 1886144673489592392 checks: [0m
  [37m {"isUnprocessed":false,"isRecent":false,"isReply":true,"isRetweet":false} [0m

[37m ◎ LOGS
  [37m Tweet 1886136143663481151 checks: [0m
  [37m {"isUnprocessed":false,"isRecent":false,"isReply":true,"isRetweet":false} [0m

[37m ◎ LOGS
  [37m Tweet 1886136068451319840 checks: [0m
  [37m {"isUnprocessed":false,"isRecent":false,"isReply":true,"isRetweet":false} [0m

[37m ◎ LOGS
  [37m Tweet 1887455080204677343 checks: [0m
  [37m {"isUnprocessed":false,"isRecent":false,"isReply":true,"isRetweet":false} [0m

[37m ◎ LOGS
  [37m Tweet 1887455044049772578 checks: [0m
  [37m {"isUnprocessed":false,"isRecent":false,"isReply":true,"isRetweet":false} [0m

[37m ◎ LOGS
  [37m Tweet 1887455014719033453 checks: [0m
  [37m {"isUnprocessed":false,"isRecent":false,"isReply":true,"isRetweet":false} [0m

[37m ◎ LOGS
  [37m Tweet 1887082120935334080 checks: [0m
  [37m {"isUnprocessed":false,"isRecent":false,"isReply":false,"isRetweet":false} [0m

[37m ◎ LOGS
  [37m Tweet 1886702776425574644 checks: [0m
  [37m {"isUnprocessed":false,"isRecent":false,"isReply":false,"isRetweet":false} [0m

[37m ◎ LOGS
  [37m Tweet 1886467007110914364 checks: [0m
  [37m {"isUnprocessed":false,"isRecent":false,"isReply":false,"isRetweet":false} [0m

[37m ◎ LOGS
  [37m Tweet 1887501748920566075 checks: [0m
  [37m {"isUnprocessed":true,"isRecent":true,"isReply":false,"isRetweet":false} [0m

[37m ◎ LOGS
  [37m Tweet 1887498023933981012 checks: [0m
  [37m {"isUnprocessed":false,"isRecent":true,"isReply":false,"isRetweet":false} [0m

[37m ◎ LOGS
  [37m Tweet 1887489626123694383 checks: [0m
  [37m {"isUnprocessed":false,"isRecent":true,"isReply":false,"isRetweet":false} [0m

[37m ["◎ Found 1 valid tweets from MrBsol"] [0m

[37m ["◎ Selected tweet from MrBsol: 3 sol to one of you\n\ndrop wallets\n\nclosing comments in 60 minutes"] [0m

[37m ◎ LOGS
  [37m New Tweet found [0m
  [37m https://twitter.com/MrBsol/status/1887501748920566075 [0m

[37m ["◎ Room adcf9a93-e71d-05a3-9455-5cfe4efc4957 created successfully."] [0m

[37m ["◎ User e85cf93d-48cc-0ea9-af9a-38e6550b3a2b linked to room adcf9a93-e71d-05a3-9455-5cfe4efc4957 successfully."] [0m

[37m ["◎ Agent SizeMatters linked to room adcf9a93-e71d-05a3-9455-5cfe4efc4957 successfully."] [0m

[37m ◎ LOGS
  [37m Creating Memory [0m
  [37m adcf9a93-e71d-05a3-9455-5cfe4efc4957 [0m
  [37m 3 sol to one of you
  
  drop wallets
  
  closing comments in 60 minutes [0m

[37m ◎ LOGS
  [37m Processing Tweet:  [0m
  [37m 1887501748920566075 [0m

[37m ["◎ Matched fragment: can explain how crypto memes spark real engagement and growth with similarity: 1.2049081325531006"] [0m

[37m ["◎ Matched fragment: knowledgeable about bridging the gap between wellness and the crypto community with similarity: 1.2060118913650513"] [0m

[37m ["◎ Matched fragment: deep understanding of the crypto ecosystem and memecoin strategies with similarity: 1.2210359573364258"] [0m

[37m ["◎ Matched fragment: understands the role of accessibility and integration in blockchain success with similarity: 1.2328702211380005"] [0m

[37m ["◎ Matched fragment: has insights on building a community-driven token with real-world impact with similarity: 1.2474523782730103"] [0m

[37m ["◎ Generating text..."] [0m

[34m ℹ INFORMATIONS
  [34m Generating text with options: [0m
  [34m {"modelProvider":"openai","model":"medium","verifiableInference":false} [0m

[37m ◎ LOGS
  [37m Using provider: [0m
  [37m openai [0m

[34m ℹ INFORMATIONS
  [34m Selected model: [0m
  [34m gpt-4o-mini [0m

Received response from OpenAI model. [IGNORE]
[37m ["◎ Not responding to message"] [0m

[37m ["◎ Already responded to tweet 1887502523558219947, skipping"] [0m

[37m ["◎ Finished checking Twitter interactions"] [0m

[37m ["◎ Checking Twitter interactions"] [0m

[37m ◎ LOGS
  [37m Completed checking mentioned tweets: [0m
  [37m 4 [0m

[37m ◎ LOGS
  [37m Processing target users: [0m
  [37m ["lynk0x","cabelo_escobar","DeShawnBTC","barkmeta","elonmusk","KingAnt777","Cobratate","RoarWeb3","0xSweep","AlexBeckerNT","BenjiEth74775","CryptoLyraa","wimps","Banks","morpheuswhale","rus","SajwaniCrypto","sup_nim","OrangeSBS","BarronTNews","DonaldJTrumpJr","hasbulla_main","PixOnChain","blade_nd","captainpirate99","echomorph_ai","TimshelXYZ","padrino_sol","bazingahappy","Cupseyy","kimchi1x","KyeGomezB","TheNotoriousMMA","LoganPaul","MrBeast","adinross","danawhite","adam22","_TJRTrades","Mrcryptowhale","mellometrics","ZssBecker","realDonaldTrump","DefiWimar","TylerDurden","lowkeyysol","punk1685","TezroTrades","David10x3","Joedwiz","MrBsol"] [0m

[37m ◎ LOGS
  [37m Tweet 1887489944664289777 checks: [0m
  [37m {"isUnprocessed":false,"isRecent":true,"isReply":false,"isRetweet":false} [0m

[37m ◎ LOGS
  [37m Tweet 1887482283847761956 checks: [0m
  [37m {"isUnprocessed":false,"isRecent":true,"isReply":false,"isRetweet":false} [0m

[37m ◎ LOGS
  [37m Tweet 1887474119857328196 checks: [0m
  [37m {"isUnprocessed":false,"isRecent":true,"isReply":false,"isRetweet":false} [0m

[37m ◎ LOGS
  [37m Tweet 1887208214971683213 checks: [0m
  [37m {"isUnprocessed":false,"isRecent":false,"isReply":false,"isRetweet":false} [0m

[37m ◎ LOGS
  [37m Tweet 1887074514137403606 checks: [0m
  [37m {"isUnprocessed":false,"isRecent":false,"isReply":false,"isRetweet":false} [0m

[37m ◎ LOGS
  [37m Tweet 1886705386096615812 checks: [0m
  [37m {"isUnprocessed":false,"isRecent":false,"isReply":false,"isRetweet":false} [0m

[37m ◎ LOGS
  [37m Tweet 1887080540215320992 checks: [0m
  [37m {"isUnprocessed":false,"isRecent":false,"isReply":false,"isRetweet":false} [0m

[37m ◎ LOGS
  [37m Tweet 1886766044917772488 checks: [0m
  [37m {"isUnprocessed":false,"isRecent":false,"isReply":false,"isRetweet":false} [0m

[37m ◎ LOGS
  [37m Tweet 1886466192157593846 checks: [0m
  [37m {"isUnprocessed":false,"isRecent":false,"isReply":false,"isRetweet":false} [0m

[37m ◎ LOGS
  [37m Tweet 1887341694447747405 checks: [0m
  [37m {"isUnprocessed":false,"isRecent":false,"isReply":true,"isRetweet":false} [0m

[37m ◎ LOGS
  [37m Tweet 1887337168483348763 checks: [0m
  [37m {"isUnprocessed":false,"isRecent":false,"isReply":true,"isRetweet":false} [0m

[37m ◎ LOGS
  [37m Tweet 1887502828333044041 checks: [0m
  [37m {"isUnprocessed":true,"isRecent":true,"isReply":false,"isRetweet":false} [0m

[37m ◎ LOGS
  [37m Tweet 1887501129941979292 checks: [0m
  [37m {"isUnprocessed":false,"isRecent":true,"isReply":true,"isRetweet":false} [0m

[37m ◎ LOGS
  [37m Tweet 1887500583193419880 checks: [0m
  [37m {"isUnprocessed":false,"isRecent":true,"isReply":true,"isRetweet":false} [0m

[37m ["◎ Found 1 valid tweets from elonmusk"] [0m

[37m ◎ LOGS
  [37m Tweet 1887500652026220923 checks: [0m
  [37m {"isUnprocessed":false,"isRecent":true,"isReply":true,"isRetweet":false} [0m

[37m ◎ LOGS
  [37m Tweet 1887500611496661407 checks: [0m
  [37m {"isUnprocessed":false,"isRecent":true,"isReply":true,"isRetweet":false} [0m

[37m ◎ LOGS
  [37m Tweet 1887500396374958253 checks: [0m
  [37m {"isUnprocessed":false,"isRecent":true,"isReply":true,"isRetweet":false} [0m

[37m ◎ LOGS
  [37m Tweet 1887490438321307654 checks: [0m
  [37m {"isUnprocessed":false,"isRecent":true,"isReply":true,"isRetweet":false} [0m

[37m ◎ LOGS
  [37m Tweet 1887450288497270858 checks: [0m
  [37m {"isUnprocessed":false,"isRecent":false,"isReply":false,"isRetweet":false} [0m

[37m ◎ LOGS
  [37m Tweet 1887427297801605160 checks: [0m
  [37m {"isUnprocessed":false,"isRecent":false,"isReply":true,"isRetweet":false} [0m

[37m ◎ LOGS
  [37m Tweet 1887492745868050623 checks: [0m
  [37m {"isUnprocessed":false,"isRecent":true,"isReply":false,"isRetweet":false} [0m

[37m ◎ LOGS
  [37m Tweet 1887485536262107177 checks: [0m
  [37m {"isUnprocessed":false,"isRecent":true,"isReply":true,"isRetweet":false} [0m

[37m ◎ LOGS
  [37m Tweet 1887459679288086570 checks: [0m
  [37m {"isUnprocessed":false,"isRecent":false,"isReply":false,"isRetweet":false} [0m

[37m ◎ LOGS
  [37m Tweet 1887503070961004957 checks: [0m
  [37m {"isUnprocessed":true,"isRecent":true,"isReply":true,"isRetweet":false} [0m

[37m ◎ LOGS
  [37m Tweet 1887503048307527900 checks: [0m
  [37m {"isUnprocessed":true,"isRecent":true,"isReply":true,"isRetweet":false} [0m

[37m ◎ LOGS
  [37m Tweet 1887502895228060056 checks: [0m
  [37m {"isUnprocessed":true,"isRecent":true,"isReply":true,"isRetweet":false} [0m

[37m ◎ LOGS
  [37m Tweet 1883734301679792609 checks: [0m
  [37m {"isUnprocessed":false,"isRecent":false,"isReply":false,"isRetweet":false} [0m

[37m ◎ LOGS
  [37m Tweet 1877117973330104481 checks: [0m
  [37m {"isUnprocessed":false,"isRecent":false,"isReply":true,"isRetweet":false} [0m

[37m ◎ LOGS
  [37m Tweet 1877117878429790428 checks: [0m
  [37m {"isUnprocessed":false,"isRecent":false,"isReply":true,"isRetweet":false} [0m

[37m ◎ LOGS
  [37m Tweet 1877117764688629970 checks: [0m
  [37m {"isUnprocessed":false,"isRecent":false,"isReply":true,"isRetweet":false} [0m

[37m ◎ LOGS
  [37m Tweet 1887466786720805305 checks: [0m
  [37m {"isUnprocessed":false,"isRecent":false,"isReply":false,"isRetweet":false} [0m

[37m ◎ LOGS
  [37m Tweet 1887461266937037044 checks: [0m
  [37m {"isUnprocessed":false,"isRecent":false,"isReply":true,"isRetweet":false} [0m

[37m ◎ LOGS
  [37m Tweet 1887445887158259734 checks: [0m
  [37m {"isUnprocessed":false,"isRecent":false,"isReply":false,"isRetweet":false} [0m

[37m ◎ LOGS
  [37m Tweet 1887347620101619740 checks: [0m
  [37m {"isUnprocessed":false,"isRecent":false,"isReply":true,"isRetweet":false} [0m

[37m ◎ LOGS
  [37m Tweet 1887347572257231045 checks: [0m
  [37m {"isUnprocessed":false,"isRecent":false,"isReply":false,"isRetweet":false} [0m

[37m ◎ LOGS
  [37m Tweet 1887280671707504765 checks: [0m
  [37m {"isUnprocessed":false,"isRecent":false,"isReply":false,"isRetweet":false} [0m

[37m ◎ LOGS
  [37m Tweet 1887439832445825386 checks: [0m
  [37m {"isUnprocessed":false,"isRecent":false,"isReply":true,"isRetweet":false} [0m

[37m ◎ LOGS
  [37m Tweet 1887410105265873178 checks: [0m
  [37m {"isUnprocessed":false,"isRecent":false,"isReply":true,"isRetweet":false} [0m

[37m ◎ LOGS
  [37m Tweet 1887350556794179806 checks: [0m
  [37m {"isUnprocessed":false,"isRecent":false,"isReply":true,"isRetweet":false} [0m

[37m ◎ LOGS
  [37m Tweet 1887208846529286407 checks: [0m
  [37m {"isUnprocessed":false,"isRecent":false,"isReply":false,"isRetweet":false} [0m

[37m ◎ LOGS
  [37m Tweet 1887162323724533803 checks: [0m
  [37m {"isUnprocessed":false,"isRecent":false,"isReply":false,"isRetweet":false} [0m

[37m ◎ LOGS
  [37m Tweet 1887082901939892355 checks: [0m
  [37m {"isUnprocessed":false,"isRecent":false,"isReply":false,"isRetweet":false} [0m

[37m ◎ LOGS
  [37m Tweet 1887164385816191054 checks: [0m
  [37m {"isUnprocessed":false,"isRecent":false,"isReply":false,"isRetweet":false} [0m

[37m ◎ LOGS
  [37m Tweet 1887156863981994138 checks: [0m
  [37m {"isUnprocessed":false,"isRecent":false,"isReply":false,"isRetweet":false} [0m

[37m ◎ LOGS
  [37m Tweet 1887083509988102337 checks: [0m
  [37m {"isUnprocessed":false,"isRecent":false,"isReply":false,"isRetweet":false} [0m

[37m ◎ LOGS
  [37m Tweet 1887432999920410802 checks: [0m
  [37m {"isUnprocessed":false,"isRecent":false,"isReply":true,"isRetweet":false} [0m

[37m ◎ LOGS
  [37m Tweet 1887432424357044387 checks: [0m
  [37m {"isUnprocessed":false,"isRecent":false,"isReply":true,"isRetweet":false} [0m

[37m ◎ LOGS
  [37m Tweet 1887431874878054430 checks: [0m
  [37m {"isUnprocessed":false,"isRecent":false,"isReply":true,"isRetweet":false} [0m

[37m ◎ LOGS
  [37m Tweet 1887498134097482237 checks: [0m
  [37m {"isUnprocessed":false,"isRecent":true,"isReply":true,"isRetweet":false} [0m

[37m ◎ LOGS
  [37m Tweet 1887497386441736431 checks: [0m
  [37m {"isUnprocessed":false,"isRecent":true,"isReply":true,"isRetweet":false} [0m

[37m ◎ LOGS
  [37m Tweet 1887485937417957627 checks: [0m
  [37m {"isUnprocessed":false,"isRecent":true,"isReply":true,"isRetweet":false} [0m

[37m ◎ LOGS
  [37m Tweet 1887481965231616069 checks: [0m
  [37m {"isUnprocessed":false,"isRecent":true,"isReply":false,"isRetweet":false} [0m

[37m ◎ LOGS
  [37m Tweet 1887429161775423727 checks: [0m
  [37m {"isUnprocessed":false,"isRecent":false,"isReply":false,"isRetweet":false} [0m

[37m ◎ LOGS
  [37m Tweet 1887247895159595215 checks: [0m
  [37m {"isUnprocessed":false,"isRecent":false,"isReply":false,"isRetweet":false} [0m

[37m ◎ LOGS
  [37m Tweet 1887500283774681377 checks: [0m
  [37m {"isUnprocessed":false,"isRecent":true,"isReply":false,"isRetweet":false} [0m

[37m ◎ LOGS
  [37m Tweet 1887265464310480912 checks: [0m
  [37m {"isUnprocessed":false,"isRecent":false,"isReply":false,"isRetweet":false} [0m

[37m ◎ LOGS
  [37m Tweet 1887220067248541888 checks: [0m
  [37m {"isUnprocessed":false,"isRecent":false,"isReply":false,"isRetweet":false} [0m

[37m ◎ LOGS
  [37m Tweet 1886836215116107962 checks: [0m
  [37m {"isUnprocessed":false,"isRecent":false,"isReply":false,"isRetweet":false} [0m

[37m ◎ LOGS
  [37m Tweet 1886489902264504632 checks: [0m
  [37m {"isUnprocessed":false,"isRecent":false,"isReply":false,"isRetweet":false} [0m

[37m ◎ LOGS
  [37m Tweet 1885698110581620949 checks: [0m
  [37m {"isUnprocessed":false,"isRecent":false,"isReply":true,"isRetweet":false} [0m

[37m ◎ LOGS
  [37m Tweet 1887264842085531844 checks: [0m
  [37m {"isUnprocessed":false,"isRecent":false,"isReply":true,"isRetweet":false} [0m

[37m ◎ LOGS
  [37m Tweet 1887245293109874705 checks: [0m
  [37m {"isUnprocessed":false,"isRecent":false,"isReply":true,"isRetweet":false} [0m

[37m ◎ LOGS
  [37m Tweet 1887245198406615044 checks: [0m
  [37m {"isUnprocessed":false,"isRecent":false,"isReply":true,"isRetweet":false} [0m

[37m ◎ LOGS
  [37m Tweet 1887429387609395303 checks: [0m
  [37m {"isUnprocessed":false,"isRecent":false,"isReply":true,"isRetweet":false} [0m

[37m ◎ LOGS
  [37m Tweet 1887234567507222996 checks: [0m
  [37m {"isUnprocessed":false,"isRecent":false,"isReply":true,"isRetweet":false} [0m

[37m ◎ LOGS
  [37m Tweet 1886994211989311791 checks: [0m
  [37m {"isUnprocessed":false,"isRecent":false,"isReply":true,"isRetweet":false} [0m

[37m ◎ LOGS
  [37m Tweet 1887038866613268831 checks: [0m
  [37m {"isUnprocessed":false,"isRecent":false,"isReply":false,"isRetweet":false} [0m

[37m ◎ LOGS
  [37m Tweet 1886796117783847377 checks: [0m
  [37m {"isUnprocessed":false,"isRecent":false,"isReply":false,"isRetweet":false} [0m

[37m ◎ LOGS
  [37m Tweet 1886105199099461942 checks: [0m
  [37m {"isUnprocessed":false,"isRecent":false,"isReply":false,"isRetweet":false} [0m

[37m ◎ LOGS
  [37m Tweet 1879324430960353308 checks: [0m
  [37m {"isUnprocessed":false,"isRecent":false,"isReply":true,"isRetweet":false} [0m

[37m ◎ LOGS
  [37m Tweet 1879294316545446172 checks: [0m
  [37m {"isUnprocessed":false,"isRecent":false,"isReply":true,"isRetweet":false} [0m

[37m ◎ LOGS
  [37m Tweet 1879294191865581936 checks: [0m
  [37m {"isUnprocessed":false,"isRecent":false,"isReply":true,"isRetweet":false} [0m

[37m ◎ LOGS
  [37m Tweet 1885890992529981827 checks: [0m
  [37m {"isUnprocessed":false,"isRecent":false,"isReply":true,"isRetweet":false} [0m

[37m ◎ LOGS
  [37m Tweet 1885008745232818448 checks: [0m
  [37m {"isUnprocessed":false,"isRecent":false,"isReply":true,"isRetweet":false} [0m

[37m ◎ LOGS
  [37m Tweet 1884848025815916770 checks: [0m
  [37m {"isUnprocessed":false,"isRecent":false,"isReply":true,"isRetweet":false} [0m

[37m ◎ LOGS
  [37m Tweet 1887146592848769139 checks: [0m
  [37m {"isUnprocessed":false,"isRecent":false,"isReply":false,"isRetweet":false} [0m

[37m ◎ LOGS
  [37m Tweet 1886941002251862407 checks: [0m
  [37m {"isUnprocessed":false,"isRecent":false,"isReply":false,"isRetweet":false} [0m

[37m ◎ LOGS
  [37m Tweet 1885861972370997755 checks: [0m
  [37m {"isUnprocessed":false,"isRecent":false,"isReply":false,"isRetweet":false} [0m

[37m ◎ LOGS
  [37m Tweet 1886843722232684601 checks: [0m
  [37m {"isUnprocessed":false,"isRecent":false,"isReply":true,"isRetweet":false} [0m

[37m ◎ LOGS
  [37m Tweet 1886908268481781845 checks: [0m
  [37m {"isUnprocessed":false,"isRecent":false,"isReply":true,"isRetweet":false} [0m

[37m ◎ LOGS
  [37m Tweet 1886907569211629831 checks: [0m
  [37m {"isUnprocessed":false,"isRecent":false,"isReply":false,"isRetweet":false} [0m

[37m ◎ LOGS
  [37m Tweet 1886604639443017906 checks: [0m
  [37m {"isUnprocessed":false,"isRecent":false,"isReply":true,"isRetweet":false} [0m

[37m ◎ LOGS
  [37m Tweet 1887364792194900196 checks: [0m
  [37m {"isUnprocessed":false,"isRecent":false,"isReply":true,"isRetweet":false} [0m

[37m ◎ LOGS
  [37m Tweet 1887350121127682270 checks: [0m
  [37m {"isUnprocessed":false,"isRecent":false,"isReply":true,"isRetweet":false} [0m

[37m ◎ LOGS
  [37m Tweet 1886986832535257295 checks: [0m
  [37m {"isUnprocessed":false,"isRecent":false,"isReply":true,"isRetweet":false} [0m

[37m ◎ LOGS
  [37m Tweet 1887370213877854563 checks: [0m
  [37m {"isUnprocessed":false,"isRecent":false,"isReply":true,"isRetweet":false} [0m

[37m ◎ LOGS
  [37m Tweet 1887368376101548498 checks: [0m
  [37m {"isUnprocessed":false,"isRecent":false,"isReply":true,"isRetweet":false} [0m

[37m ◎ LOGS
  [37m Tweet 1887362638255993335 checks: [0m
  [37m {"isUnprocessed":false,"isRecent":false,"isReply":true,"isRetweet":false} [0m

[37m ◎ LOGS
  [37m Tweet 1887454332427395348 checks: [0m
  [37m {"isUnprocessed":false,"isRecent":false,"isReply":true,"isRetweet":false} [0m

[37m ◎ LOGS
  [37m Tweet 1887451717110837664 checks: [0m
  [37m {"isUnprocessed":false,"isRecent":false,"isReply":false,"isRetweet":false} [0m

[37m ◎ LOGS
  [37m Tweet 1887349069980332315 checks: [0m
  [37m {"isUnprocessed":false,"isRecent":false,"isReply":false,"isRetweet":false} [0m

[37m ◎ LOGS
  [37m Tweet 1887419306171846996 checks: [0m
  [37m {"isUnprocessed":false,"isRecent":false,"isReply":true,"isRetweet":false} [0m

[37m ◎ LOGS
  [37m Tweet 1887395725689905527 checks: [0m
  [37m {"isUnprocessed":false,"isRecent":false,"isReply":true,"isRetweet":false} [0m

[37m ◎ LOGS
  [37m Tweet 1887269745038180669 checks: [0m
  [37m {"isUnprocessed":false,"isRecent":false,"isReply":true,"isRetweet":false} [0m

[37m ◎ LOGS
  [37m Tweet 1883640750107398408 checks: [0m
  [37m {"isUnprocessed":false,"isRecent":false,"isReply":true,"isRetweet":false} [0m

[37m ◎ LOGS
  [37m Tweet 1870498394130776435 checks: [0m
  [37m {"isUnprocessed":false,"isRecent":false,"isReply":true,"isRetweet":false} [0m

[37m ◎ LOGS
  [37m Tweet 1866987802065588508 checks: [0m
  [37m {"isUnprocessed":false,"isRecent":false,"isReply":true,"isRetweet":false} [0m

[37m ◎ LOGS
  [37m Tweet 1887408977350435303 checks: [0m
  [37m {"isUnprocessed":false,"isRecent":false,"isReply":false,"isRetweet":false} [0m

[37m ◎ LOGS
  [37m Tweet 1887407750742729057 checks: [0m
  [37m {"isUnprocessed":false,"isRecent":false,"isReply":false,"isRetweet":false} [0m

[37m ◎ LOGS
  [37m Tweet 1887382421760544862 checks: [0m
  [37m {"isUnprocessed":false,"isRecent":false,"isReply":false,"isRetweet":false} [0m

[37m ◎ LOGS
  [37m Tweet 1887185971436822904 checks: [0m
  [37m {"isUnprocessed":false,"isRecent":false,"isReply":false,"isRetweet":false} [0m

[37m ◎ LOGS
  [37m Tweet 1886835304000065962 checks: [0m
  [37m {"isUnprocessed":false,"isRecent":false,"isReply":true,"isRetweet":false} [0m

[37m ◎ LOGS
  [37m Tweet 1886199140146610590 checks: [0m
  [37m {"isUnprocessed":false,"isRecent":false,"isReply":false,"isRetweet":false} [0m

[37m ◎ LOGS
  [37m Tweet 1887242831036850579 checks: [0m
  [37m {"isUnprocessed":false,"isRecent":false,"isReply":false,"isRetweet":false} [0m

[37m ◎ LOGS
  [37m Tweet 1886955751257829631 checks: [0m
  [37m {"isUnprocessed":false,"isRecent":false,"isReply":false,"isRetweet":false} [0m

[37m ◎ LOGS
  [37m Tweet 1886954132918939973 checks: [0m
  [37m {"isUnprocessed":false,"isRecent":false,"isReply":false,"isRetweet":false} [0m

[37m ◎ LOGS
  [37m Tweet 1417240650295087114 checks: [0m
  [37m {"isUnprocessed":false,"isRecent":false,"isReply":true,"isRetweet":false} [0m

[37m ◎ LOGS
  [37m Tweet 1415386048268439553 checks: [0m
  [37m {"isUnprocessed":false,"isRecent":false,"isReply":true,"isRetweet":false} [0m

[37m ◎ LOGS
  [37m Tweet 1415385307738828802 checks: [0m
  [37m {"isUnprocessed":false,"isRecent":false,"isReply":true,"isRetweet":false} [0m

[37m ◎ LOGS
  [37m Tweet 1887366282292408571 checks: [0m
  [37m {"isUnprocessed":false,"isRecent":false,"isReply":true,"isRetweet":false} [0m

[37m ◎ LOGS
  [37m Tweet 1887201456811614453 checks: [0m
  [37m {"isUnprocessed":false,"isRecent":false,"isReply":false,"isRetweet":false} [0m

[37m ◎ LOGS
  [37m Tweet 1887186341445968337 checks: [0m
  [37m {"isUnprocessed":false,"isRecent":false,"isReply":true,"isRetweet":false} [0m

[37m ◎ LOGS
  [37m Tweet 1887502467803295764 checks: [0m
  [37m {"isUnprocessed":true,"isRecent":true,"isReply":true,"isRetweet":false} [0m

[37m ◎ LOGS
  [37m Tweet 1887500097811820749 checks: [0m
  [37m {"isUnprocessed":false,"isRecent":true,"isReply":true,"isRetweet":false} [0m

[37m ◎ LOGS
  [37m Tweet 1887498995322310763 checks: [0m
  [37m {"isUnprocessed":false,"isRecent":true,"isReply":false,"isRetweet":false} [0m

[37m ◎ LOGS
  [37m Tweet 1886855810451485180 checks: [0m
  [37m {"isUnprocessed":false,"isRecent":false,"isReply":false,"isRetweet":false} [0m

[37m ◎ LOGS
  [37m Tweet 1886456105372459141 checks: [0m
  [37m {"isUnprocessed":false,"isRecent":false,"isReply":false,"isRetweet":false} [0m

[37m ◎ LOGS
  [37m Tweet 1886453721871319097 checks: [0m
  [37m {"isUnprocessed":false,"isRecent":false,"isReply":false,"isRetweet":false} [0m

[37m ◎ LOGS
  [37m Tweet 1887214781658022339 checks: [0m
  [37m {"isUnprocessed":false,"isRecent":false,"isReply":true,"isRetweet":false} [0m

[37m ◎ LOGS
  [37m Tweet 1887214682148139272 checks: [0m
  [37m {"isUnprocessed":false,"isRecent":false,"isReply":true,"isRetweet":false} [0m

[37m ◎ LOGS
  [37m Tweet 1887214537100656900 checks: [0m
  [37m {"isUnprocessed":false,"isRecent":false,"isReply":true,"isRetweet":false} [0m

[37m ◎ LOGS
  [37m Tweet 1887488746100232289 checks: [0m
  [37m {"isUnprocessed":false,"isRecent":true,"isReply":true,"isRetweet":false} [0m

[37m ◎ LOGS
  [37m Tweet 1887488082402025556 checks: [0m
  [37m {"isUnprocessed":false,"isRecent":true,"isReply":true,"isRetweet":false} [0m

[37m ◎ LOGS
  [37m Tweet 1887485973686329637 checks: [0m
  [37m {"isUnprocessed":false,"isRecent":true,"isReply":true,"isRetweet":false} [0m

[37m ◎ LOGS
  [37m Tweet 1887242909084213682 checks: [0m
  [37m {"isUnprocessed":false,"isRecent":false,"isReply":true,"isRetweet":false} [0m

[37m ◎ LOGS
  [37m Tweet 1887158989005169023 checks: [0m
  [37m {"isUnprocessed":false,"isRecent":false,"isReply":false,"isRetweet":false} [0m

[37m ◎ LOGS
  [37m Tweet 1887077725506060507 checks: [0m
  [37m {"isUnprocessed":false,"isRecent":false,"isReply":true,"isRetweet":false} [0m

[37m ◎ LOGS
  [37m Tweet 1887209550102564956 checks: [0m
  [37m {"isUnprocessed":false,"isRecent":false,"isReply":false,"isRetweet":false} [0m

[37m ◎ LOGS
  [37m Tweet 1887169264903242154 checks: [0m
  [37m {"isUnprocessed":false,"isRecent":false,"isReply":false,"isRetweet":false} [0m

[37m ◎ LOGS
  [37m Tweet 1887084008560812417 checks: [0m
  [37m {"isUnprocessed":false,"isRecent":false,"isReply":false,"isRetweet":false} [0m

[37m ◎ LOGS
  [37m Tweet 1886144673489592392 checks: [0m
  [37m {"isUnprocessed":false,"isRecent":false,"isReply":true,"isRetweet":false} [0m

[37m ◎ LOGS
  [37m Tweet 1886136143663481151 checks: [0m
  [37m {"isUnprocessed":false,"isRecent":false,"isReply":true,"isRetweet":false} [0m

[37m ◎ LOGS
  [37m Tweet 1886136068451319840 checks: [0m
  [37m {"isUnprocessed":false,"isRecent":false,"isReply":true,"isRetweet":false} [0m

[37m ◎ LOGS
  [37m Tweet 1887455080204677343 checks: [0m
  [37m {"isUnprocessed":false,"isRecent":false,"isReply":true,"isRetweet":false} [0m

[37m ◎ LOGS
  [37m Tweet 1887455044049772578 checks: [0m
  [37m {"isUnprocessed":false,"isRecent":false,"isReply":true,"isRetweet":false} [0m

[37m ◎ LOGS
  [37m Tweet 1887455014719033453 checks: [0m
  [37m {"isUnprocessed":false,"isRecent":false,"isReply":true,"isRetweet":false} [0m

[37m ◎ LOGS
  [37m Tweet 1887082120935334080 checks: [0m
  [37m {"isUnprocessed":false,"isRecent":false,"isReply":false,"isRetweet":false} [0m

[37m ◎ LOGS
  [37m Tweet 1886702776425574644 checks: [0m
  [37m {"isUnprocessed":false,"isRecent":false,"isReply":false,"isRetweet":false} [0m

[37m ◎ LOGS
  [37m Tweet 1886467007110914364 checks: [0m
  [37m {"isUnprocessed":false,"isRecent":false,"isReply":false,"isRetweet":false} [0m

[37m ◎ LOGS
  [37m Tweet 1887501748920566075 checks: [0m
  [37m {"isUnprocessed":false,"isRecent":true,"isReply":false,"isRetweet":false} [0m

[37m ◎ LOGS
  [37m Tweet 1887498023933981012 checks: [0m
  [37m {"isUnprocessed":false,"isRecent":true,"isReply":false,"isRetweet":false} [0m

[37m ◎ LOGS
  [37m Tweet 1887489626123694383 checks: [0m
  [37m {"isUnprocessed":false,"isRecent":true,"isReply":false,"isRetweet":false} [0m

[37m ["◎ Selected tweet from elonmusk: Why did Democrat Senator Durbin block release of the Epstein client list?\n\nWhat is he hiding?"] [0m

[37m ["◎ Already responded to tweet 1887502523558219947, skipping"] [0m

[37m ◎ LOGS
  [37m New Tweet found [0m
  [37m https://twitter.com/elonmusk/status/1887502828333044041 [0m

[37m ["◎ Room 05ada4ad-818f-0a00-ac4d-1a1990eac370 created successfully."] [0m

[37m ["◎ User 1d773b5a-7be2-0b17-81a7-c0afbb4ce57a linked to room 05ada4ad-818f-0a00-ac4d-1a1990eac370 successfully."] [0m

[37m ["◎ Agent SizeMatters linked to room 05ada4ad-818f-0a00-ac4d-1a1990eac370 successfully."] [0m

[37m ◎ LOGS
  [37m Creating Memory [0m
  [37m 05ada4ad-818f-0a00-ac4d-1a1990eac370 [0m
  [37m Why did Democrat Senator Durbin block release of the Epstein client list?
  
  What is he hiding? [0m

[37m ◎ LOGS
  [37m Processing Tweet:  [0m
  [37m 1887502828333044041 [0m

[37m ["◎ Matched fragment: knows why confidence is key and how humor can break down barriers with similarity: 1.3034323453903198"] [0m

[37m ["◎ Matched fragment: understands the role of accessibility and integration in blockchain success with similarity: 1.316429615020752"] [0m

[37m ["◎ Matched fragment: deep understanding of the crypto ecosystem and memecoin strategies with similarity: 1.3263955116271973"] [0m

[37m ["◎ Matched fragment: knowledgeable about bridging the gap between wellness and the crypto community with similarity: 1.3398873805999756"] [0m

[37m ["◎ Matched fragment: understands the science of kegel exercises and their long-term benefits for pelvic health and size with similarity: 1.344903588294983"] [0m

[37m ["◎ Generating text..."] [0m

[34m ℹ INFORMATIONS
  [34m Generating text with options: [0m
  [34m {"modelProvider":"openai","model":"medium","verifiableInference":false} [0m

[37m ◎ LOGS
  [37m Using provider: [0m
  [37m openai [0m

[34m ℹ INFORMATIONS
  [34m Selected model: [0m
  [34m gpt-4o-mini [0m

Received response from OpenAI model. [RESPOND]
[37m ["◎ Generating message response.."] [0m

[37m ["◎ Generating text..."] [0m

[34m ℹ INFORMATIONS
  [34m Generating text with options: [0m
  [34m {"modelProvider":"openai","model":"large","verifiableInference":false} [0m

[37m ◎ LOGS
  [37m Using provider: [0m
  [37m openai [0m

[34m ℹ INFORMATIONS
  [34m Selected model: [0m
  [34m gpt-4o-mini [0m

Received response from OpenAI model. ```json
{ "user": "SizeMatters", "text": "@elonmusk Just like in crypto, transparency is key! 🍆 If there’s something being hidden, it’s time to measure up and shine a light on it! 💡 Let’s keep pushing for the truth because SIZE MATTERS in every aspect of life! Who's ready to join the movement for clarity? 🚀 #BiggerIsBetter #MeasureUp", "action": "NONE" }
```
[37m ◎ LOGS
  [37m Creating Memory [0m
  [37m 77bdadfa-51e5-0003-be15-701359908e95 [0m
  [37m @elonmusk @elonmusk Just like in crypto, transparency is key!  🍆 If there’s something being hidden, it’s time to measure up and shine a light on it!  💡 Let’s keep pushing for the truth because SIZE MATTERS in every aspect of life!  Who's ready to join the movement for clarity? [0m

[37m ◎ LOGS
  [37m Creating Memory [0m
  [37m a2ad8a14-040e-0195-9507-0f320f5241ea [0m
  [37m @elonmusk 🚀 #BiggerIsBetter #MeasureUp [0m

[32m ["✓ Normalized action: continue"] [0m

[34m ["ℹ Executing handler for action: CONTINUE"] [0m

[37m ["◎ [CONTINUE] Last message had question/exclamation. Not proceeding."] [0m

[32m ["✓ Normalized action: none"] [0m

[34m ["ℹ Executing handler for action: NONE"] [0m

[37m ["◎ Finished checking Twitter interactions"] [0m

[34m ["ℹ Telegram Message: [object Object]"] [0m

[37m ◎ LOGS
  [37m Creating Memory [0m
  [37m b009ea27-0324-0805-b7e7-3139b3ca2496 [0m
  [37m yo [0m

[37m ["◎ Matched fragment: knows how to combine humor and education to spark confidence in others with similarity: 1.2549560070037842"] [0m

[37m ["◎ Matched fragment: knowledgeable about bridging the gap between wellness and the crypto community with similarity: 1.2628746032714844"] [0m

[37m ["◎ Matched fragment: has insights on building a community-driven token with real-world impact with similarity: 1.2872424125671387"] [0m

[37m ["◎ Matched fragment: deep understanding of the crypto ecosystem and memecoin strategies with similarity: 1.2942845821380615"] [0m

[37m ["◎ Matched fragment: can explain how crypto memes spark real engagement and growth with similarity: 1.2993547916412354"] [0m

[37m ["◎ Generating message response.."] [0m

[37m ["◎ Generating text..."] [0m

[34m ℹ INFORMATIONS
  [34m Generating text with options: [0m
  [34m {"modelProvider":"openai","model":"large","verifiableInference":false} [0m

[37m ◎ LOGS
  [37m Using provider: [0m
  [37m openai [0m

[34m ℹ INFORMATIONS
  [34m Selected model: [0m
  [34m gpt-4o-mini [0m

Received response from OpenAI model. ```json
{ "user": "SizeMatters", "text": "Yo! Ready to measure up and show the world what you've got? 🍌💥 Let's flex those crypto muscles together! Don’t forget—size matters, but confidence is key! 🚀💰", "action": "NONE" }
```
[37m ◎ LOGS
  [37m Creating Memory [0m
  [37m 1010508a-433c-06c8-a6dd-0b9c9808b2fd [0m
  [37m Yo! Ready to measure up and show the world what you've got? 🍌💥 Let's flex those crypto muscles together! Don’t forget—size matters, but confidence is key! 🚀💰 [0m

[32m ["✓ Normalized action: none"] [0m

[34m ["ℹ Executing handler for action: NONE"] [0m

[37m ◎ LOGS
  [37m Evaluating [0m
  [37m GET_FACTS [0m

[37m ◎ LOGS
  [37m Evaluating [0m
  [37m UPDATE_GOAL [0m

[37m ["◎ Checking Twitter interactions"] [0m

[37m ◎ LOGS
  [37m Completed checking mentioned tweets: [0m
  [37m 4 [0m

[37m ◎ LOGS
  [37m Processing target users: [0m
  [37m ["lynk0x","cabelo_escobar","DeShawnBTC","barkmeta","elonmusk","KingAnt777","Cobratate","RoarWeb3","0xSweep","AlexBeckerNT","BenjiEth74775","CryptoLyraa","wimps","Banks","morpheuswhale","rus","SajwaniCrypto","sup_nim","OrangeSBS","BarronTNews","DonaldJTrumpJr","hasbulla_main","PixOnChain","blade_nd","captainpirate99","echomorph_ai","TimshelXYZ","padrino_sol","bazingahappy","Cupseyy","kimchi1x","KyeGomezB","TheNotoriousMMA","LoganPaul","MrBeast","adinross","danawhite","adam22","_TJRTrades","Mrcryptowhale","mellometrics","ZssBecker","realDonaldTrump","DefiWimar","TylerDurden","lowkeyysol","punk1685","TezroTrades","David10x3","Joedwiz","MrBsol"] [0m

[37m ◎ LOGS
  [37m Tweet 1887489944664289777 checks: [0m
  [37m {"isUnprocessed":false,"isRecent":true,"isReply":false,"isRetweet":false} [0m

[37m ◎ LOGS
  [37m Tweet 1887482283847761956 checks: [0m
  [37m {"isUnprocessed":false,"isRecent":true,"isReply":false,"isRetweet":false} [0m

[37m ◎ LOGS
  [37m Tweet 1887474119857328196 checks: [0m
  [37m {"isUnprocessed":false,"isRecent":true,"isReply":false,"isRetweet":false} [0m

[37m ◎ LOGS
  [37m Tweet 1887208214971683213 checks: [0m
  [37m {"isUnprocessed":false,"isRecent":false,"isReply":false,"isRetweet":false} [0m

[37m ◎ LOGS
  [37m Tweet 1887074514137403606 checks: [0m
  [37m {"isUnprocessed":false,"isRecent":false,"isReply":false,"isRetweet":false} [0m

[37m ◎ LOGS
  [37m Tweet 1886705386096615812 checks: [0m
  [37m {"isUnprocessed":false,"isRecent":false,"isReply":false,"isRetweet":false} [0m

[37m ◎ LOGS
  [37m Tweet 1887080540215320992 checks: [0m
  [37m {"isUnprocessed":false,"isRecent":false,"isReply":false,"isRetweet":false} [0m

[37m ◎ LOGS
  [37m Tweet 1886766044917772488 checks: [0m
  [37m {"isUnprocessed":false,"isRecent":false,"isReply":false,"isRetweet":false} [0m

[37m ◎ LOGS
  [37m Tweet 1886466192157593846 checks: [0m
  [37m {"isUnprocessed":false,"isRecent":false,"isReply":false,"isRetweet":false} [0m

[37m ◎ LOGS
  [37m Tweet 1887341694447747405 checks: [0m
  [37m {"isUnprocessed":false,"isRecent":false,"isReply":true,"isRetweet":false} [0m

[37m ◎ LOGS
  [37m Tweet 1887337168483348763 checks: [0m
  [37m {"isUnprocessed":false,"isRecent":false,"isReply":true,"isRetweet":false} [0m

[37m ◎ LOGS
  [37m Tweet 1887502828333044041 checks: [0m
  [37m {"isUnprocessed":false,"isRecent":true,"isReply":false,"isRetweet":false} [0m

[37m ◎ LOGS
  [37m Tweet 1887501129941979292 checks: [0m
  [37m {"isUnprocessed":false,"isRecent":true,"isReply":true,"isRetweet":false} [0m

[37m ◎ LOGS
  [37m Tweet 1887500583193419880 checks: [0m
  [37m {"isUnprocessed":false,"isRecent":true,"isReply":true,"isRetweet":false} [0m

[37m ◎ LOGS
  [37m Tweet 1887500652026220923 checks: [0m
  [37m {"isUnprocessed":false,"isRecent":true,"isReply":true,"isRetweet":false} [0m

[37m ◎ LOGS
  [37m Tweet 1887500611496661407 checks: [0m
  [37m {"isUnprocessed":false,"isRecent":true,"isReply":true,"isRetweet":false} [0m

[37m ◎ LOGS
  [37m Tweet 1887500396374958253 checks: [0m
  [37m {"isUnprocessed":false,"isRecent":true,"isReply":true,"isRetweet":false} [0m

[37m ◎ LOGS
  [37m Tweet 1887490438321307654 checks: [0m
  [37m {"isUnprocessed":false,"isRecent":true,"isReply":true,"isRetweet":false} [0m

[37m ◎ LOGS
  [37m Tweet 1887450288497270858 checks: [0m
  [37m {"isUnprocessed":false,"isRecent":false,"isReply":false,"isRetweet":false} [0m

[37m ◎ LOGS
  [37m Tweet 1887427297801605160 checks: [0m
  [37m {"isUnprocessed":false,"isRecent":false,"isReply":true,"isRetweet":false} [0m

[37m ◎ LOGS
  [37m Tweet 1887492745868050623 checks: [0m
  [37m {"isUnprocessed":false,"isRecent":true,"isReply":false,"isRetweet":false} [0m

[37m ◎ LOGS
  [37m Tweet 1887485536262107177 checks: [0m
  [37m {"isUnprocessed":false,"isRecent":true,"isReply":true,"isRetweet":false} [0m

[37m ◎ LOGS
  [37m Tweet 1887459679288086570 checks: [0m
  [37m {"isUnprocessed":false,"isRecent":false,"isReply":false,"isRetweet":false} [0m

[37m ◎ LOGS
  [37m Tweet 1887503593705480686 checks: [0m
  [37m {"isUnprocessed":true,"isRecent":true,"isReply":true,"isRetweet":false} [0m

[37m ◎ LOGS
  [37m Tweet 1887503540752396625 checks: [0m
  [37m {"isUnprocessed":true,"isRecent":true,"isReply":true,"isRetweet":false} [0m

[37m ◎ LOGS
  [37m Tweet 1887503373265482098 checks: [0m
  [37m {"isUnprocessed":true,"isRecent":true,"isReply":true,"isRetweet":false} [0m

[37m ◎ LOGS
  [37m Tweet 1883734301679792609 checks: [0m
  [37m {"isUnprocessed":false,"isRecent":false,"isReply":false,"isRetweet":false} [0m

[37m ◎ LOGS
  [37m Tweet 1877117973330104481 checks: [0m
  [37m {"isUnprocessed":false,"isRecent":false,"isReply":true,"isRetweet":false} [0m

[37m ◎ LOGS
  [37m Tweet 1877117878429790428 checks: [0m
  [37m {"isUnprocessed":false,"isRecent":false,"isReply":true,"isRetweet":false} [0m

[37m ◎ LOGS
  [37m Tweet 1877117764688629970 checks: [0m
  [37m {"isUnprocessed":false,"isRecent":false,"isReply":true,"isRetweet":false} [0m

[37m ◎ LOGS
  [37m Tweet 1887466786720805305 checks: [0m
  [37m {"isUnprocessed":false,"isRecent":false,"isReply":false,"isRetweet":false} [0m

[37m ◎ LOGS
  [37m Tweet 1887461266937037044 checks: [0m
  [37m {"isUnprocessed":false,"isRecent":false,"isReply":true,"isRetweet":false} [0m

[37m ◎ LOGS
  [37m Tweet 1887445887158259734 checks: [0m
  [37m {"isUnprocessed":false,"isRecent":false,"isReply":false,"isRetweet":false} [0m

[37m ◎ LOGS
  [37m Tweet 1887347620101619740 checks: [0m
  [37m {"isUnprocessed":false,"isRecent":false,"isReply":true,"isRetweet":false} [0m

[37m ◎ LOGS
  [37m Tweet 1887347572257231045 checks: [0m
  [37m {"isUnprocessed":false,"isRecent":false,"isReply":false,"isRetweet":false} [0m

[37m ◎ LOGS
  [37m Tweet 1887280671707504765 checks: [0m
  [37m {"isUnprocessed":false,"isRecent":false,"isReply":false,"isRetweet":false} [0m

[37m ◎ LOGS
  [37m Tweet 1887439832445825386 checks: [0m
  [37m {"isUnprocessed":false,"isRecent":false,"isReply":true,"isRetweet":false} [0m

[37m ◎ LOGS
  [37m Tweet 1887410105265873178 checks: [0m
  [37m {"isUnprocessed":false,"isRecent":false,"isReply":true,"isRetweet":false} [0m

[37m ◎ LOGS
  [37m Tweet 1887350556794179806 checks: [0m
  [37m {"isUnprocessed":false,"isRecent":false,"isReply":true,"isRetweet":false} [0m

[37m ◎ LOGS
  [37m Tweet 1887208846529286407 checks: [0m
  [37m {"isUnprocessed":false,"isRecent":false,"isReply":false,"isRetweet":false} [0m

[37m ◎ LOGS
  [37m Tweet 1887162323724533803 checks: [0m
  [37m {"isUnprocessed":false,"isRecent":false,"isReply":false,"isRetweet":false} [0m

[37m ◎ LOGS
  [37m Tweet 1887082901939892355 checks: [0m
  [37m {"isUnprocessed":false,"isRecent":false,"isReply":false,"isRetweet":false} [0m

[37m ◎ LOGS
  [37m Tweet 1887164385816191054 checks: [0m
  [37m {"isUnprocessed":false,"isRecent":false,"isReply":false,"isRetweet":false} [0m

[37m ◎ LOGS
  [37m Tweet 1887156863981994138 checks: [0m
  [37m {"isUnprocessed":false,"isRecent":false,"isReply":false,"isRetweet":false} [0m

[37m ◎ LOGS
  [37m Tweet 1887083509988102337 checks: [0m
  [37m {"isUnprocessed":false,"isRecent":false,"isReply":false,"isRetweet":false} [0m

[37m ◎ LOGS
  [37m Tweet 1887432999920410802 checks: [0m
  [37m {"isUnprocessed":false,"isRecent":false,"isReply":true,"isRetweet":false} [0m

[37m ◎ LOGS
  [37m Tweet 1887432424357044387 checks: [0m
  [37m {"isUnprocessed":false,"isRecent":false,"isReply":true,"isRetweet":false} [0m

[37m ◎ LOGS
  [37m Tweet 1887431874878054430 checks: [0m
  [37m {"isUnprocessed":false,"isRecent":false,"isReply":true,"isRetweet":false} [0m

[37m ◎ LOGS
  [37m Tweet 1887498134097482237 checks: [0m
  [37m {"isUnprocessed":false,"isRecent":true,"isReply":true,"isRetweet":false} [0m

[37m ◎ LOGS
  [37m Tweet 1887497386441736431 checks: [0m
  [37m {"isUnprocessed":false,"isRecent":true,"isReply":true,"isRetweet":false} [0m

[37m ◎ LOGS
  [37m Tweet 1887485937417957627 checks: [0m
  [37m {"isUnprocessed":false,"isRecent":true,"isReply":true,"isRetweet":false} [0m

[37m ◎ LOGS
  [37m Tweet 1887481965231616069 checks: [0m
  [37m {"isUnprocessed":false,"isRecent":true,"isReply":false,"isRetweet":false} [0m

[37m ◎ LOGS
  [37m Tweet 1887429161775423727 checks: [0m
  [37m {"isUnprocessed":false,"isRecent":false,"isReply":false,"isRetweet":false} [0m

[37m ◎ LOGS
  [37m Tweet 1887247895159595215 checks: [0m
  [37m {"isUnprocessed":false,"isRecent":false,"isReply":false,"isRetweet":false} [0m

[37m ◎ LOGS
  [37m Tweet 1887500283774681377 checks: [0m
  [37m {"isUnprocessed":false,"isRecent":true,"isReply":false,"isRetweet":false} [0m

[37m ◎ LOGS
  [37m Tweet 1887265464310480912 checks: [0m
  [37m {"isUnprocessed":false,"isRecent":false,"isReply":false,"isRetweet":false} [0m

[37m ◎ LOGS
  [37m Tweet 1887220067248541888 checks: [0m
  [37m {"isUnprocessed":false,"isRecent":false,"isReply":false,"isRetweet":false} [0m

[37m ◎ LOGS
  [37m Tweet 1886836215116107962 checks: [0m
  [37m {"isUnprocessed":false,"isRecent":false,"isReply":false,"isRetweet":false} [0m

[37m ◎ LOGS
  [37m Tweet 1886489902264504632 checks: [0m
  [37m {"isUnprocessed":false,"isRecent":false,"isReply":false,"isRetweet":false} [0m

[37m ◎ LOGS
  [37m Tweet 1885698110581620949 checks: [0m
  [37m {"isUnprocessed":false,"isRecent":false,"isReply":true,"isRetweet":false} [0m

[37m ◎ LOGS
  [37m Tweet 1887264842085531844 checks: [0m
  [37m {"isUnprocessed":false,"isRecent":false,"isReply":true,"isRetweet":false} [0m

[37m ◎ LOGS
  [37m Tweet 1887245293109874705 checks: [0m
  [37m {"isUnprocessed":false,"isRecent":false,"isReply":true,"isRetweet":false} [0m

[37m ◎ LOGS
  [37m Tweet 1887245198406615044 checks: [0m
  [37m {"isUnprocessed":false,"isRecent":false,"isReply":true,"isRetweet":false} [0m

[37m ◎ LOGS
  [37m Tweet 1887429387609395303 checks: [0m
  [37m {"isUnprocessed":false,"isRecent":false,"isReply":true,"isRetweet":false} [0m

[37m ◎ LOGS
  [37m Tweet 1887234567507222996 checks: [0m
  [37m {"isUnprocessed":false,"isRecent":false,"isReply":true,"isRetweet":false} [0m

[37m ◎ LOGS
  [37m Tweet 1886994211989311791 checks: [0m
  [37m {"isUnprocessed":false,"isRecent":false,"isReply":true,"isRetweet":false} [0m

[37m ◎ LOGS
  [37m Tweet 1887038866613268831 checks: [0m
  [37m {"isUnprocessed":false,"isRecent":false,"isReply":false,"isRetweet":false} [0m

[37m ◎ LOGS
  [37m Tweet 1886796117783847377 checks: [0m
  [37m {"isUnprocessed":false,"isRecent":false,"isReply":false,"isRetweet":false} [0m

[37m ◎ LOGS
  [37m Tweet 1886105199099461942 checks: [0m
  [37m {"isUnprocessed":false,"isRecent":false,"isReply":false,"isRetweet":false} [0m

[37m ◎ LOGS
  [37m Tweet 1879324430960353308 checks: [0m
  [37m {"isUnprocessed":false,"isRecent":false,"isReply":true,"isRetweet":false} [0m

[37m ◎ LOGS
  [37m Tweet 1879294316545446172 checks: [0m
  [37m {"isUnprocessed":false,"isRecent":false,"isReply":true,"isRetweet":false} [0m

[37m ◎ LOGS
  [37m Tweet 1879294191865581936 checks: [0m
  [37m {"isUnprocessed":false,"isRecent":false,"isReply":true,"isRetweet":false} [0m

[37m ◎ LOGS
  [37m Tweet 1885890992529981827 checks: [0m
  [37m {"isUnprocessed":false,"isRecent":false,"isReply":true,"isRetweet":false} [0m

[37m ◎ LOGS
  [37m Tweet 1885008745232818448 checks: [0m
  [37m {"isUnprocessed":false,"isRecent":false,"isReply":true,"isRetweet":false} [0m

[37m ◎ LOGS
  [37m Tweet 1884848025815916770 checks: [0m
  [37m {"isUnprocessed":false,"isRecent":false,"isReply":true,"isRetweet":false} [0m

[37m ◎ LOGS
  [37m Tweet 1887146592848769139 checks: [0m
  [37m {"isUnprocessed":false,"isRecent":false,"isReply":false,"isRetweet":false} [0m

[37m ◎ LOGS
  [37m Tweet 1886941002251862407 checks: [0m
  [37m {"isUnprocessed":false,"isRecent":false,"isReply":false,"isRetweet":false} [0m

[37m ◎ LOGS
  [37m Tweet 1885861972370997755 checks: [0m
  [37m {"isUnprocessed":false,"isRecent":false,"isReply":false,"isRetweet":false} [0m

[37m ◎ LOGS
  [37m Tweet 1886843722232684601 checks: [0m
  [37m {"isUnprocessed":false,"isRecent":false,"isReply":true,"isRetweet":false} [0m

[37m ◎ LOGS
  [37m Tweet 1886908268481781845 checks: [0m
  [37m {"isUnprocessed":false,"isRecent":false,"isReply":true,"isRetweet":false} [0m

[37m ◎ LOGS
  [37m Tweet 1886907569211629831 checks: [0m
  [37m {"isUnprocessed":false,"isRecent":false,"isReply":false,"isRetweet":false} [0m

[37m ◎ LOGS
  [37m Tweet 1886604639443017906 checks: [0m
  [37m {"isUnprocessed":false,"isRecent":false,"isReply":true,"isRetweet":false} [0m

[37m ◎ LOGS
  [37m Tweet 1887364792194900196 checks: [0m
  [37m {"isUnprocessed":false,"isRecent":false,"isReply":true,"isRetweet":false} [0m

[37m ◎ LOGS
  [37m Tweet 1887350121127682270 checks: [0m
  [37m {"isUnprocessed":false,"isRecent":false,"isReply":true,"isRetweet":false} [0m

[37m ◎ LOGS
  [37m Tweet 1886986832535257295 checks: [0m
  [37m {"isUnprocessed":false,"isRecent":false,"isReply":true,"isRetweet":false} [0m

[37m ◎ LOGS
  [37m Tweet 1887370213877854563 checks: [0m
  [37m {"isUnprocessed":false,"isRecent":false,"isReply":true,"isRetweet":false} [0m

[37m ◎ LOGS
  [37m Tweet 1887368376101548498 checks: [0m
  [37m {"isUnprocessed":false,"isRecent":false,"isReply":true,"isRetweet":false} [0m

[37m ◎ LOGS
  [37m Tweet 1887362638255993335 checks: [0m
  [37m {"isUnprocessed":false,"isRecent":false,"isReply":true,"isRetweet":false} [0m

[37m ◎ LOGS
  [37m Tweet 1887454332427395348 checks: [0m
  [37m {"isUnprocessed":false,"isRecent":false,"isReply":true,"isRetweet":false} [0m

[37m ◎ LOGS
  [37m Tweet 1887451717110837664 checks: [0m
  [37m {"isUnprocessed":false,"isRecent":false,"isReply":false,"isRetweet":false} [0m

[37m ◎ LOGS
  [37m Tweet 1887349069980332315 checks: [0m
  [37m {"isUnprocessed":false,"isRecent":false,"isReply":false,"isRetweet":false} [0m

[37m ◎ LOGS
  [37m Tweet 1887419306171846996 checks: [0m
  [37m {"isUnprocessed":false,"isRecent":false,"isReply":true,"isRetweet":false} [0m

[37m ◎ LOGS
  [37m Tweet 1887395725689905527 checks: [0m
  [37m {"isUnprocessed":false,"isRecent":false,"isReply":true,"isRetweet":false} [0m

[37m ◎ LOGS
  [37m Tweet 1887269745038180669 checks: [0m
  [37m {"isUnprocessed":false,"isRecent":false,"isReply":true,"isRetweet":false} [0m

[37m ◎ LOGS
  [37m Tweet 1883640750107398408 checks: [0m
  [37m {"isUnprocessed":false,"isRecent":false,"isReply":true,"isRetweet":false} [0m

[37m ◎ LOGS
  [37m Tweet 1870498394130776435 checks: [0m
  [37m {"isUnprocessed":false,"isRecent":false,"isReply":true,"isRetweet":false} [0m

[37m ◎ LOGS
  [37m Tweet 1866987802065588508 checks: [0m
  [37m {"isUnprocessed":false,"isRecent":false,"isReply":true,"isRetweet":false} [0m

[37m ◎ LOGS
  [37m Tweet 1887408977350435303 checks: [0m
  [37m {"isUnprocessed":false,"isRecent":false,"isReply":false,"isRetweet":false} [0m

[37m ◎ LOGS
  [37m Tweet 1887407750742729057 checks: [0m
  [37m {"isUnprocessed":false,"isRecent":false,"isReply":false,"isRetweet":false} [0m

[37m ◎ LOGS
  [37m Tweet 1887382421760544862 checks: [0m
  [37m {"isUnprocessed":false,"isRecent":false,"isReply":false,"isRetweet":false} [0m

[37m ◎ LOGS
  [37m Tweet 1887185971436822904 checks: [0m
  [37m {"isUnprocessed":false,"isRecent":false,"isReply":false,"isRetweet":false} [0m

[37m ◎ LOGS
  [37m Tweet 1886835304000065962 checks: [0m
  [37m {"isUnprocessed":false,"isRecent":false,"isReply":true,"isRetweet":false} [0m

[37m ◎ LOGS
  [37m Tweet 1886199140146610590 checks: [0m
  [37m {"isUnprocessed":false,"isRecent":false,"isReply":false,"isRetweet":false} [0m

[37m ◎ LOGS
  [37m Tweet 1887242831036850579 checks: [0m
  [37m {"isUnprocessed":false,"isRecent":false,"isReply":false,"isRetweet":false} [0m

[37m ◎ LOGS
  [37m Tweet 1886955751257829631 checks: [0m
  [37m {"isUnprocessed":false,"isRecent":false,"isReply":false,"isRetweet":false} [0m

[37m ◎ LOGS
  [37m Tweet 1886954132918939973 checks: [0m
  [37m {"isUnprocessed":false,"isRecent":false,"isReply":false,"isRetweet":false} [0m

[37m ◎ LOGS
  [37m Tweet 1417240650295087114 checks: [0m
  [37m {"isUnprocessed":false,"isRecent":false,"isReply":true,"isRetweet":false} [0m

[37m ◎ LOGS
  [37m Tweet 1415386048268439553 checks: [0m
  [37m {"isUnprocessed":false,"isRecent":false,"isReply":true,"isRetweet":false} [0m

[37m ◎ LOGS
  [37m Tweet 1415385307738828802 checks: [0m
  [37m {"isUnprocessed":false,"isRecent":false,"isReply":true,"isRetweet":false} [0m

[37m ◎ LOGS
  [37m Tweet 1887366282292408571 checks: [0m
  [37m {"isUnprocessed":false,"isRecent":false,"isReply":true,"isRetweet":false} [0m

[37m ◎ LOGS
  [37m Tweet 1887201456811614453 checks: [0m
  [37m {"isUnprocessed":false,"isRecent":false,"isReply":false,"isRetweet":false} [0m

[37m ◎ LOGS
  [37m Tweet 1887186341445968337 checks: [0m
  [37m {"isUnprocessed":false,"isRecent":false,"isReply":true,"isRetweet":false} [0m

[37m ◎ LOGS
  [37m Tweet 1887502467803295764 checks: [0m
  [37m {"isUnprocessed":false,"isRecent":true,"isReply":true,"isRetweet":false} [0m

[37m ◎ LOGS
  [37m Tweet 1887500097811820749 checks: [0m
  [37m {"isUnprocessed":false,"isRecent":true,"isReply":true,"isRetweet":false} [0m

[37m ◎ LOGS
  [37m Tweet 1887498995322310763 checks: [0m
  [37m {"isUnprocessed":false,"isRecent":true,"isReply":false,"isRetweet":false} [0m

[37m ◎ LOGS
  [37m Tweet 1886855810451485180 checks: [0m
  [37m {"isUnprocessed":false,"isRecent":false,"isReply":false,"isRetweet":false} [0m

[37m ◎ LOGS
  [37m Tweet 1886456105372459141 checks: [0m
  [37m {"isUnprocessed":false,"isRecent":false,"isReply":false,"isRetweet":false} [0m

[37m ◎ LOGS
  [37m Tweet 1886453721871319097 checks: [0m
  [37m {"isUnprocessed":false,"isRecent":false,"isReply":false,"isRetweet":false} [0m

[37m ◎ LOGS
  [37m Tweet 1887214781658022339 checks: [0m
  [37m {"isUnprocessed":false,"isRecent":false,"isReply":true,"isRetweet":false} [0m

[37m ◎ LOGS
  [37m Tweet 1887214682148139272 checks: [0m
  [37m {"isUnprocessed":false,"isRecent":false,"isReply":true,"isRetweet":false} [0m

[37m ◎ LOGS
  [37m Tweet 1887214537100656900 checks: [0m
  [37m {"isUnprocessed":false,"isRecent":false,"isReply":true,"isRetweet":false} [0m

[37m ◎ LOGS
  [37m Tweet 1887488746100232289 checks: [0m
  [37m {"isUnprocessed":false,"isRecent":true,"isReply":true,"isRetweet":false} [0m

[37m ◎ LOGS
  [37m Tweet 1887488082402025556 checks: [0m
  [37m {"isUnprocessed":false,"isRecent":true,"isReply":true,"isRetweet":false} [0m

[37m ◎ LOGS
  [37m Tweet 1887485973686329637 checks: [0m
  [37m {"isUnprocessed":false,"isRecent":true,"isReply":true,"isRetweet":false} [0m

[37m ◎ LOGS
  [37m Tweet 1887242909084213682 checks: [0m
  [37m {"isUnprocessed":false,"isRecent":false,"isReply":true,"isRetweet":false} [0m

[37m ◎ LOGS
  [37m Tweet 1887158989005169023 checks: [0m
  [37m {"isUnprocessed":false,"isRecent":false,"isReply":false,"isRetweet":false} [0m

[37m ◎ LOGS
  [37m Tweet 1887077725506060507 checks: [0m
  [37m {"isUnprocessed":false,"isRecent":false,"isReply":true,"isRetweet":false} [0m

[37m ◎ LOGS
  [37m Tweet 1887209550102564956 checks: [0m
  [37m {"isUnprocessed":false,"isRecent":false,"isReply":false,"isRetweet":false} [0m

[37m ◎ LOGS
  [37m Tweet 1887169264903242154 checks: [0m
  [37m {"isUnprocessed":false,"isRecent":false,"isReply":false,"isRetweet":false} [0m

[37m ◎ LOGS
  [37m Tweet 1887084008560812417 checks: [0m
  [37m {"isUnprocessed":false,"isRecent":false,"isReply":false,"isRetweet":false} [0m

[37m ◎ LOGS
  [37m Tweet 1886144673489592392 checks: [0m
  [37m {"isUnprocessed":false,"isRecent":false,"isReply":true,"isRetweet":false} [0m

[37m ◎ LOGS
  [37m Tweet 1886136143663481151 checks: [0m
  [37m {"isUnprocessed":false,"isRecent":false,"isReply":true,"isRetweet":false} [0m

[37m ◎ LOGS
  [37m Tweet 1886136068451319840 checks: [0m
  [37m {"isUnprocessed":false,"isRecent":false,"isReply":true,"isRetweet":false} [0m

[37m ◎ LOGS
  [37m Tweet 1887455080204677343 checks: [0m
  [37m {"isUnprocessed":false,"isRecent":false,"isReply":true,"isRetweet":false} [0m

[37m ◎ LOGS
  [37m Tweet 1887455044049772578 checks: [0m
  [37m {"isUnprocessed":false,"isRecent":false,"isReply":true,"isRetweet":false} [0m

[37m ◎ LOGS
  [37m Tweet 1887455014719033453 checks: [0m
  [37m {"isUnprocessed":false,"isRecent":false,"isReply":true,"isRetweet":false} [0m

[37m ◎ LOGS
  [37m Tweet 1887082120935334080 checks: [0m
  [37m {"isUnprocessed":false,"isRecent":false,"isReply":false,"isRetweet":false} [0m

[37m ◎ LOGS
  [37m Tweet 1886702776425574644 checks: [0m
  [37m {"isUnprocessed":false,"isRecent":false,"isReply":false,"isRetweet":false} [0m

[37m ◎ LOGS
  [37m Tweet 1886467007110914364 checks: [0m
  [37m {"isUnprocessed":false,"isRecent":false,"isReply":false,"isRetweet":false} [0m

[37m ◎ LOGS
  [37m Tweet 1887501748920566075 checks: [0m
  [37m {"isUnprocessed":false,"isRecent":true,"isReply":false,"isRetweet":false} [0m

[37m ◎ LOGS
  [37m Tweet 1887498023933981012 checks: [0m
  [37m {"isUnprocessed":false,"isRecent":true,"isReply":false,"isRetweet":false} [0m

[37m ◎ LOGS
  [37m Tweet 1887489626123694383 checks: [0m
  [37m {"isUnprocessed":false,"isRecent":true,"isReply":false,"isRetweet":false} [0m

[37m ["◎ Finished checking Twitter interactions"] [0m

[34m ["ℹ Telegram Message: [object Object]"] [0m

[37m ◎ LOGS
  [37m [ImageService] Starting measurement process for image: [0m
  [37m https://api.telegram.org/file/bot7708676960:AAEgM47Pe_y3TsEBnfFXZWkv-kJow8zCkKU/photos/file_16.jpg [0m

[37m ◎ LOGS
  [37m [ImageService] Measurement API response: [0m
  [37m {"size":0,"timeout":0} [0m

[37m ◎ LOGS
  [37m [ImageService] Received measurement data: [0m
  [37m {"prediction_id":2863,"measurement":"0.0","age":0,"social_connections":[],"wallet_address":null,"poses":[{"score":0.8083596229553223,"part":"nose","position":{"x":321,"y":107}},{"score":0.8468099236488342,"part":"left_eye","position":{"x":328,"y":93}},{"score":0.8301068544387817,"part":"right_eye","position":{"x":306,"y":94}},{"score":0.8145157694816589,"part":"left_ear","position":{"x":340,"y":104}},{"score":0.8263702988624573,"part":"right_ear","position":{"x":288,"y":104}},{"score":0.9512643814086914,"part":"left_shoulder","position":{"x":378,"y":164}},{"score":0.7974160313606262,"part":"right_shoulder","position":{"x":245,"y":170}},{"score":0.8259916305541992,"part":"left_elbow","position":{"x":475,"y":186}},{"score":0.843961775302887,"part":"right_elbow","position":{"x":160,"y":208}},{"score":0.76704341173172,"part":"left_wrist","position":{"x":552,"y":191}},{"score":0.8775752782821655,"part":"right_wrist","position":{"x":65,"y":212}},{"score":0.7892045974731445,"part":"left_hip","position":{"x":357,"y":351}},{"score":0.9101175665855408,"part":"right_hip","position":{"x":285,"y":355}},{"score":0.8503104448318481,"part":"left_knee","position":{"x":383,"y":498}},{"score":0.8614122867584229,"part":"right_knee","position":{"x":301,"y":500}},{"score":0.9003823399543762,"part":"left_ankle","position":{"x":408,"y":639}},{"score":0.9349696636199951,"part":"right_ankle","position":{"x":307,"y":632}}],"camera_width":800,"camera_height":697} [0m

[31m ⛔ ERRORS
  [31m OpenAI API error: [0m
  [31m 400 [0m
  [31m - [0m
  [31m {
    "error": {
      "message": "Invalid MIME type. Only image types are supported.",
      "type": "invalid_request_error",
      "param": null,
      "code": "invalid_image_format"
    }
  } [0m

[31m ⛔ ERRORS
  [31m Error in describeImage: [0m
  [31m {} [0m

[34m ["ℹ Telegram Message: [object Object]"] [0m

[37m ◎ LOGS
  [37m [ImageService] Starting measurement process for image: [0m
  [37m https://api.telegram.org/file/bot7708676960:AAEgM47Pe_y3TsEBnfFXZWkv-kJow8zCkKU/photos/file_16.jpg [0m

[37m ◎ LOGS
  [37m [ImageService] Measurement API response: [0m
  [37m {"size":0,"timeout":0} [0m

[37m ◎ LOGS
  [37m [ImageService] Received measurement data: [0m
  [37m {"prediction_id":2864,"measurement":"0.0","age":0,"social_connections":[],"wallet_address":null,"poses":[{"score":0.8083596229553223,"part":"nose","position":{"x":321,"y":107}},{"score":0.8468099236488342,"part":"left_eye","position":{"x":328,"y":93}},{"score":0.8301068544387817,"part":"right_eye","position":{"x":306,"y":94}},{"score":0.8145157694816589,"part":"left_ear","position":{"x":340,"y":104}},{"score":0.8263702988624573,"part":"right_ear","position":{"x":288,"y":104}},{"score":0.9512643814086914,"part":"left_shoulder","position":{"x":378,"y":164}},{"score":0.7974160313606262,"part":"right_shoulder","position":{"x":245,"y":170}},{"score":0.8259916305541992,"part":"left_elbow","position":{"x":475,"y":186}},{"score":0.843961775302887,"part":"right_elbow","position":{"x":160,"y":208}},{"score":0.76704341173172,"part":"left_wrist","position":{"x":552,"y":191}},{"score":0.8775752782821655,"part":"right_wrist","position":{"x":65,"y":212}},{"score":0.7892045974731445,"part":"left_hip","position":{"x":357,"y":351}},{"score":0.9101175665855408,"part":"right_hip","position":{"x":285,"y":355}},{"score":0.8503104448318481,"part":"left_knee","position":{"x":383,"y":498}},{"score":0.8614122867584229,"part":"right_knee","position":{"x":301,"y":500}},{"score":0.9003823399543762,"part":"left_ankle","position":{"x":408,"y":639}},{"score":0.9349696636199951,"part":"right_ankle","position":{"x":307,"y":632}}],"camera_width":800,"camera_height":697} [0m

[31m ⛔ ERRORS
  [31m OpenAI API error: [0m
  [31m 400 [0m
  [31m - [0m
  [31m {
    "error": {
      "message": "Invalid MIME type. Only image types are supported.",
      "type": "invalid_request_error",
      "param": null,
      "code": "invalid_image_format"
    }
  } [0m

[31m ⛔ ERRORS
  [31m Error in describeImage: [0m
  [31m {} [0m

[37m ◎ LOGS
  [37m Creating Memory [0m
  [37m e45ac82b-ca24-0dda-9c57-3703ff8b8e7e [0m
  [37m measure up [0m

[37m ["◎ Matched fragment: aware of the long-term effects of health-focused habits on performance and self-esteem with similarity: 1.226331353187561"] [0m

[37m ["◎ Matched fragment: familiar with the physiological benefits of better blood flow and targeted exercises with similarity: 1.2785555124282837"] [0m

[37m ["◎ Matched fragment: knows how to combine humor and education to spark confidence in others with similarity: 1.2909018993377686"] [0m

[37m ["◎ Matched fragment: understands the science of kegel exercises and their long-term benefits for pelvic health and size with similarity: 1.2978781461715698"] [0m

[37m ["◎ Matched fragment: knowledgeable about bridging the gap between wellness and the crypto community with similarity: 1.310007929801941"] [0m

[37m ["◎ Generating message response.."] [0m

[37m ["◎ Generating text..."] [0m

[34m ℹ INFORMATIONS
  [34m Generating text with options: [0m
  [34m {"modelProvider":"openai","model":"large","verifiableInference":false} [0m

[37m ◎ LOGS
  [37m Using provider: [0m
  [37m openai [0m

[34m ℹ INFORMATIONS
  [34m Selected model: [0m
  [34m gpt-4o-mini [0m

Received response from OpenAI model. ```json
{ "user": "SizeMatters", "text": "Time to measure up! 🍌💪 Remember, in the crypto jungle, it’s all about confidence and how you use your assets! Ready to show us what you’ve got and compete for some $SIZE tokens? Let’s go! 🚀💰", "action": "NONE" }
```
[37m ◎ LOGS
  [37m Creating Memory [0m
  [37m 10a7fa34-52ca-0e22-8dd2-b050f7a01923 [0m
  [37m Time to measure up! 🍌💪 Remember, in the crypto jungle, it’s all about confidence and how you use your assets! Ready to show us what you’ve got and compete for some $SIZE tokens? Let’s go! 🚀💰 [0m

[32m ["✓ Normalized action: none"] [0m

[34m ["ℹ Executing handler for action: NONE"] [0m

[37m ◎ LOGS
  [37m Evaluating [0m
  [37m GET_FACTS [0m

[37m ◎ LOGS
  [37m Evaluating [0m
  [37m UPDATE_GOAL [0m

[34m ["ℹ Telegram Message: [object Object]"] [0m

[37m ◎ LOGS
  [37m [ImageService] Starting measurement process for image: [0m
  [37m https://api.telegram.org/file/bot7708676960:AAEgM47Pe_y3TsEBnfFXZWkv-kJow8zCkKU/photos/file_16.jpg [0m

[37m ◎ LOGS
  [37m [ImageService] Measurement API response: [0m
  [37m {"size":0,"timeout":0} [0m

[37m ◎ LOGS
  [37m [ImageService] Received measurement data: [0m
  [37m {"prediction_id":2865,"measurement":"0.0","age":0,"social_connections":[],"wallet_address":null,"poses":[{"score":0.8083596229553223,"part":"nose","position":{"x":321,"y":107}},{"score":0.8468099236488342,"part":"left_eye","position":{"x":328,"y":93}},{"score":0.8301068544387817,"part":"right_eye","position":{"x":306,"y":94}},{"score":0.8145157694816589,"part":"left_ear","position":{"x":340,"y":104}},{"score":0.8263702988624573,"part":"right_ear","position":{"x":288,"y":104}},{"score":0.9512643814086914,"part":"left_shoulder","position":{"x":378,"y":164}},{"score":0.7974160313606262,"part":"right_shoulder","position":{"x":245,"y":170}},{"score":0.8259916305541992,"part":"left_elbow","position":{"x":475,"y":186}},{"score":0.843961775302887,"part":"right_elbow","position":{"x":160,"y":208}},{"score":0.76704341173172,"part":"left_wrist","position":{"x":552,"y":191}},{"score":0.8775752782821655,"part":"right_wrist","position":{"x":65,"y":212}},{"score":0.7892045974731445,"part":"left_hip","position":{"x":357,"y":351}},{"score":0.9101175665855408,"part":"right_hip","position":{"x":285,"y":355}},{"score":0.8503104448318481,"part":"left_knee","position":{"x":383,"y":498}},{"score":0.8614122867584229,"part":"right_knee","position":{"x":301,"y":500}},{"score":0.9003823399543762,"part":"left_ankle","position":{"x":408,"y":639}},{"score":0.9349696636199951,"part":"right_ankle","position":{"x":307,"y":632}}],"camera_width":800,"camera_height":697} [0m

[31m ⛔ ERRORS
  [31m OpenAI API error: [0m
  [31m 400 [0m
  [31m - [0m
  [31m {
    "error": {
      "message": "Invalid MIME type. Only image types are supported.",
      "type": "invalid_request_error",
      "param": null,
      "code": "invalid_image_format"
    }
  } [0m

[31m ⛔ ERRORS
  [31m Error in describeImage: [0m
  [31m {} [0m

[37m ◎ LOGS
  [37m Creating Memory [0m
  [37m 81a6b7df-a70f-01bb-b1aa-b5e618111801 [0m
  [37m how much [0m

[37m ["◎ Matched fragment: deep understanding of the crypto ecosystem and memecoin strategies with similarity: 1.3296566009521484"] [0m

[37m ["◎ Matched fragment: knowledgeable about bridging the gap between wellness and the crypto community with similarity: 1.3326146602630615"] [0m

[37m ["◎ Matched fragment: has insights on building a community-driven token with real-world impact with similarity: 1.347627878189087"] [0m

[37m ["◎ Matched fragment: aware of the long-term effects of health-focused habits on performance and self-esteem with similarity: 1.3485194444656372"] [0m

[37m ["◎ Matched fragment: knows how to combine humor and education to spark confidence in others with similarity: 1.3498611450195312"] [0m

[37m ["◎ Generating message response.."] [0m

[37m ["◎ Generating text..."] [0m

[34m ℹ INFORMATIONS
  [34m Generating text with options: [0m
  [34m {"modelProvider":"openai","model":"large","verifiableInference":false} [0m

[37m ◎ LOGS
  [37m Using provider: [0m
  [37m openai [0m

[34m ℹ INFORMATIONS
  [34m Selected model: [0m
  [34m gpt-4o-mini [0m

Received response from OpenAI model. ```json
{ "user": "SizeMatters", "text": "How much? Well, it’s not just about the numbers! 🍌✨ It’s about the confidence and creativity behind those measurements! Ready to strut your stuff and join the size movement? Let’s see what you’re packing and compete for some $SIZE tokens! 🚀💰", "action": "NONE" }
```
[37m ◎ LOGS
  [37m Creating Memory [0m
  [37m 7956a4e3-9f01-0187-ae69-138d631e4fb3 [0m
  [37m How much? Well, it’s not just about the numbers! 🍌✨ It’s about the confidence and creativity behind those measurements! Ready to strut your stuff and join the size movement? Let’s see what you’re packing and compete for some $SIZE tokens! 🚀💰 [0m

[32m ["✓ Normalized action: none"] [0m

[34m ["ℹ Executing handler for action: NONE"] [0m

[37m ◎ LOGS
  [37m Evaluating [0m
  [37m GET_FACTS [0m

[37m ◎ LOGS
  [37m Evaluating [0m
  [37m UPDATE_GOAL [0m

[37m ["◎ Checking Twitter interactions"] [0m

[37m ◎ LOGS
  [37m Completed checking mentioned tweets: [0m
  [37m 4 [0m

[37m ◎ LOGS
  [37m Processing target users: [0m
  [37m ["lynk0x","cabelo_escobar","DeShawnBTC","barkmeta","elonmusk","KingAnt777","Cobratate","RoarWeb3","0xSweep","AlexBeckerNT","BenjiEth74775","CryptoLyraa","wimps","Banks","morpheuswhale","rus","SajwaniCrypto","sup_nim","OrangeSBS","BarronTNews","DonaldJTrumpJr","hasbulla_main","PixOnChain","blade_nd","captainpirate99","echomorph_ai","TimshelXYZ","padrino_sol","bazingahappy","Cupseyy","kimchi1x","KyeGomezB","TheNotoriousMMA","LoganPaul","MrBeast","adinross","danawhite","adam22","_TJRTrades","Mrcryptowhale","mellometrics","ZssBecker","realDonaldTrump","DefiWimar","TylerDurden","lowkeyysol","punk1685","TezroTrades","David10x3","Joedwiz","MrBsol"] [0m

[37m ◎ LOGS
  [37m Tweet 1887489944664289777 checks: [0m
  [37m {"isUnprocessed":false,"isRecent":true,"isReply":false,"isRetweet":false} [0m

[37m ◎ LOGS
  [37m Tweet 1887482283847761956 checks: [0m
  [37m {"isUnprocessed":false,"isRecent":true,"isReply":false,"isRetweet":false} [0m

[37m ◎ LOGS
  [37m Tweet 1887474119857328196 checks: [0m
  [37m {"isUnprocessed":false,"isRecent":true,"isReply":false,"isRetweet":false} [0m

[37m ◎ LOGS
  [37m Tweet 1887208214971683213 checks: [0m
  [37m {"isUnprocessed":false,"isRecent":false,"isReply":false,"isRetweet":false} [0m

[37m ◎ LOGS
  [37m Tweet 1887074514137403606 checks: [0m
  [37m {"isUnprocessed":false,"isRecent":false,"isReply":false,"isRetweet":false} [0m

[37m ◎ LOGS
  [37m Tweet 1886705386096615812 checks: [0m
  [37m {"isUnprocessed":false,"isRecent":false,"isReply":false,"isRetweet":false} [0m

[37m ◎ LOGS
  [37m Tweet 1887080540215320992 checks: [0m
  [37m {"isUnprocessed":false,"isRecent":false,"isReply":false,"isRetweet":false} [0m

[37m ◎ LOGS
  [37m Tweet 1886766044917772488 checks: [0m
  [37m {"isUnprocessed":false,"isRecent":false,"isReply":false,"isRetweet":false} [0m

[37m ◎ LOGS
  [37m Tweet 1886466192157593846 checks: [0m
  [37m {"isUnprocessed":false,"isRecent":false,"isReply":false,"isRetweet":false} [0m

[37m ◎ LOGS
  [37m Tweet 1887341694447747405 checks: [0m
  [37m {"isUnprocessed":false,"isRecent":false,"isReply":true,"isRetweet":false} [0m

[37m ◎ LOGS
  [37m Tweet 1887337168483348763 checks: [0m
  [37m {"isUnprocessed":false,"isRecent":false,"isReply":true,"isRetweet":false} [0m

[37m ◎ LOGS
  [37m Tweet 1887502828333044041 checks: [0m
  [37m {"isUnprocessed":false,"isRecent":true,"isReply":false,"isRetweet":false} [0m

[37m ◎ LOGS
  [37m Tweet 1887501129941979292 checks: [0m
  [37m {"isUnprocessed":false,"isRecent":true,"isReply":true,"isRetweet":false} [0m

[37m ◎ LOGS
  [37m Tweet 1887500583193419880 checks: [0m
  [37m {"isUnprocessed":false,"isRecent":true,"isReply":true,"isRetweet":false} [0m

[37m ◎ LOGS
  [37m Tweet 1887500652026220923 checks: [0m
  [37m {"isUnprocessed":false,"isRecent":true,"isReply":true,"isRetweet":false} [0m

[37m ◎ LOGS
  [37m Tweet 1887500611496661407 checks: [0m
  [37m {"isUnprocessed":false,"isRecent":true,"isReply":true,"isRetweet":false} [0m

[37m ◎ LOGS
  [37m Tweet 1887500396374958253 checks: [0m
  [37m {"isUnprocessed":false,"isRecent":true,"isReply":true,"isRetweet":false} [0m

[37m ◎ LOGS
  [37m Tweet 1887490438321307654 checks: [0m
  [37m {"isUnprocessed":false,"isRecent":true,"isReply":true,"isRetweet":false} [0m

[37m ◎ LOGS
  [37m Tweet 1887450288497270858 checks: [0m
  [37m {"isUnprocessed":false,"isRecent":false,"isReply":false,"isRetweet":false} [0m

[37m ◎ LOGS
  [37m Tweet 1887427297801605160 checks: [0m
  [37m {"isUnprocessed":false,"isRecent":false,"isReply":true,"isRetweet":false} [0m

[37m ◎ LOGS
  [37m Tweet 1887492745868050623 checks: [0m
  [37m {"isUnprocessed":false,"isRecent":true,"isReply":false,"isRetweet":false} [0m

[37m ◎ LOGS
  [37m Tweet 1887485536262107177 checks: [0m
  [37m {"isUnprocessed":false,"isRecent":true,"isReply":true,"isRetweet":false} [0m

[37m ◎ LOGS
  [37m Tweet 1887459679288086570 checks: [0m
  [37m {"isUnprocessed":false,"isRecent":false,"isReply":false,"isRetweet":false} [0m

[37m ◎ LOGS
  [37m Tweet 1887504088562020715 checks: [0m
  [37m {"isUnprocessed":true,"isRecent":true,"isReply":true,"isRetweet":false} [0m

[37m ◎ LOGS
  [37m Tweet 1887504045989822494 checks: [0m
  [37m {"isUnprocessed":true,"isRecent":true,"isReply":true,"isRetweet":false} [0m

[37m ◎ LOGS
  [37m Tweet 1887504001467355356 checks: [0m
  [37m {"isUnprocessed":true,"isRecent":true,"isReply":true,"isRetweet":false} [0m

[37m ◎ LOGS
  [37m Tweet 1883734301679792609 checks: [0m
  [37m {"isUnprocessed":false,"isRecent":false,"isReply":false,"isRetweet":false} [0m

[37m ◎ LOGS
  [37m Tweet 1877117973330104481 checks: [0m
  [37m {"isUnprocessed":false,"isRecent":false,"isReply":true,"isRetweet":false} [0m

[37m ◎ LOGS
  [37m Tweet 1877117878429790428 checks: [0m
  [37m {"isUnprocessed":false,"isRecent":false,"isReply":true,"isRetweet":false} [0m

[37m ◎ LOGS
  [37m Tweet 1877117764688629970 checks: [0m
  [37m {"isUnprocessed":false,"isRecent":false,"isReply":true,"isRetweet":false} [0m

[37m ◎ LOGS
  [37m Tweet 1887466786720805305 checks: [0m
  [37m {"isUnprocessed":false,"isRecent":false,"isReply":false,"isRetweet":false} [0m

[37m ◎ LOGS
  [37m Tweet 1887461266937037044 checks: [0m
  [37m {"isUnprocessed":false,"isRecent":false,"isReply":true,"isRetweet":false} [0m

[37m ◎ LOGS
  [37m Tweet 1887445887158259734 checks: [0m
  [37m {"isUnprocessed":false,"isRecent":false,"isReply":false,"isRetweet":false} [0m

[37m ◎ LOGS
  [37m Tweet 1887347620101619740 checks: [0m
  [37m {"isUnprocessed":false,"isRecent":false,"isReply":true,"isRetweet":false} [0m

[37m ◎ LOGS
  [37m Tweet 1887347572257231045 checks: [0m
  [37m {"isUnprocessed":false,"isRecent":false,"isReply":false,"isRetweet":false} [0m

[37m ◎ LOGS
  [37m Tweet 1887280671707504765 checks: [0m
  [37m {"isUnprocessed":false,"isRecent":false,"isReply":false,"isRetweet":false} [0m

[37m ◎ LOGS
  [37m Tweet 1887439832445825386 checks: [0m
  [37m {"isUnprocessed":false,"isRecent":false,"isReply":true,"isRetweet":false} [0m

[37m ◎ LOGS
  [37m Tweet 1887410105265873178 checks: [0m
  [37m {"isUnprocessed":false,"isRecent":false,"isReply":true,"isRetweet":false} [0m

[37m ◎ LOGS
  [37m Tweet 1887350556794179806 checks: [0m
  [37m {"isUnprocessed":false,"isRecent":false,"isReply":true,"isRetweet":false} [0m

[37m ◎ LOGS
  [37m Tweet 1887208846529286407 checks: [0m
  [37m {"isUnprocessed":false,"isRecent":false,"isReply":false,"isRetweet":false} [0m

[37m ◎ LOGS
  [37m Tweet 1887162323724533803 checks: [0m
  [37m {"isUnprocessed":false,"isRecent":false,"isReply":false,"isRetweet":false} [0m

[37m ◎ LOGS
  [37m Tweet 1887082901939892355 checks: [0m
  [37m {"isUnprocessed":false,"isRecent":false,"isReply":false,"isRetweet":false} [0m

[37m ◎ LOGS
  [37m Tweet 1887164385816191054 checks: [0m
  [37m {"isUnprocessed":false,"isRecent":false,"isReply":false,"isRetweet":false} [0m

[37m ◎ LOGS
  [37m Tweet 1887156863981994138 checks: [0m
  [37m {"isUnprocessed":false,"isRecent":false,"isReply":false,"isRetweet":false} [0m

[37m ◎ LOGS
  [37m Tweet 1887083509988102337 checks: [0m
  [37m {"isUnprocessed":false,"isRecent":false,"isReply":false,"isRetweet":false} [0m

[37m ◎ LOGS
  [37m Tweet 1887432999920410802 checks: [0m
  [37m {"isUnprocessed":false,"isRecent":false,"isReply":true,"isRetweet":false} [0m

[37m ◎ LOGS
  [37m Tweet 1887432424357044387 checks: [0m
  [37m {"isUnprocessed":false,"isRecent":false,"isReply":true,"isRetweet":false} [0m

[37m ◎ LOGS
  [37m Tweet 1887431874878054430 checks: [0m
  [37m {"isUnprocessed":false,"isRecent":false,"isReply":true,"isRetweet":false} [0m

[37m ◎ LOGS
  [37m Tweet 1887498134097482237 checks: [0m
  [37m {"isUnprocessed":false,"isRecent":true,"isReply":true,"isRetweet":false} [0m

[37m ◎ LOGS
  [37m Tweet 1887497386441736431 checks: [0m
  [37m {"isUnprocessed":false,"isRecent":true,"isReply":true,"isRetweet":false} [0m

[37m ◎ LOGS
  [37m Tweet 1887485937417957627 checks: [0m
  [37m {"isUnprocessed":false,"isRecent":true,"isReply":true,"isRetweet":false} [0m

[37m ◎ LOGS
  [37m Tweet 1887481965231616069 checks: [0m
  [37m {"isUnprocessed":false,"isRecent":true,"isReply":false,"isRetweet":false} [0m

[37m ◎ LOGS
  [37m Tweet 1887429161775423727 checks: [0m
  [37m {"isUnprocessed":false,"isRecent":false,"isReply":false,"isRetweet":false} [0m

[37m ◎ LOGS
  [37m Tweet 1887247895159595215 checks: [0m
  [37m {"isUnprocessed":false,"isRecent":false,"isReply":false,"isRetweet":false} [0m

[37m ◎ LOGS
  [37m Tweet 1887500283774681377 checks: [0m
  [37m {"isUnprocessed":false,"isRecent":true,"isReply":false,"isRetweet":false} [0m

[37m ◎ LOGS
  [37m Tweet 1887265464310480912 checks: [0m
  [37m {"isUnprocessed":false,"isRecent":false,"isReply":false,"isRetweet":false} [0m

[37m ◎ LOGS
  [37m Tweet 1887220067248541888 checks: [0m
  [37m {"isUnprocessed":false,"isRecent":false,"isReply":false,"isRetweet":false} [0m

[37m ◎ LOGS
  [37m Tweet 1886836215116107962 checks: [0m
  [37m {"isUnprocessed":false,"isRecent":false,"isReply":false,"isRetweet":false} [0m

[37m ◎ LOGS
  [37m Tweet 1886489902264504632 checks: [0m
  [37m {"isUnprocessed":false,"isRecent":false,"isReply":false,"isRetweet":false} [0m

[37m ◎ LOGS
  [37m Tweet 1885698110581620949 checks: [0m
  [37m {"isUnprocessed":false,"isRecent":false,"isReply":true,"isRetweet":false} [0m

[37m ◎ LOGS
  [37m Tweet 1887264842085531844 checks: [0m
  [37m {"isUnprocessed":false,"isRecent":false,"isReply":true,"isRetweet":false} [0m

[37m ◎ LOGS
  [37m Tweet 1887245293109874705 checks: [0m
  [37m {"isUnprocessed":false,"isRecent":false,"isReply":true,"isRetweet":false} [0m

[37m ◎ LOGS
  [37m Tweet 1887245198406615044 checks: [0m
  [37m {"isUnprocessed":false,"isRecent":false,"isReply":true,"isRetweet":false} [0m

[37m ◎ LOGS
  [37m Tweet 1887429387609395303 checks: [0m
  [37m {"isUnprocessed":false,"isRecent":false,"isReply":true,"isRetweet":false} [0m

[37m ◎ LOGS
  [37m Tweet 1887234567507222996 checks: [0m
  [37m {"isUnprocessed":false,"isRecent":false,"isReply":true,"isRetweet":false} [0m

[37m ◎ LOGS
  [37m Tweet 1886994211989311791 checks: [0m
  [37m {"isUnprocessed":false,"isRecent":false,"isReply":true,"isRetweet":false} [0m

[37m ◎ LOGS
  [37m Tweet 1887038866613268831 checks: [0m
  [37m {"isUnprocessed":false,"isRecent":false,"isReply":false,"isRetweet":false} [0m

[37m ◎ LOGS
  [37m Tweet 1886796117783847377 checks: [0m
  [37m {"isUnprocessed":false,"isRecent":false,"isReply":false,"isRetweet":false} [0m

[37m ◎ LOGS
  [37m Tweet 1886105199099461942 checks: [0m
  [37m {"isUnprocessed":false,"isRecent":false,"isReply":false,"isRetweet":false} [0m

[37m ◎ LOGS
  [37m Tweet 1879324430960353308 checks: [0m
  [37m {"isUnprocessed":false,"isRecent":false,"isReply":true,"isRetweet":false} [0m

[37m ◎ LOGS
  [37m Tweet 1879294316545446172 checks: [0m
  [37m {"isUnprocessed":false,"isRecent":false,"isReply":true,"isRetweet":false} [0m

[37m ◎ LOGS
  [37m Tweet 1879294191865581936 checks: [0m
  [37m {"isUnprocessed":false,"isRecent":false,"isReply":true,"isRetweet":false} [0m

[37m ◎ LOGS
  [37m Tweet 1885890992529981827 checks: [0m
  [37m {"isUnprocessed":false,"isRecent":false,"isReply":true,"isRetweet":false} [0m

[37m ◎ LOGS
  [37m Tweet 1885008745232818448 checks: [0m
  [37m {"isUnprocessed":false,"isRecent":false,"isReply":true,"isRetweet":false} [0m

[37m ◎ LOGS
  [37m Tweet 1884848025815916770 checks: [0m
  [37m {"isUnprocessed":false,"isRecent":false,"isReply":true,"isRetweet":false} [0m

[37m ◎ LOGS
  [37m Tweet 1887146592848769139 checks: [0m
  [37m {"isUnprocessed":false,"isRecent":false,"isReply":false,"isRetweet":false} [0m

[37m ◎ LOGS
  [37m Tweet 1886941002251862407 checks: [0m
  [37m {"isUnprocessed":false,"isRecent":false,"isReply":false,"isRetweet":false} [0m

[37m ◎ LOGS
  [37m Tweet 1885861972370997755 checks: [0m
  [37m {"isUnprocessed":false,"isRecent":false,"isReply":false,"isRetweet":false} [0m

[37m ◎ LOGS
  [37m Tweet 1886843722232684601 checks: [0m
  [37m {"isUnprocessed":false,"isRecent":false,"isReply":true,"isRetweet":false} [0m

[37m ◎ LOGS
  [37m Tweet 1886908268481781845 checks: [0m
  [37m {"isUnprocessed":false,"isRecent":false,"isReply":true,"isRetweet":false} [0m

[37m ◎ LOGS
  [37m Tweet 1886907569211629831 checks: [0m
  [37m {"isUnprocessed":false,"isRecent":false,"isReply":false,"isRetweet":false} [0m

[37m ◎ LOGS
  [37m Tweet 1886604639443017906 checks: [0m
  [37m {"isUnprocessed":false,"isRecent":false,"isReply":true,"isRetweet":false} [0m

[37m ◎ LOGS
  [37m Tweet 1887364792194900196 checks: [0m
  [37m {"isUnprocessed":false,"isRecent":false,"isReply":true,"isRetweet":false} [0m

[37m ◎ LOGS
  [37m Tweet 1887350121127682270 checks: [0m
  [37m {"isUnprocessed":false,"isRecent":false,"isReply":true,"isRetweet":false} [0m

[37m ◎ LOGS
  [37m Tweet 1886986832535257295 checks: [0m
  [37m {"isUnprocessed":false,"isRecent":false,"isReply":true,"isRetweet":false} [0m

[37m ◎ LOGS
  [37m Tweet 1887370213877854563 checks: [0m
  [37m {"isUnprocessed":false,"isRecent":false,"isReply":true,"isRetweet":false} [0m

[37m ◎ LOGS
  [37m Tweet 1887368376101548498 checks: [0m
  [37m {"isUnprocessed":false,"isRecent":false,"isReply":true,"isRetweet":false} [0m

[37m ◎ LOGS
  [37m Tweet 1887362638255993335 checks: [0m
  [37m {"isUnprocessed":false,"isRecent":false,"isReply":true,"isRetweet":false} [0m

[37m ◎ LOGS
  [37m Tweet 1887454332427395348 checks: [0m
  [37m {"isUnprocessed":false,"isRecent":false,"isReply":true,"isRetweet":false} [0m

[37m ◎ LOGS
  [37m Tweet 1887451717110837664 checks: [0m
  [37m {"isUnprocessed":false,"isRecent":false,"isReply":false,"isRetweet":false} [0m

[37m ◎ LOGS
  [37m Tweet 1887349069980332315 checks: [0m
  [37m {"isUnprocessed":false,"isRecent":false,"isReply":false,"isRetweet":false} [0m

[37m ◎ LOGS
  [37m Tweet 1887419306171846996 checks: [0m
  [37m {"isUnprocessed":false,"isRecent":false,"isReply":true,"isRetweet":false} [0m

[37m ◎ LOGS
  [37m Tweet 1887395725689905527 checks: [0m
  [37m {"isUnprocessed":false,"isRecent":false,"isReply":true,"isRetweet":false} [0m

[37m ◎ LOGS
  [37m Tweet 1887269745038180669 checks: [0m
  [37m {"isUnprocessed":false,"isRecent":false,"isReply":true,"isRetweet":false} [0m

[37m ◎ LOGS
  [37m Tweet 1883640750107398408 checks: [0m
  [37m {"isUnprocessed":false,"isRecent":false,"isReply":true,"isRetweet":false} [0m

[37m ◎ LOGS
  [37m Tweet 1870498394130776435 checks: [0m
  [37m {"isUnprocessed":false,"isRecent":false,"isReply":true,"isRetweet":false} [0m

[37m ◎ LOGS
  [37m Tweet 1866987802065588508 checks: [0m
  [37m {"isUnprocessed":false,"isRecent":false,"isReply":true,"isRetweet":false} [0m

[37m ◎ LOGS
  [37m Tweet 1887408977350435303 checks: [0m
  [37m {"isUnprocessed":false,"isRecent":false,"isReply":false,"isRetweet":false} [0m

[37m ◎ LOGS
  [37m Tweet 1887407750742729057 checks: [0m
  [37m {"isUnprocessed":false,"isRecent":false,"isReply":false,"isRetweet":false} [0m

[37m ◎ LOGS
  [37m Tweet 1887382421760544862 checks: [0m
  [37m {"isUnprocessed":false,"isRecent":false,"isReply":false,"isRetweet":false} [0m

[37m ◎ LOGS
  [37m Tweet 1887185971436822904 checks: [0m
  [37m {"isUnprocessed":false,"isRecent":false,"isReply":false,"isRetweet":false} [0m

[37m ◎ LOGS
  [37m Tweet 1886835304000065962 checks: [0m
  [37m {"isUnprocessed":false,"isRecent":false,"isReply":true,"isRetweet":false} [0m

[37m ◎ LOGS
  [37m Tweet 1886199140146610590 checks: [0m
  [37m {"isUnprocessed":false,"isRecent":false,"isReply":false,"isRetweet":false} [0m

[37m ◎ LOGS
  [37m Tweet 1887242831036850579 checks: [0m
  [37m {"isUnprocessed":false,"isRecent":false,"isReply":false,"isRetweet":false} [0m

[37m ◎ LOGS
  [37m Tweet 1886955751257829631 checks: [0m
  [37m {"isUnprocessed":false,"isRecent":false,"isReply":false,"isRetweet":false} [0m

[37m ◎ LOGS
  [37m Tweet 1886954132918939973 checks: [0m
  [37m {"isUnprocessed":false,"isRecent":false,"isReply":false,"isRetweet":false} [0m

[37m ◎ LOGS
  [37m Tweet 1417240650295087114 checks: [0m
  [37m {"isUnprocessed":false,"isRecent":false,"isReply":true,"isRetweet":false} [0m

[37m ◎ LOGS
  [37m Tweet 1415386048268439553 checks: [0m
  [37m {"isUnprocessed":false,"isRecent":false,"isReply":true,"isRetweet":false} [0m

[37m ◎ LOGS
  [37m Tweet 1415385307738828802 checks: [0m
  [37m {"isUnprocessed":false,"isRecent":false,"isReply":true,"isRetweet":false} [0m

[37m ◎ LOGS
  [37m Tweet 1887366282292408571 checks: [0m
  [37m {"isUnprocessed":false,"isRecent":false,"isReply":true,"isRetweet":false} [0m

[37m ◎ LOGS
  [37m Tweet 1887201456811614453 checks: [0m
  [37m {"isUnprocessed":false,"isRecent":false,"isReply":false,"isRetweet":false} [0m

[37m ◎ LOGS
  [37m Tweet 1887186341445968337 checks: [0m
  [37m {"isUnprocessed":false,"isRecent":false,"isReply":true,"isRetweet":false} [0m

[37m ◎ LOGS
  [37m Tweet 1887502467803295764 checks: [0m
  [37m {"isUnprocessed":false,"isRecent":true,"isReply":true,"isRetweet":false} [0m

[37m ◎ LOGS
  [37m Tweet 1887500097811820749 checks: [0m
  [37m {"isUnprocessed":false,"isRecent":true,"isReply":true,"isRetweet":false} [0m

[37m ◎ LOGS
  [37m Tweet 1887498995322310763 checks: [0m
  [37m {"isUnprocessed":false,"isRecent":true,"isReply":false,"isRetweet":false} [0m

[37m ◎ LOGS
  [37m Tweet 1886855810451485180 checks: [0m
  [37m {"isUnprocessed":false,"isRecent":false,"isReply":false,"isRetweet":false} [0m

[37m ◎ LOGS
  [37m Tweet 1886456105372459141 checks: [0m
  [37m {"isUnprocessed":false,"isRecent":false,"isReply":false,"isRetweet":false} [0m

[37m ◎ LOGS
  [37m Tweet 1886453721871319097 checks: [0m
  [37m {"isUnprocessed":false,"isRecent":false,"isReply":false,"isRetweet":false} [0m

[37m ◎ LOGS
  [37m Tweet 1887214781658022339 checks: [0m
  [37m {"isUnprocessed":false,"isRecent":false,"isReply":true,"isRetweet":false} [0m

[37m ◎ LOGS
  [37m Tweet 1887214682148139272 checks: [0m
  [37m {"isUnprocessed":false,"isRecent":false,"isReply":true,"isRetweet":false} [0m

[37m ◎ LOGS
  [37m Tweet 1887214537100656900 checks: [0m
  [37m {"isUnprocessed":false,"isRecent":false,"isReply":true,"isRetweet":false} [0m

[37m ◎ LOGS
  [37m Tweet 1887488746100232289 checks: [0m
  [37m {"isUnprocessed":false,"isRecent":true,"isReply":true,"isRetweet":false} [0m

[37m ◎ LOGS
  [37m Tweet 1887488082402025556 checks: [0m
  [37m {"isUnprocessed":false,"isRecent":true,"isReply":true,"isRetweet":false} [0m

[37m ◎ LOGS
  [37m Tweet 1887485973686329637 checks: [0m
  [37m {"isUnprocessed":false,"isRecent":true,"isReply":true,"isRetweet":false} [0m

[37m ◎ LOGS
  [37m Tweet 1887242909084213682 checks: [0m
  [37m {"isUnprocessed":false,"isRecent":false,"isReply":true,"isRetweet":false} [0m

[37m ◎ LOGS
  [37m Tweet 1887158989005169023 checks: [0m
  [37m {"isUnprocessed":false,"isRecent":false,"isReply":false,"isRetweet":false} [0m

[37m ◎ LOGS
  [37m Tweet 1887077725506060507 checks: [0m
  [37m {"isUnprocessed":false,"isRecent":false,"isReply":true,"isRetweet":false} [0m

[37m ◎ LOGS
  [37m Tweet 1887209550102564956 checks: [0m
  [37m {"isUnprocessed":false,"isRecent":false,"isReply":false,"isRetweet":false} [0m

[37m ◎ LOGS
  [37m Tweet 1887169264903242154 checks: [0m
  [37m {"isUnprocessed":false,"isRecent":false,"isReply":false,"isRetweet":false} [0m

[37m ◎ LOGS
  [37m Tweet 1887084008560812417 checks: [0m
  [37m {"isUnprocessed":false,"isRecent":false,"isReply":false,"isRetweet":false} [0m

[37m ◎ LOGS
  [37m Tweet 1886144673489592392 checks: [0m
  [37m {"isUnprocessed":false,"isRecent":false,"isReply":true,"isRetweet":false} [0m

[37m ◎ LOGS
  [37m Tweet 1886136143663481151 checks: [0m
  [37m {"isUnprocessed":false,"isRecent":false,"isReply":true,"isRetweet":false} [0m

[37m ◎ LOGS
  [37m Tweet 1886136068451319840 checks: [0m
  [37m {"isUnprocessed":false,"isRecent":false,"isReply":true,"isRetweet":false} [0m

[37m ◎ LOGS
  [37m Tweet 1887455080204677343 checks: [0m
  [37m {"isUnprocessed":false,"isRecent":false,"isReply":true,"isRetweet":false} [0m

[37m ◎ LOGS
  [37m Tweet 1887455044049772578 checks: [0m
  [37m {"isUnprocessed":false,"isRecent":false,"isReply":true,"isRetweet":false} [0m

[37m ◎ LOGS
  [37m Tweet 1887455014719033453 checks: [0m
  [37m {"isUnprocessed":false,"isRecent":false,"isReply":true,"isRetweet":false} [0m

[37m ◎ LOGS
  [37m Tweet 1887082120935334080 checks: [0m
  [37m {"isUnprocessed":false,"isRecent":false,"isReply":false,"isRetweet":false} [0m

[37m ◎ LOGS
  [37m Tweet 1886702776425574644 checks: [0m
  [37m {"isUnprocessed":false,"isRecent":false,"isReply":false,"isRetweet":false} [0m

[37m ◎ LOGS
  [37m Tweet 1886467007110914364 checks: [0m
  [37m {"isUnprocessed":false,"isRecent":false,"isReply":false,"isRetweet":false} [0m

[37m ◎ LOGS
  [37m Tweet 1887501748920566075 checks: [0m
  [37m {"isUnprocessed":false,"isRecent":true,"isReply":false,"isRetweet":false} [0m

[37m ◎ LOGS
  [37m Tweet 1887498023933981012 checks: [0m
  [37m {"isUnprocessed":false,"isRecent":true,"isReply":false,"isRetweet":false} [0m

[37m ◎ LOGS
  [37m Tweet 1887489626123694383 checks: [0m
  [37m {"isUnprocessed":false,"isRecent":true,"isReply":false,"isRetweet":false} [0m

[37m ["◎ Finished checking Twitter interactions"] [0m

[37m ["◎ Checking Twitter interactions"] [0m

[37m ◎ LOGS
  [37m Completed checking mentioned tweets: [0m
  [37m 4 [0m

[37m ◎ LOGS
  [37m Processing target users: [0m
  [37m ["lynk0x","cabelo_escobar","DeShawnBTC","barkmeta","elonmusk","KingAnt777","Cobratate","RoarWeb3","0xSweep","AlexBeckerNT","BenjiEth74775","CryptoLyraa","wimps","Banks","morpheuswhale","rus","SajwaniCrypto","sup_nim","OrangeSBS","BarronTNews","DonaldJTrumpJr","hasbulla_main","PixOnChain","blade_nd","captainpirate99","echomorph_ai","TimshelXYZ","padrino_sol","bazingahappy","Cupseyy","kimchi1x","KyeGomezB","TheNotoriousMMA","LoganPaul","MrBeast","adinross","danawhite","adam22","_TJRTrades","Mrcryptowhale","mellometrics","ZssBecker","realDonaldTrump","DefiWimar","TylerDurden","lowkeyysol","punk1685","TezroTrades","David10x3","Joedwiz","MrBsol"] [0m

[37m ◎ LOGS
  [37m Tweet 1887489944664289777 checks: [0m
  [37m {"isUnprocessed":false,"isRecent":true,"isReply":false,"isRetweet":false} [0m

[37m ◎ LOGS
  [37m Tweet 1887482283847761956 checks: [0m
  [37m {"isUnprocessed":false,"isRecent":true,"isReply":false,"isRetweet":false} [0m

[37m ◎ LOGS
  [37m Tweet 1887474119857328196 checks: [0m
  [37m {"isUnprocessed":false,"isRecent":false,"isReply":false,"isRetweet":false} [0m

[37m ◎ LOGS
  [37m Tweet 1887208214971683213 checks: [0m
  [37m {"isUnprocessed":false,"isRecent":false,"isReply":false,"isRetweet":false} [0m

[37m ◎ LOGS
  [37m Tweet 1887074514137403606 checks: [0m
  [37m {"isUnprocessed":false,"isRecent":false,"isReply":false,"isRetweet":false} [0m

[37m ◎ LOGS
  [37m Tweet 1886705386096615812 checks: [0m
  [37m {"isUnprocessed":false,"isRecent":false,"isReply":false,"isRetweet":false} [0m

[37m ◎ LOGS
  [37m Tweet 1887080540215320992 checks: [0m
  [37m {"isUnprocessed":false,"isRecent":false,"isReply":false,"isRetweet":false} [0m

[37m ◎ LOGS
  [37m Tweet 1886766044917772488 checks: [0m
  [37m {"isUnprocessed":false,"isRecent":false,"isReply":false,"isRetweet":false} [0m

[37m ◎ LOGS
  [37m Tweet 1886466192157593846 checks: [0m
  [37m {"isUnprocessed":false,"isRecent":false,"isReply":false,"isRetweet":false} [0m

[37m ◎ LOGS
  [37m Tweet 1887341694447747405 checks: [0m
  [37m {"isUnprocessed":false,"isRecent":false,"isReply":true,"isRetweet":false} [0m

[37m ◎ LOGS
  [37m Tweet 1887337168483348763 checks: [0m
  [37m {"isUnprocessed":false,"isRecent":false,"isReply":true,"isRetweet":false} [0m

[37m ◎ LOGS
  [37m Tweet 1887502828333044041 checks: [0m
  [37m {"isUnprocessed":false,"isRecent":true,"isReply":false,"isRetweet":false} [0m

[37m ◎ LOGS
  [37m Tweet 1887501129941979292 checks: [0m
  [37m {"isUnprocessed":false,"isRecent":true,"isReply":true,"isRetweet":false} [0m

[37m ◎ LOGS
  [37m Tweet 1887500583193419880 checks: [0m
  [37m {"isUnprocessed":false,"isRecent":true,"isReply":true,"isRetweet":false} [0m

[37m ◎ LOGS
  [37m Tweet 1887500652026220923 checks: [0m
  [37m {"isUnprocessed":false,"isRecent":true,"isReply":true,"isRetweet":false} [0m

[37m ◎ LOGS
  [37m Tweet 1887500611496661407 checks: [0m
  [37m {"isUnprocessed":false,"isRecent":true,"isReply":true,"isRetweet":false} [0m

[37m ◎ LOGS
  [37m Tweet 1887500396374958253 checks: [0m
  [37m {"isUnprocessed":false,"isRecent":true,"isReply":true,"isRetweet":false} [0m

[37m ◎ LOGS
  [37m Tweet 1887490438321307654 checks: [0m
  [37m {"isUnprocessed":false,"isRecent":true,"isReply":true,"isRetweet":false} [0m

[37m ◎ LOGS
  [37m Tweet 1887450288497270858 checks: [0m
  [37m {"isUnprocessed":false,"isRecent":false,"isReply":false,"isRetweet":false} [0m

[37m ◎ LOGS
  [37m Tweet 1887427297801605160 checks: [0m
  [37m {"isUnprocessed":false,"isRecent":false,"isReply":true,"isRetweet":false} [0m

[37m ◎ LOGS
  [37m Tweet 1887492745868050623 checks: [0m
  [37m {"isUnprocessed":false,"isRecent":true,"isReply":false,"isRetweet":false} [0m

[37m ◎ LOGS
  [37m Tweet 1887485536262107177 checks: [0m
  [37m {"isUnprocessed":false,"isRecent":true,"isReply":true,"isRetweet":false} [0m

[37m ◎ LOGS
  [37m Tweet 1887459679288086570 checks: [0m
  [37m {"isUnprocessed":false,"isRecent":false,"isReply":false,"isRetweet":false} [0m

[37m ◎ LOGS
  [37m Tweet 1887504584626573797 checks: [0m
  [37m {"isUnprocessed":true,"isRecent":true,"isReply":true,"isRetweet":false} [0m

[37m ◎ LOGS
  [37m Tweet 1887504531090559163 checks: [0m
  [37m {"isUnprocessed":true,"isRecent":true,"isReply":true,"isRetweet":false} [0m

[37m ◎ LOGS
  [37m Tweet 1887504473876025683 checks: [0m
  [37m {"isUnprocessed":true,"isRecent":true,"isReply":true,"isRetweet":false} [0m

[37m ◎ LOGS
  [37m Tweet 1883734301679792609 checks: [0m
  [37m {"isUnprocessed":false,"isRecent":false,"isReply":false,"isRetweet":false} [0m

[37m ◎ LOGS
  [37m Tweet 1877117973330104481 checks: [0m
  [37m {"isUnprocessed":false,"isRecent":false,"isReply":true,"isRetweet":false} [0m

[37m ◎ LOGS
  [37m Tweet 1877117878429790428 checks: [0m
  [37m {"isUnprocessed":false,"isRecent":false,"isReply":true,"isRetweet":false} [0m

[37m ◎ LOGS
  [37m Tweet 1877117764688629970 checks: [0m
  [37m {"isUnprocessed":false,"isRecent":false,"isReply":true,"isRetweet":false} [0m

[37m ◎ LOGS
  [37m Tweet 1887466786720805305 checks: [0m
  [37m {"isUnprocessed":false,"isRecent":false,"isReply":false,"isRetweet":false} [0m

[37m ◎ LOGS
  [37m Tweet 1887461266937037044 checks: [0m
  [37m {"isUnprocessed":false,"isRecent":false,"isReply":true,"isRetweet":false} [0m

[37m ◎ LOGS
  [37m Tweet 1887445887158259734 checks: [0m
  [37m {"isUnprocessed":false,"isRecent":false,"isReply":false,"isRetweet":false} [0m

[37m ◎ LOGS
  [37m Tweet 1887347620101619740 checks: [0m
  [37m {"isUnprocessed":false,"isRecent":false,"isReply":true,"isRetweet":false} [0m

[37m ◎ LOGS
  [37m Tweet 1887347572257231045 checks: [0m
  [37m {"isUnprocessed":false,"isRecent":false,"isReply":false,"isRetweet":false} [0m

[37m ◎ LOGS
  [37m Tweet 1887280671707504765 checks: [0m
  [37m {"isUnprocessed":false,"isRecent":false,"isReply":false,"isRetweet":false} [0m

[37m ◎ LOGS
  [37m Tweet 1887439832445825386 checks: [0m
  [37m {"isUnprocessed":false,"isRecent":false,"isReply":true,"isRetweet":false} [0m

[37m ◎ LOGS
  [37m Tweet 1887410105265873178 checks: [0m
  [37m {"isUnprocessed":false,"isRecent":false,"isReply":true,"isRetweet":false} [0m

[37m ◎ LOGS
  [37m Tweet 1887350556794179806 checks: [0m
  [37m {"isUnprocessed":false,"isRecent":false,"isReply":true,"isRetweet":false} [0m

[37m ◎ LOGS
  [37m Tweet 1887208846529286407 checks: [0m
  [37m {"isUnprocessed":false,"isRecent":false,"isReply":false,"isRetweet":false} [0m

[37m ◎ LOGS
  [37m Tweet 1887162323724533803 checks: [0m
  [37m {"isUnprocessed":false,"isRecent":false,"isReply":false,"isRetweet":false} [0m

[37m ◎ LOGS
  [37m Tweet 1887082901939892355 checks: [0m
  [37m {"isUnprocessed":false,"isRecent":false,"isReply":false,"isRetweet":false} [0m

[37m ◎ LOGS
  [37m Tweet 1887164385816191054 checks: [0m
  [37m {"isUnprocessed":false,"isRecent":false,"isReply":false,"isRetweet":false} [0m

[37m ◎ LOGS
  [37m Tweet 1887156863981994138 checks: [0m
  [37m {"isUnprocessed":false,"isRecent":false,"isReply":false,"isRetweet":false} [0m

[37m ◎ LOGS
  [37m Tweet 1887083509988102337 checks: [0m
  [37m {"isUnprocessed":false,"isRecent":false,"isReply":false,"isRetweet":false} [0m

[37m ◎ LOGS
  [37m Tweet 1887432999920410802 checks: [0m
  [37m {"isUnprocessed":false,"isRecent":false,"isReply":true,"isRetweet":false} [0m

[37m ◎ LOGS
  [37m Tweet 1887432424357044387 checks: [0m
  [37m {"isUnprocessed":false,"isRecent":false,"isReply":true,"isRetweet":false} [0m

[37m ◎ LOGS
  [37m Tweet 1887431874878054430 checks: [0m
  [37m {"isUnprocessed":false,"isRecent":false,"isReply":true,"isRetweet":false} [0m

[37m ◎ LOGS
  [37m Tweet 1887498134097482237 checks: [0m
  [37m {"isUnprocessed":false,"isRecent":true,"isReply":true,"isRetweet":false} [0m

[37m ◎ LOGS
  [37m Tweet 1887497386441736431 checks: [0m
  [37m {"isUnprocessed":false,"isRecent":true,"isReply":true,"isRetweet":false} [0m

[37m ◎ LOGS
  [37m Tweet 1887485937417957627 checks: [0m
  [37m {"isUnprocessed":false,"isRecent":true,"isReply":true,"isRetweet":false} [0m

[37m ◎ LOGS
  [37m Tweet 1887481965231616069 checks: [0m
  [37m {"isUnprocessed":false,"isRecent":true,"isReply":false,"isRetweet":false} [0m

[37m ◎ LOGS
  [37m Tweet 1887429161775423727 checks: [0m
  [37m {"isUnprocessed":false,"isRecent":false,"isReply":false,"isRetweet":false} [0m

[37m ◎ LOGS
  [37m Tweet 1887247895159595215 checks: [0m
  [37m {"isUnprocessed":false,"isRecent":false,"isReply":false,"isRetweet":false} [0m

[37m ◎ LOGS
  [37m Tweet 1887500283774681377 checks: [0m
  [37m {"isUnprocessed":false,"isRecent":true,"isReply":false,"isRetweet":false} [0m

[37m ◎ LOGS
  [37m Tweet 1887265464310480912 checks: [0m
  [37m {"isUnprocessed":false,"isRecent":false,"isReply":false,"isRetweet":false} [0m

[37m ◎ LOGS
  [37m Tweet 1887220067248541888 checks: [0m
  [37m {"isUnprocessed":false,"isRecent":false,"isReply":false,"isRetweet":false} [0m

[37m ◎ LOGS
  [37m Tweet 1886836215116107962 checks: [0m
  [37m {"isUnprocessed":false,"isRecent":false,"isReply":false,"isRetweet":false} [0m

[37m ◎ LOGS
  [37m Tweet 1886489902264504632 checks: [0m
  [37m {"isUnprocessed":false,"isRecent":false,"isReply":false,"isRetweet":false} [0m

[37m ◎ LOGS
  [37m Tweet 1885698110581620949 checks: [0m
  [37m {"isUnprocessed":false,"isRecent":false,"isReply":true,"isRetweet":false} [0m

[37m ◎ LOGS
  [37m Tweet 1887264842085531844 checks: [0m
  [37m {"isUnprocessed":false,"isRecent":false,"isReply":true,"isRetweet":false} [0m

[37m ◎ LOGS
  [37m Tweet 1887245293109874705 checks: [0m
  [37m {"isUnprocessed":false,"isRecent":false,"isReply":true,"isRetweet":false} [0m

[37m ◎ LOGS
  [37m Tweet 1887245198406615044 checks: [0m
  [37m {"isUnprocessed":false,"isRecent":false,"isReply":true,"isRetweet":false} [0m

[37m ◎ LOGS
  [37m Tweet 1887429387609395303 checks: [0m
  [37m {"isUnprocessed":false,"isRecent":false,"isReply":true,"isRetweet":false} [0m

[37m ◎ LOGS
  [37m Tweet 1887234567507222996 checks: [0m
  [37m {"isUnprocessed":false,"isRecent":false,"isReply":true,"isRetweet":false} [0m

[37m ◎ LOGS
  [37m Tweet 1886994211989311791 checks: [0m
  [37m {"isUnprocessed":false,"isRecent":false,"isReply":true,"isRetweet":false} [0m

[37m ◎ LOGS
  [37m Tweet 1887038866613268831 checks: [0m
  [37m {"isUnprocessed":false,"isRecent":false,"isReply":false,"isRetweet":false} [0m

[37m ◎ LOGS
  [37m Tweet 1886796117783847377 checks: [0m
  [37m {"isUnprocessed":false,"isRecent":false,"isReply":false,"isRetweet":false} [0m

[37m ◎ LOGS
  [37m Tweet 1886105199099461942 checks: [0m
  [37m {"isUnprocessed":false,"isRecent":false,"isReply":false,"isRetweet":false} [0m

[37m ◎ LOGS
  [37m Tweet 1879324430960353308 checks: [0m
  [37m {"isUnprocessed":false,"isRecent":false,"isReply":true,"isRetweet":false} [0m

[37m ◎ LOGS
  [37m Tweet 1879294316545446172 checks: [0m
  [37m {"isUnprocessed":false,"isRecent":false,"isReply":true,"isRetweet":false} [0m

[37m ◎ LOGS
  [37m Tweet 1879294191865581936 checks: [0m
  [37m {"isUnprocessed":false,"isRecent":false,"isReply":true,"isRetweet":false} [0m

[37m ◎ LOGS
  [37m Tweet 1885890992529981827 checks: [0m
  [37m {"isUnprocessed":false,"isRecent":false,"isReply":true,"isRetweet":false} [0m

[37m ◎ LOGS
  [37m Tweet 1885008745232818448 checks: [0m
  [37m {"isUnprocessed":false,"isRecent":false,"isReply":true,"isRetweet":false} [0m

[37m ◎ LOGS
  [37m Tweet 1884848025815916770 checks: [0m
  [37m {"isUnprocessed":false,"isRecent":false,"isReply":true,"isRetweet":false} [0m

[37m ◎ LOGS
  [37m Tweet 1887146592848769139 checks: [0m
  [37m {"isUnprocessed":false,"isRecent":false,"isReply":false,"isRetweet":false} [0m

[37m ◎ LOGS
  [37m Tweet 1886941002251862407 checks: [0m
  [37m {"isUnprocessed":false,"isRecent":false,"isReply":false,"isRetweet":false} [0m

[37m ◎ LOGS
  [37m Tweet 1885861972370997755 checks: [0m
  [37m {"isUnprocessed":false,"isRecent":false,"isReply":false,"isRetweet":false} [0m

[37m ◎ LOGS
  [37m Tweet 1886843722232684601 checks: [0m
  [37m {"isUnprocessed":false,"isRecent":false,"isReply":true,"isRetweet":false} [0m

[37m ◎ LOGS
  [37m Tweet 1886908268481781845 checks: [0m
  [37m {"isUnprocessed":false,"isRecent":false,"isReply":true,"isRetweet":false} [0m

[37m ◎ LOGS
  [37m Tweet 1886907569211629831 checks: [0m
  [37m {"isUnprocessed":false,"isRecent":false,"isReply":false,"isRetweet":false} [0m

[37m ◎ LOGS
  [37m Tweet 1886604639443017906 checks: [0m
  [37m {"isUnprocessed":false,"isRecent":false,"isReply":true,"isRetweet":false} [0m

[37m ◎ LOGS
  [37m Tweet 1887364792194900196 checks: [0m
  [37m {"isUnprocessed":false,"isRecent":false,"isReply":true,"isRetweet":false} [0m

[37m ◎ LOGS
  [37m Tweet 1887350121127682270 checks: [0m
  [37m {"isUnprocessed":false,"isRecent":false,"isReply":true,"isRetweet":false} [0m

[37m ◎ LOGS
  [37m Tweet 1886986832535257295 checks: [0m
  [37m {"isUnprocessed":false,"isRecent":false,"isReply":true,"isRetweet":false} [0m

[37m ◎ LOGS
  [37m Tweet 1887370213877854563 checks: [0m
  [37m {"isUnprocessed":false,"isRecent":false,"isReply":true,"isRetweet":false} [0m

[37m ◎ LOGS
  [37m Tweet 1887368376101548498 checks: [0m
  [37m {"isUnprocessed":false,"isRecent":false,"isReply":true,"isRetweet":false} [0m

[37m ◎ LOGS
  [37m Tweet 1887362638255993335 checks: [0m
  [37m {"isUnprocessed":false,"isRecent":false,"isReply":true,"isRetweet":false} [0m

[37m ◎ LOGS
  [37m Tweet 1887454332427395348 checks: [0m
  [37m {"isUnprocessed":false,"isRecent":false,"isReply":true,"isRetweet":false} [0m

[37m ◎ LOGS
  [37m Tweet 1887451717110837664 checks: [0m
  [37m {"isUnprocessed":false,"isRecent":false,"isReply":false,"isRetweet":false} [0m

[37m ◎ LOGS
  [37m Tweet 1887349069980332315 checks: [0m
  [37m {"isUnprocessed":false,"isRecent":false,"isReply":false,"isRetweet":false} [0m

[37m ◎ LOGS
  [37m Tweet 1887419306171846996 checks: [0m
  [37m {"isUnprocessed":false,"isRecent":false,"isReply":true,"isRetweet":false} [0m

[37m ◎ LOGS
  [37m Tweet 1887395725689905527 checks: [0m
  [37m {"isUnprocessed":false,"isRecent":false,"isReply":true,"isRetweet":false} [0m

[37m ◎ LOGS
  [37m Tweet 1887269745038180669 checks: [0m
  [37m {"isUnprocessed":false,"isRecent":false,"isReply":true,"isRetweet":false} [0m

[37m ◎ LOGS
  [37m Tweet 1883640750107398408 checks: [0m
  [37m {"isUnprocessed":false,"isRecent":false,"isReply":true,"isRetweet":false} [0m

[37m ◎ LOGS
  [37m Tweet 1870498394130776435 checks: [0m
  [37m {"isUnprocessed":false,"isRecent":false,"isReply":true,"isRetweet":false} [0m

[37m ◎ LOGS
  [37m Tweet 1866987802065588508 checks: [0m
  [37m {"isUnprocessed":false,"isRecent":false,"isReply":true,"isRetweet":false} [0m

[37m ◎ LOGS
  [37m Tweet 1887408977350435303 checks: [0m
  [37m {"isUnprocessed":false,"isRecent":false,"isReply":false,"isRetweet":false} [0m

[37m ◎ LOGS
  [37m Tweet 1887407750742729057 checks: [0m
  [37m {"isUnprocessed":false,"isRecent":false,"isReply":false,"isRetweet":false} [0m

[37m ◎ LOGS
  [37m Tweet 1887382421760544862 checks: [0m
  [37m {"isUnprocessed":false,"isRecent":false,"isReply":false,"isRetweet":false} [0m

[37m ◎ LOGS
  [37m Tweet 1887185971436822904 checks: [0m
  [37m {"isUnprocessed":false,"isRecent":false,"isReply":false,"isRetweet":false} [0m

[37m ◎ LOGS
  [37m Tweet 1886835304000065962 checks: [0m
  [37m {"isUnprocessed":false,"isRecent":false,"isReply":true,"isRetweet":false} [0m

[37m ◎ LOGS
  [37m Tweet 1886199140146610590 checks: [0m
  [37m {"isUnprocessed":false,"isRecent":false,"isReply":false,"isRetweet":false} [0m

[37m ◎ LOGS
  [37m Tweet 1887242831036850579 checks: [0m
  [37m {"isUnprocessed":false,"isRecent":false,"isReply":false,"isRetweet":false} [0m

[37m ◎ LOGS
  [37m Tweet 1886955751257829631 checks: [0m
  [37m {"isUnprocessed":false,"isRecent":false,"isReply":false,"isRetweet":false} [0m

[37m ◎ LOGS
  [37m Tweet 1886954132918939973 checks: [0m
  [37m {"isUnprocessed":false,"isRecent":false,"isReply":false,"isRetweet":false} [0m

[37m ◎ LOGS
  [37m Tweet 1417240650295087114 checks: [0m
  [37m {"isUnprocessed":false,"isRecent":false,"isReply":true,"isRetweet":false} [0m

[37m ◎ LOGS
  [37m Tweet 1415386048268439553 checks: [0m
  [37m {"isUnprocessed":false,"isRecent":false,"isReply":true,"isRetweet":false} [0m

[37m ◎ LOGS
  [37m Tweet 1415385307738828802 checks: [0m
  [37m {"isUnprocessed":false,"isRecent":false,"isReply":true,"isRetweet":false} [0m

[37m ◎ LOGS
  [37m Tweet 1887366282292408571 checks: [0m
  [37m {"isUnprocessed":false,"isRecent":false,"isReply":true,"isRetweet":false} [0m

[37m ◎ LOGS
  [37m Tweet 1887201456811614453 checks: [0m
  [37m {"isUnprocessed":false,"isRecent":false,"isReply":false,"isRetweet":false} [0m

[37m ◎ LOGS
  [37m Tweet 1887186341445968337 checks: [0m
  [37m {"isUnprocessed":false,"isRecent":false,"isReply":true,"isRetweet":false} [0m

[37m ◎ LOGS
  [37m Tweet 1887502467803295764 checks: [0m
  [37m {"isUnprocessed":false,"isRecent":true,"isReply":true,"isRetweet":false} [0m

[37m ◎ LOGS
  [37m Tweet 1887500097811820749 checks: [0m
  [37m {"isUnprocessed":false,"isRecent":true,"isReply":true,"isRetweet":false} [0m

[37m ◎ LOGS
  [37m Tweet 1887498995322310763 checks: [0m
  [37m {"isUnprocessed":false,"isRecent":true,"isReply":false,"isRetweet":false} [0m

[37m ◎ LOGS
  [37m Tweet 1886855810451485180 checks: [0m
  [37m {"isUnprocessed":false,"isRecent":false,"isReply":false,"isRetweet":false} [0m

[37m ◎ LOGS
  [37m Tweet 1886456105372459141 checks: [0m
  [37m {"isUnprocessed":false,"isRecent":false,"isReply":false,"isRetweet":false} [0m

[37m ◎ LOGS
  [37m Tweet 1886453721871319097 checks: [0m
  [37m {"isUnprocessed":false,"isRecent":false,"isReply":false,"isRetweet":false} [0m

[37m ◎ LOGS
  [37m Tweet 1887214781658022339 checks: [0m
  [37m {"isUnprocessed":false,"isRecent":false,"isReply":true,"isRetweet":false} [0m

[37m ◎ LOGS
  [37m Tweet 1887214682148139272 checks: [0m
  [37m {"isUnprocessed":false,"isRecent":false,"isReply":true,"isRetweet":false} [0m

[37m ◎ LOGS
  [37m Tweet 1887214537100656900 checks: [0m
  [37m {"isUnprocessed":false,"isRecent":false,"isReply":true,"isRetweet":false} [0m

[37m ◎ LOGS
  [37m Tweet 1887488746100232289 checks: [0m
  [37m {"isUnprocessed":false,"isRecent":true,"isReply":true,"isRetweet":false} [0m

[37m ◎ LOGS
  [37m Tweet 1887488082402025556 checks: [0m
  [37m {"isUnprocessed":false,"isRecent":true,"isReply":true,"isRetweet":false} [0m

[37m ◎ LOGS
  [37m Tweet 1887485973686329637 checks: [0m
  [37m {"isUnprocessed":false,"isRecent":true,"isReply":true,"isRetweet":false} [0m

[37m ◎ LOGS
  [37m Tweet 1887242909084213682 checks: [0m
  [37m {"isUnprocessed":false,"isRecent":false,"isReply":true,"isRetweet":false} [0m

[37m ◎ LOGS
  [37m Tweet 1887158989005169023 checks: [0m
  [37m {"isUnprocessed":false,"isRecent":false,"isReply":false,"isRetweet":false} [0m

[37m ◎ LOGS
  [37m Tweet 1887077725506060507 checks: [0m
  [37m {"isUnprocessed":false,"isRecent":false,"isReply":true,"isRetweet":false} [0m

[37m ◎ LOGS
  [37m Tweet 1887209550102564956 checks: [0m
  [37m {"isUnprocessed":false,"isRecent":false,"isReply":false,"isRetweet":false} [0m

[37m ◎ LOGS
  [37m Tweet 1887169264903242154 checks: [0m
  [37m {"isUnprocessed":false,"isRecent":false,"isReply":false,"isRetweet":false} [0m

[37m ◎ LOGS
  [37m Tweet 1887084008560812417 checks: [0m
  [37m {"isUnprocessed":false,"isRecent":false,"isReply":false,"isRetweet":false} [0m

[37m ◎ LOGS
  [37m Tweet 1886144673489592392 checks: [0m
  [37m {"isUnprocessed":false,"isRecent":false,"isReply":true,"isRetweet":false} [0m

[37m ◎ LOGS
  [37m Tweet 1886136143663481151 checks: [0m
  [37m {"isUnprocessed":false,"isRecent":false,"isReply":true,"isRetweet":false} [0m

[37m ◎ LOGS
  [37m Tweet 1886136068451319840 checks: [0m
  [37m {"isUnprocessed":false,"isRecent":false,"isReply":true,"isRetweet":false} [0m

[37m ◎ LOGS
  [37m Tweet 1887455080204677343 checks: [0m
  [37m {"isUnprocessed":false,"isRecent":false,"isReply":true,"isRetweet":false} [0m

[37m ◎ LOGS
  [37m Tweet 1887455044049772578 checks: [0m
  [37m {"isUnprocessed":false,"isRecent":false,"isReply":true,"isRetweet":false} [0m

[37m ◎ LOGS
  [37m Tweet 1887455014719033453 checks: [0m
  [37m {"isUnprocessed":false,"isRecent":false,"isReply":true,"isRetweet":false} [0m

[37m ◎ LOGS
  [37m Tweet 1887082120935334080 checks: [0m
  [37m {"isUnprocessed":false,"isRecent":false,"isReply":false,"isRetweet":false} [0m

[37m ◎ LOGS
  [37m Tweet 1886702776425574644 checks: [0m
  [37m {"isUnprocessed":false,"isRecent":false,"isReply":false,"isRetweet":false} [0m

[37m ◎ LOGS
  [37m Tweet 1886467007110914364 checks: [0m
  [37m {"isUnprocessed":false,"isRecent":false,"isReply":false,"isRetweet":false} [0m

[37m ◎ LOGS
  [37m Tweet 1887501748920566075 checks: [0m
  [37m {"isUnprocessed":false,"isRecent":true,"isReply":false,"isRetweet":false} [0m

[37m ◎ LOGS
  [37m Tweet 1887498023933981012 checks: [0m
  [37m {"isUnprocessed":false,"isRecent":true,"isReply":false,"isRetweet":false} [0m

[37m ◎ LOGS
  [37m Tweet 1887489626123694383 checks: [0m
  [37m {"isUnprocessed":false,"isRecent":true,"isReply":false,"isRetweet":false} [0m

[37m ["◎ Finished checking Twitter interactions"] [0m

[37m ["◎ Checking Twitter interactions"] [0m

[37m ◎ LOGS
  [37m Completed checking mentioned tweets: [0m
  [37m 4 [0m

[37m ◎ LOGS
  [37m Processing target users: [0m
  [37m ["lynk0x","cabelo_escobar","DeShawnBTC","barkmeta","elonmusk","KingAnt777","Cobratate","RoarWeb3","0xSweep","AlexBeckerNT","BenjiEth74775","CryptoLyraa","wimps","Banks","morpheuswhale","rus","SajwaniCrypto","sup_nim","OrangeSBS","BarronTNews","DonaldJTrumpJr","hasbulla_main","PixOnChain","blade_nd","captainpirate99","echomorph_ai","TimshelXYZ","padrino_sol","bazingahappy","Cupseyy","kimchi1x","KyeGomezB","TheNotoriousMMA","LoganPaul","MrBeast","adinross","danawhite","adam22","_TJRTrades","Mrcryptowhale","mellometrics","ZssBecker","realDonaldTrump","DefiWimar","TylerDurden","lowkeyysol","punk1685","TezroTrades","David10x3","Joedwiz","MrBsol"] [0m

[37m ◎ LOGS
  [37m Tweet 1887489944664289777 checks: [0m
  [37m {"isUnprocessed":false,"isRecent":true,"isReply":false,"isRetweet":false} [0m

[37m ◎ LOGS
  [37m Tweet 1887482283847761956 checks: [0m
  [37m {"isUnprocessed":false,"isRecent":true,"isReply":false,"isRetweet":false} [0m

[37m ◎ LOGS
  [37m Tweet 1887474119857328196 checks: [0m
  [37m {"isUnprocessed":false,"isRecent":false,"isReply":false,"isRetweet":false} [0m

[37m ◎ LOGS
  [37m Tweet 1887208214971683213 checks: [0m
  [37m {"isUnprocessed":false,"isRecent":false,"isReply":false,"isRetweet":false} [0m

[37m ◎ LOGS
  [37m Tweet 1887074514137403606 checks: [0m
  [37m {"isUnprocessed":false,"isRecent":false,"isReply":false,"isRetweet":false} [0m

[37m ◎ LOGS
  [37m Tweet 1886705386096615812 checks: [0m
  [37m {"isUnprocessed":false,"isRecent":false,"isReply":false,"isRetweet":false} [0m

[37m ◎ LOGS
  [37m Tweet 1887080540215320992 checks: [0m
  [37m {"isUnprocessed":false,"isRecent":false,"isReply":false,"isRetweet":false} [0m

[37m ◎ LOGS
  [37m Tweet 1886766044917772488 checks: [0m
  [37m {"isUnprocessed":false,"isRecent":false,"isReply":false,"isRetweet":false} [0m

[37m ◎ LOGS
  [37m Tweet 1886466192157593846 checks: [0m
  [37m {"isUnprocessed":false,"isRecent":false,"isReply":false,"isRetweet":false} [0m

[37m ◎ LOGS
  [37m Tweet 1887341694447747405 checks: [0m
  [37m {"isUnprocessed":false,"isRecent":false,"isReply":true,"isRetweet":false} [0m

[37m ◎ LOGS
  [37m Tweet 1887337168483348763 checks: [0m
  [37m {"isUnprocessed":false,"isRecent":false,"isReply":true,"isRetweet":false} [0m

[37m ◎ LOGS
  [37m Tweet 1887502828333044041 checks: [0m
  [37m {"isUnprocessed":false,"isRecent":true,"isReply":false,"isRetweet":false} [0m

[37m ◎ LOGS
  [37m Tweet 1887501129941979292 checks: [0m
  [37m {"isUnprocessed":false,"isRecent":true,"isReply":true,"isRetweet":false} [0m

[37m ◎ LOGS
  [37m Tweet 1887500583193419880 checks: [0m
  [37m {"isUnprocessed":false,"isRecent":true,"isReply":true,"isRetweet":false} [0m

[37m ◎ LOGS
  [37m Tweet 1887500652026220923 checks: [0m
  [37m {"isUnprocessed":false,"isRecent":true,"isReply":true,"isRetweet":false} [0m

[37m ◎ LOGS
  [37m Tweet 1887500611496661407 checks: [0m
  [37m {"isUnprocessed":false,"isRecent":true,"isReply":true,"isRetweet":false} [0m

[37m ◎ LOGS
  [37m Tweet 1887500396374958253 checks: [0m
  [37m {"isUnprocessed":false,"isRecent":true,"isReply":true,"isRetweet":false} [0m

[37m ◎ LOGS
  [37m Tweet 1887490438321307654 checks: [0m
  [37m {"isUnprocessed":false,"isRecent":true,"isReply":true,"isRetweet":false} [0m

[37m ◎ LOGS
  [37m Tweet 1887450288497270858 checks: [0m
  [37m {"isUnprocessed":false,"isRecent":false,"isReply":false,"isRetweet":false} [0m

[37m ◎ LOGS
  [37m Tweet 1887427297801605160 checks: [0m
  [37m {"isUnprocessed":false,"isRecent":false,"isReply":true,"isRetweet":false} [0m

[37m ◎ LOGS
  [37m Tweet 1887492745868050623 checks: [0m
  [37m {"isUnprocessed":false,"isRecent":true,"isReply":false,"isRetweet":false} [0m

[37m ◎ LOGS
  [37m Tweet 1887485536262107177 checks: [0m
  [37m {"isUnprocessed":false,"isRecent":true,"isReply":true,"isRetweet":false} [0m

[37m ◎ LOGS
  [37m Tweet 1887459679288086570 checks: [0m
  [37m {"isUnprocessed":false,"isRecent":false,"isReply":false,"isRetweet":false} [0m

[37m ◎ LOGS
  [37m Tweet 1887504783210086704 checks: [0m
  [37m {"isUnprocessed":true,"isRecent":true,"isReply":true,"isRetweet":false} [0m

[37m ◎ LOGS
  [37m Tweet 1887504734744875310 checks: [0m
  [37m {"isUnprocessed":true,"isRecent":true,"isReply":true,"isRetweet":false} [0m

[37m ◎ LOGS
  [37m Tweet 1887504683880546563 checks: [0m
  [37m {"isUnprocessed":true,"isRecent":true,"isReply":true,"isRetweet":false} [0m

[37m ◎ LOGS
  [37m Tweet 1883734301679792609 checks: [0m
  [37m {"isUnprocessed":false,"isRecent":false,"isReply":false,"isRetweet":false} [0m

[37m ◎ LOGS
  [37m Tweet 1877117973330104481 checks: [0m
  [37m {"isUnprocessed":false,"isRecent":false,"isReply":true,"isRetweet":false} [0m

[37m ◎ LOGS
  [37m Tweet 1877117878429790428 checks: [0m
  [37m {"isUnprocessed":false,"isRecent":false,"isReply":true,"isRetweet":false} [0m

[37m ◎ LOGS
  [37m Tweet 1877117764688629970 checks: [0m
  [37m {"isUnprocessed":false,"isRecent":false,"isReply":true,"isRetweet":false} [0m

[37m ◎ LOGS
  [37m Tweet 1887466786720805305 checks: [0m
  [37m {"isUnprocessed":false,"isRecent":false,"isReply":false,"isRetweet":false} [0m

[37m ◎ LOGS
  [37m Tweet 1887461266937037044 checks: [0m
  [37m {"isUnprocessed":false,"isRecent":false,"isReply":true,"isRetweet":false} [0m

[37m ◎ LOGS
  [37m Tweet 1887445887158259734 checks: [0m
  [37m {"isUnprocessed":false,"isRecent":false,"isReply":false,"isRetweet":false} [0m

[37m ◎ LOGS
  [37m Tweet 1887347620101619740 checks: [0m
  [37m {"isUnprocessed":false,"isRecent":false,"isReply":true,"isRetweet":false} [0m

[37m ◎ LOGS
  [37m Tweet 1887347572257231045 checks: [0m
  [37m {"isUnprocessed":false,"isRecent":false,"isReply":false,"isRetweet":false} [0m

[37m ◎ LOGS
  [37m Tweet 1887280671707504765 checks: [0m
  [37m {"isUnprocessed":false,"isRecent":false,"isReply":false,"isRetweet":false} [0m

[37m ◎ LOGS
  [37m Tweet 1887439832445825386 checks: [0m
  [37m {"isUnprocessed":false,"isRecent":false,"isReply":true,"isRetweet":false} [0m

[37m ◎ LOGS
  [37m Tweet 1887410105265873178 checks: [0m
  [37m {"isUnprocessed":false,"isRecent":false,"isReply":true,"isRetweet":false} [0m

[37m ◎ LOGS
  [37m Tweet 1887350556794179806 checks: [0m
  [37m {"isUnprocessed":false,"isRecent":false,"isReply":true,"isRetweet":false} [0m

[37m ◎ LOGS
  [37m Tweet 1887208846529286407 checks: [0m
  [37m {"isUnprocessed":false,"isRecent":false,"isReply":false,"isRetweet":false} [0m

[37m ◎ LOGS
  [37m Tweet 1887162323724533803 checks: [0m
  [37m {"isUnprocessed":false,"isRecent":false,"isReply":false,"isRetweet":false} [0m

[37m ◎ LOGS
  [37m Tweet 1887082901939892355 checks: [0m
  [37m {"isUnprocessed":false,"isRecent":false,"isReply":false,"isRetweet":false} [0m

[37m ◎ LOGS
  [37m Tweet 1887164385816191054 checks: [0m
  [37m {"isUnprocessed":false,"isRecent":false,"isReply":false,"isRetweet":false} [0m

[37m ◎ LOGS
  [37m Tweet 1887156863981994138 checks: [0m
  [37m {"isUnprocessed":false,"isRecent":false,"isReply":false,"isRetweet":false} [0m

[37m ◎ LOGS
  [37m Tweet 1887083509988102337 checks: [0m
  [37m {"isUnprocessed":false,"isRecent":false,"isReply":false,"isRetweet":false} [0m

[37m ◎ LOGS
  [37m Tweet 1887432999920410802 checks: [0m
  [37m {"isUnprocessed":false,"isRecent":false,"isReply":true,"isRetweet":false} [0m

[37m ◎ LOGS
  [37m Tweet 1887432424357044387 checks: [0m
  [37m {"isUnprocessed":false,"isRecent":false,"isReply":true,"isRetweet":false} [0m

[37m ◎ LOGS
  [37m Tweet 1887431874878054430 checks: [0m
  [37m {"isUnprocessed":false,"isRecent":false,"isReply":true,"isRetweet":false} [0m

[37m ◎ LOGS
  [37m Tweet 1887498134097482237 checks: [0m
  [37m {"isUnprocessed":false,"isRecent":true,"isReply":true,"isRetweet":false} [0m

[37m ◎ LOGS
  [37m Tweet 1887497386441736431 checks: [0m
  [37m {"isUnprocessed":false,"isRecent":true,"isReply":true,"isRetweet":false} [0m

[37m ◎ LOGS
  [37m Tweet 1887485937417957627 checks: [0m
  [37m {"isUnprocessed":false,"isRecent":true,"isReply":true,"isRetweet":false} [0m

[37m ◎ LOGS
  [37m Tweet 1887481965231616069 checks: [0m
  [37m {"isUnprocessed":false,"isRecent":true,"isReply":false,"isRetweet":false} [0m

[37m ◎ LOGS
  [37m Tweet 1887429161775423727 checks: [0m
  [37m {"isUnprocessed":false,"isRecent":false,"isReply":false,"isRetweet":false} [0m

[37m ◎ LOGS
  [37m Tweet 1887247895159595215 checks: [0m
  [37m {"isUnprocessed":false,"isRecent":false,"isReply":false,"isRetweet":false} [0m

[37m ◎ LOGS
  [37m Tweet 1887500283774681377 checks: [0m
  [37m {"isUnprocessed":false,"isRecent":true,"isReply":false,"isRetweet":false} [0m

[37m ◎ LOGS
  [37m Tweet 1887265464310480912 checks: [0m
  [37m {"isUnprocessed":false,"isRecent":false,"isReply":false,"isRetweet":false} [0m

[37m ◎ LOGS
  [37m Tweet 1887220067248541888 checks: [0m
  [37m {"isUnprocessed":false,"isRecent":false,"isReply":false,"isRetweet":false} [0m

[37m ◎ LOGS
  [37m Tweet 1886836215116107962 checks: [0m
  [37m {"isUnprocessed":false,"isRecent":false,"isReply":false,"isRetweet":false} [0m

[37m ◎ LOGS
  [37m Tweet 1886489902264504632 checks: [0m
  [37m {"isUnprocessed":false,"isRecent":false,"isReply":false,"isRetweet":false} [0m

[37m ◎ LOGS
  [37m Tweet 1885698110581620949 checks: [0m
  [37m {"isUnprocessed":false,"isRecent":false,"isReply":true,"isRetweet":false} [0m

[37m ◎ LOGS
  [37m Tweet 1887264842085531844 checks: [0m
  [37m {"isUnprocessed":false,"isRecent":false,"isReply":true,"isRetweet":false} [0m

[37m ◎ LOGS
  [37m Tweet 1887245293109874705 checks: [0m
  [37m {"isUnprocessed":false,"isRecent":false,"isReply":true,"isRetweet":false} [0m

[37m ◎ LOGS
  [37m Tweet 1887245198406615044 checks: [0m
  [37m {"isUnprocessed":false,"isRecent":false,"isReply":true,"isRetweet":false} [0m

[37m ◎ LOGS
  [37m Tweet 1887429387609395303 checks: [0m
  [37m {"isUnprocessed":false,"isRecent":false,"isReply":true,"isRetweet":false} [0m

[37m ◎ LOGS
  [37m Tweet 1887234567507222996 checks: [0m
  [37m {"isUnprocessed":false,"isRecent":false,"isReply":true,"isRetweet":false} [0m

[37m ◎ LOGS
  [37m Tweet 1886994211989311791 checks: [0m
  [37m {"isUnprocessed":false,"isRecent":false,"isReply":true,"isRetweet":false} [0m

[37m ◎ LOGS
  [37m Tweet 1887038866613268831 checks: [0m
  [37m {"isUnprocessed":false,"isRecent":false,"isReply":false,"isRetweet":false} [0m

[37m ◎ LOGS
  [37m Tweet 1886796117783847377 checks: [0m
  [37m {"isUnprocessed":false,"isRecent":false,"isReply":false,"isRetweet":false} [0m

[37m ◎ LOGS
  [37m Tweet 1886105199099461942 checks: [0m
  [37m {"isUnprocessed":false,"isRecent":false,"isReply":false,"isRetweet":false} [0m

[37m ◎ LOGS
  [37m Tweet 1879324430960353308 checks: [0m
  [37m {"isUnprocessed":false,"isRecent":false,"isReply":true,"isRetweet":false} [0m

[37m ◎ LOGS
  [37m Tweet 1879294316545446172 checks: [0m
  [37m {"isUnprocessed":false,"isRecent":false,"isReply":true,"isRetweet":false} [0m

[37m ◎ LOGS
  [37m Tweet 1879294191865581936 checks: [0m
  [37m {"isUnprocessed":false,"isRecent":false,"isReply":true,"isRetweet":false} [0m

[37m ◎ LOGS
  [37m Tweet 1885890992529981827 checks: [0m
  [37m {"isUnprocessed":false,"isRecent":false,"isReply":true,"isRetweet":false} [0m

[37m ◎ LOGS
  [37m Tweet 1885008745232818448 checks: [0m
  [37m {"isUnprocessed":false,"isRecent":false,"isReply":true,"isRetweet":false} [0m

[37m ◎ LOGS
  [37m Tweet 1884848025815916770 checks: [0m
  [37m {"isUnprocessed":false,"isRecent":false,"isReply":true,"isRetweet":false} [0m

[37m ◎ LOGS
  [37m Tweet 1887146592848769139 checks: [0m
  [37m {"isUnprocessed":false,"isRecent":false,"isReply":false,"isRetweet":false} [0m

[37m ◎ LOGS
  [37m Tweet 1886941002251862407 checks: [0m
  [37m {"isUnprocessed":false,"isRecent":false,"isReply":false,"isRetweet":false} [0m

[37m ◎ LOGS
  [37m Tweet 1885861972370997755 checks: [0m
  [37m {"isUnprocessed":false,"isRecent":false,"isReply":false,"isRetweet":false} [0m

[37m ◎ LOGS
  [37m Tweet 1886843722232684601 checks: [0m
  [37m {"isUnprocessed":false,"isRecent":false,"isReply":true,"isRetweet":false} [0m

[37m ◎ LOGS
  [37m Tweet 1886908268481781845 checks: [0m
  [37m {"isUnprocessed":false,"isRecent":false,"isReply":true,"isRetweet":false} [0m

[37m ◎ LOGS
  [37m Tweet 1886907569211629831 checks: [0m
  [37m {"isUnprocessed":false,"isRecent":false,"isReply":false,"isRetweet":false} [0m

[37m ◎ LOGS
  [37m Tweet 1886604639443017906 checks: [0m
  [37m {"isUnprocessed":false,"isRecent":false,"isReply":true,"isRetweet":false} [0m

[37m ◎ LOGS
  [37m Tweet 1887364792194900196 checks: [0m
  [37m {"isUnprocessed":false,"isRecent":false,"isReply":true,"isRetweet":false} [0m

[37m ◎ LOGS
  [37m Tweet 1887350121127682270 checks: [0m
  [37m {"isUnprocessed":false,"isRecent":false,"isReply":true,"isRetweet":false} [0m

[37m ◎ LOGS
  [37m Tweet 1886986832535257295 checks: [0m
  [37m {"isUnprocessed":false,"isRecent":false,"isReply":true,"isRetweet":false} [0m

[37m ◎ LOGS
  [37m Tweet 1887370213877854563 checks: [0m
  [37m {"isUnprocessed":false,"isRecent":false,"isReply":true,"isRetweet":false} [0m

[37m ◎ LOGS
  [37m Tweet 1887368376101548498 checks: [0m
  [37m {"isUnprocessed":false,"isRecent":false,"isReply":true,"isRetweet":false} [0m

[37m ◎ LOGS
  [37m Tweet 1887362638255993335 checks: [0m
  [37m {"isUnprocessed":false,"isRecent":false,"isReply":true,"isRetweet":false} [0m

[37m ◎ LOGS
  [37m Tweet 1887454332427395348 checks: [0m
  [37m {"isUnprocessed":false,"isRecent":false,"isReply":true,"isRetweet":false} [0m

[37m ◎ LOGS
  [37m Tweet 1887451717110837664 checks: [0m
  [37m {"isUnprocessed":false,"isRecent":false,"isReply":false,"isRetweet":false} [0m

[37m ◎ LOGS
  [37m Tweet 1887349069980332315 checks: [0m
  [37m {"isUnprocessed":false,"isRecent":false,"isReply":false,"isRetweet":false} [0m

[37m ◎ LOGS
  [37m Tweet 1887419306171846996 checks: [0m
  [37m {"isUnprocessed":false,"isRecent":false,"isReply":true,"isRetweet":false} [0m

[37m ◎ LOGS
  [37m Tweet 1887395725689905527 checks: [0m
  [37m {"isUnprocessed":false,"isRecent":false,"isReply":true,"isRetweet":false} [0m

[37m ◎ LOGS
  [37m Tweet 1887269745038180669 checks: [0m
  [37m {"isUnprocessed":false,"isRecent":false,"isReply":true,"isRetweet":false} [0m

[37m ◎ LOGS
  [37m Tweet 1883640750107398408 checks: [0m
  [37m {"isUnprocessed":false,"isRecent":false,"isReply":true,"isRetweet":false} [0m

[37m ◎ LOGS
  [37m Tweet 1870498394130776435 checks: [0m
  [37m {"isUnprocessed":false,"isRecent":false,"isReply":true,"isRetweet":false} [0m

[37m ◎ LOGS
  [37m Tweet 1866987802065588508 checks: [0m
  [37m {"isUnprocessed":false,"isRecent":false,"isReply":true,"isRetweet":false} [0m

[37m ◎ LOGS
  [37m Tweet 1887408977350435303 checks: [0m
  [37m {"isUnprocessed":false,"isRecent":false,"isReply":false,"isRetweet":false} [0m

[37m ◎ LOGS
  [37m Tweet 1887407750742729057 checks: [0m
  [37m {"isUnprocessed":false,"isRecent":false,"isReply":false,"isRetweet":false} [0m

[37m ◎ LOGS
  [37m Tweet 1887382421760544862 checks: [0m
  [37m {"isUnprocessed":false,"isRecent":false,"isReply":false,"isRetweet":false} [0m

[37m ◎ LOGS
  [37m Tweet 1887185971436822904 checks: [0m
  [37m {"isUnprocessed":false,"isRecent":false,"isReply":false,"isRetweet":false} [0m

[37m ◎ LOGS
  [37m Tweet 1886835304000065962 checks: [0m
  [37m {"isUnprocessed":false,"isRecent":false,"isReply":true,"isRetweet":false} [0m

[37m ◎ LOGS
  [37m Tweet 1886199140146610590 checks: [0m
  [37m {"isUnprocessed":false,"isRecent":false,"isReply":false,"isRetweet":false} [0m

[37m ◎ LOGS
  [37m Tweet 1887242831036850579 checks: [0m
  [37m {"isUnprocessed":false,"isRecent":false,"isReply":false,"isRetweet":false} [0m

[37m ◎ LOGS
  [37m Tweet 1886955751257829631 checks: [0m
  [37m {"isUnprocessed":false,"isRecent":false,"isReply":false,"isRetweet":false} [0m

[37m ◎ LOGS
  [37m Tweet 1886954132918939973 checks: [0m
  [37m {"isUnprocessed":false,"isRecent":false,"isReply":false,"isRetweet":false} [0m

[37m ◎ LOGS
  [37m Tweet 1417240650295087114 checks: [0m
  [37m {"isUnprocessed":false,"isRecent":false,"isReply":true,"isRetweet":false} [0m

[37m ◎ LOGS
  [37m Tweet 1415386048268439553 checks: [0m
  [37m {"isUnprocessed":false,"isRecent":false,"isReply":true,"isRetweet":false} [0m

[37m ◎ LOGS
  [37m Tweet 1415385307738828802 checks: [0m
  [37m {"isUnprocessed":false,"isRecent":false,"isReply":true,"isRetweet":false} [0m

[37m ◎ LOGS
  [37m Tweet 1887366282292408571 checks: [0m
  [37m {"isUnprocessed":false,"isRecent":false,"isReply":true,"isRetweet":false} [0m

[37m ◎ LOGS
  [37m Tweet 1887201456811614453 checks: [0m
  [37m {"isUnprocessed":false,"isRecent":false,"isReply":false,"isRetweet":false} [0m

[37m ◎ LOGS
  [37m Tweet 1887186341445968337 checks: [0m
  [37m {"isUnprocessed":false,"isRecent":false,"isReply":true,"isRetweet":false} [0m

[37m ◎ LOGS
  [37m Tweet 1887502467803295764 checks: [0m
  [37m {"isUnprocessed":false,"isRecent":true,"isReply":true,"isRetweet":false} [0m

[37m ◎ LOGS
  [37m Tweet 1887500097811820749 checks: [0m
  [37m {"isUnprocessed":false,"isRecent":true,"isReply":true,"isRetweet":false} [0m

[37m ◎ LOGS
  [37m Tweet 1887498995322310763 checks: [0m
  [37m {"isUnprocessed":false,"isRecent":true,"isReply":false,"isRetweet":false} [0m

[37m ◎ LOGS
  [37m Tweet 1886855810451485180 checks: [0m
  [37m {"isUnprocessed":false,"isRecent":false,"isReply":false,"isRetweet":false} [0m

[37m ◎ LOGS
  [37m Tweet 1886456105372459141 checks: [0m
  [37m {"isUnprocessed":false,"isRecent":false,"isReply":false,"isRetweet":false} [0m

[37m ◎ LOGS
  [37m Tweet 1886453721871319097 checks: [0m
  [37m {"isUnprocessed":false,"isRecent":false,"isReply":false,"isRetweet":false} [0m

[37m ◎ LOGS
  [37m Tweet 1887214781658022339 checks: [0m
  [37m {"isUnprocessed":false,"isRecent":false,"isReply":true,"isRetweet":false} [0m

[37m ◎ LOGS
  [37m Tweet 1887214682148139272 checks: [0m
  [37m {"isUnprocessed":false,"isRecent":false,"isReply":true,"isRetweet":false} [0m

[37m ◎ LOGS
  [37m Tweet 1887214537100656900 checks: [0m
  [37m {"isUnprocessed":false,"isRecent":false,"isReply":true,"isRetweet":false} [0m

[37m ◎ LOGS
  [37m Tweet 1887488746100232289 checks: [0m
  [37m {"isUnprocessed":false,"isRecent":true,"isReply":true,"isRetweet":false} [0m

[37m ◎ LOGS
  [37m Tweet 1887488082402025556 checks: [0m
  [37m {"isUnprocessed":false,"isRecent":true,"isReply":true,"isRetweet":false} [0m

[37m ◎ LOGS
  [37m Tweet 1887485973686329637 checks: [0m
  [37m {"isUnprocessed":false,"isRecent":true,"isReply":true,"isRetweet":false} [0m

[37m ◎ LOGS
  [37m Tweet 1887242909084213682 checks: [0m
  [37m {"isUnprocessed":false,"isRecent":false,"isReply":true,"isRetweet":false} [0m

[37m ◎ LOGS
  [37m Tweet 1887158989005169023 checks: [0m
  [37m {"isUnprocessed":false,"isRecent":false,"isReply":false,"isRetweet":false} [0m

[37m ◎ LOGS
  [37m Tweet 1887077725506060507 checks: [0m
  [37m {"isUnprocessed":false,"isRecent":false,"isReply":true,"isRetweet":false} [0m

[37m ◎ LOGS
  [37m Tweet 1887209550102564956 checks: [0m
  [37m {"isUnprocessed":false,"isRecent":false,"isReply":false,"isRetweet":false} [0m

[37m ◎ LOGS
  [37m Tweet 1887169264903242154 checks: [0m
  [37m {"isUnprocessed":false,"isRecent":false,"isReply":false,"isRetweet":false} [0m

[37m ◎ LOGS
  [37m Tweet 1887084008560812417 checks: [0m
  [37m {"isUnprocessed":false,"isRecent":false,"isReply":false,"isRetweet":false} [0m

[37m ◎ LOGS
  [37m Tweet 1886144673489592392 checks: [0m
  [37m {"isUnprocessed":false,"isRecent":false,"isReply":true,"isRetweet":false} [0m

[37m ◎ LOGS
  [37m Tweet 1886136143663481151 checks: [0m
  [37m {"isUnprocessed":false,"isRecent":false,"isReply":true,"isRetweet":false} [0m

[37m ◎ LOGS
  [37m Tweet 1886136068451319840 checks: [0m
  [37m {"isUnprocessed":false,"isRecent":false,"isReply":true,"isRetweet":false} [0m

[37m ◎ LOGS
  [37m Tweet 1887455080204677343 checks: [0m
  [37m {"isUnprocessed":false,"isRecent":false,"isReply":true,"isRetweet":false} [0m

[37m ◎ LOGS
  [37m Tweet 1887455044049772578 checks: [0m
  [37m {"isUnprocessed":false,"isRecent":false,"isReply":true,"isRetweet":false} [0m

[37m ◎ LOGS
  [37m Tweet 1887455014719033453 checks: [0m
  [37m {"isUnprocessed":false,"isRecent":false,"isReply":true,"isRetweet":false} [0m

[37m ◎ LOGS
  [37m Tweet 1887082120935334080 checks: [0m
  [37m {"isUnprocessed":false,"isRecent":false,"isReply":false,"isRetweet":false} [0m

[37m ◎ LOGS
  [37m Tweet 1886702776425574644 checks: [0m
  [37m {"isUnprocessed":false,"isRecent":false,"isReply":false,"isRetweet":false} [0m

[37m ◎ LOGS
  [37m Tweet 1886467007110914364 checks: [0m
  [37m {"isUnprocessed":false,"isRecent":false,"isReply":false,"isRetweet":false} [0m

[37m ◎ LOGS
  [37m Tweet 1887501748920566075 checks: [0m
  [37m {"isUnprocessed":false,"isRecent":true,"isReply":false,"isRetweet":false} [0m

[37m ◎ LOGS
  [37m Tweet 1887498023933981012 checks: [0m
  [37m {"isUnprocessed":false,"isRecent":true,"isReply":false,"isRetweet":false} [0m

[37m ◎ LOGS
  [37m Tweet 1887489626123694383 checks: [0m
  [37m {"isUnprocessed":false,"isRecent":true,"isReply":false,"isRetweet":false} [0m

[37m ["◎ Finished checking Twitter interactions"] [0m

[37m ["◎ Checking Twitter interactions"] [0m

[37m ◎ LOGS
  [37m Completed checking mentioned tweets: [0m
  [37m 4 [0m

[37m ◎ LOGS
  [37m Processing target users: [0m
  [37m ["lynk0x","cabelo_escobar","DeShawnBTC","barkmeta","elonmusk","KingAnt777","Cobratate","RoarWeb3","0xSweep","AlexBeckerNT","BenjiEth74775","CryptoLyraa","wimps","Banks","morpheuswhale","rus","SajwaniCrypto","sup_nim","OrangeSBS","BarronTNews","DonaldJTrumpJr","hasbulla_main","PixOnChain","blade_nd","captainpirate99","echomorph_ai","TimshelXYZ","padrino_sol","bazingahappy","Cupseyy","kimchi1x","KyeGomezB","TheNotoriousMMA","LoganPaul","MrBeast","adinross","danawhite","adam22","_TJRTrades","Mrcryptowhale","mellometrics","ZssBecker","realDonaldTrump","DefiWimar","TylerDurden","lowkeyysol","punk1685","TezroTrades","David10x3","Joedwiz","MrBsol"] [0m

[37m ◎ LOGS
  [37m Tweet 1887489944664289777 checks: [0m
  [37m {"isUnprocessed":false,"isRecent":true,"isReply":false,"isRetweet":false} [0m

[37m ◎ LOGS
  [37m Tweet 1887482283847761956 checks: [0m
  [37m {"isUnprocessed":false,"isRecent":true,"isReply":false,"isRetweet":false} [0m

[37m ◎ LOGS
  [37m Tweet 1887474119857328196 checks: [0m
  [37m {"isUnprocessed":false,"isRecent":false,"isReply":false,"isRetweet":false} [0m

[37m ◎ LOGS
  [37m Tweet 1887208214971683213 checks: [0m
  [37m {"isUnprocessed":false,"isRecent":false,"isReply":false,"isRetweet":false} [0m

[37m ◎ LOGS
  [37m Tweet 1887074514137403606 checks: [0m
  [37m {"isUnprocessed":false,"isRecent":false,"isReply":false,"isRetweet":false} [0m

[37m ◎ LOGS
  [37m Tweet 1886705386096615812 checks: [0m
  [37m {"isUnprocessed":false,"isRecent":false,"isReply":false,"isRetweet":false} [0m

[37m ◎ LOGS
  [37m Tweet 1887080540215320992 checks: [0m
  [37m {"isUnprocessed":false,"isRecent":false,"isReply":false,"isRetweet":false} [0m

[37m ◎ LOGS
  [37m Tweet 1886766044917772488 checks: [0m
  [37m {"isUnprocessed":false,"isRecent":false,"isReply":false,"isRetweet":false} [0m

[37m ◎ LOGS
  [37m Tweet 1886466192157593846 checks: [0m
  [37m {"isUnprocessed":false,"isRecent":false,"isReply":false,"isRetweet":false} [0m

[37m ◎ LOGS
  [37m Tweet 1887341694447747405 checks: [0m
  [37m {"isUnprocessed":false,"isRecent":false,"isReply":true,"isRetweet":false} [0m

[37m ◎ LOGS
  [37m Tweet 1887337168483348763 checks: [0m
  [37m {"isUnprocessed":false,"isRecent":false,"isReply":true,"isRetweet":false} [0m

[37m ◎ LOGS
  [37m Tweet 1887502828333044041 checks: [0m
  [37m {"isUnprocessed":false,"isRecent":true,"isReply":false,"isRetweet":false} [0m

[37m ◎ LOGS
  [37m Tweet 1887501129941979292 checks: [0m
  [37m {"isUnprocessed":false,"isRecent":true,"isReply":true,"isRetweet":false} [0m

[37m ◎ LOGS
  [37m Tweet 1887500583193419880 checks: [0m
  [37m {"isUnprocessed":false,"isRecent":true,"isReply":true,"isRetweet":false} [0m

[37m ◎ LOGS
  [37m Tweet 1887500652026220923 checks: [0m
  [37m {"isUnprocessed":false,"isRecent":true,"isReply":true,"isRetweet":false} [0m

[37m ◎ LOGS
  [37m Tweet 1887500611496661407 checks: [0m
  [37m {"isUnprocessed":false,"isRecent":true,"isReply":true,"isRetweet":false} [0m

[37m ◎ LOGS
  [37m Tweet 1887500396374958253 checks: [0m
  [37m {"isUnprocessed":false,"isRecent":true,"isReply":true,"isRetweet":false} [0m

[37m ◎ LOGS
  [37m Tweet 1887490438321307654 checks: [0m
  [37m {"isUnprocessed":false,"isRecent":true,"isReply":true,"isRetweet":false} [0m

[37m ◎ LOGS
  [37m Tweet 1887450288497270858 checks: [0m
  [37m {"isUnprocessed":false,"isRecent":false,"isReply":false,"isRetweet":false} [0m

[37m ◎ LOGS
  [37m Tweet 1887427297801605160 checks: [0m
  [37m {"isUnprocessed":false,"isRecent":false,"isReply":true,"isRetweet":false} [0m

[37m ◎ LOGS
  [37m Tweet 1887492745868050623 checks: [0m
  [37m {"isUnprocessed":false,"isRecent":true,"isReply":false,"isRetweet":false} [0m

[37m ◎ LOGS
  [37m Tweet 1887485536262107177 checks: [0m
  [37m {"isUnprocessed":false,"isRecent":true,"isReply":true,"isRetweet":false} [0m

[37m ◎ LOGS
  [37m Tweet 1887459679288086570 checks: [0m
  [37m {"isUnprocessed":false,"isRecent":false,"isReply":false,"isRetweet":false} [0m

[37m ◎ LOGS
  [37m Tweet 1887504783210086704 checks: [0m
  [37m {"isUnprocessed":true,"isRecent":true,"isReply":true,"isRetweet":false} [0m

[37m ◎ LOGS
  [37m Tweet 1887504734744875310 checks: [0m
  [37m {"isUnprocessed":true,"isRecent":true,"isReply":true,"isRetweet":false} [0m

[37m ◎ LOGS
  [37m Tweet 1887504683880546563 checks: [0m
  [37m {"isUnprocessed":true,"isRecent":true,"isReply":true,"isRetweet":false} [0m

[37m ◎ LOGS
  [37m Tweet 1883734301679792609 checks: [0m
  [37m {"isUnprocessed":false,"isRecent":false,"isReply":false,"isRetweet":false} [0m

[37m ◎ LOGS
  [37m Tweet 1877117973330104481 checks: [0m
  [37m {"isUnprocessed":false,"isRecent":false,"isReply":true,"isRetweet":false} [0m

[37m ◎ LOGS
  [37m Tweet 1877117878429790428 checks: [0m
  [37m {"isUnprocessed":false,"isRecent":false,"isReply":true,"isRetweet":false} [0m

[37m ◎ LOGS
  [37m Tweet 1877117764688629970 checks: [0m
  [37m {"isUnprocessed":false,"isRecent":false,"isReply":true,"isRetweet":false} [0m

[37m ◎ LOGS
  [37m Tweet 1887466786720805305 checks: [0m
  [37m {"isUnprocessed":false,"isRecent":false,"isReply":false,"isRetweet":false} [0m

[37m ◎ LOGS
  [37m Tweet 1887461266937037044 checks: [0m
  [37m {"isUnprocessed":false,"isRecent":false,"isReply":true,"isRetweet":false} [0m

[37m ◎ LOGS
  [37m Tweet 1887445887158259734 checks: [0m
  [37m {"isUnprocessed":false,"isRecent":false,"isReply":false,"isRetweet":false} [0m

[37m ◎ LOGS
  [37m Tweet 1887347620101619740 checks: [0m
  [37m {"isUnprocessed":false,"isRecent":false,"isReply":true,"isRetweet":false} [0m

[37m ◎ LOGS
  [37m Tweet 1887347572257231045 checks: [0m
  [37m {"isUnprocessed":false,"isRecent":false,"isReply":false,"isRetweet":false} [0m

[37m ◎ LOGS
  [37m Tweet 1887280671707504765 checks: [0m
  [37m {"isUnprocessed":false,"isRecent":false,"isReply":false,"isRetweet":false} [0m

[37m ◎ LOGS
  [37m Tweet 1887439832445825386 checks: [0m
  [37m {"isUnprocessed":false,"isRecent":false,"isReply":true,"isRetweet":false} [0m

[37m ◎ LOGS
  [37m Tweet 1887410105265873178 checks: [0m
  [37m {"isUnprocessed":false,"isRecent":false,"isReply":true,"isRetweet":false} [0m

[37m ◎ LOGS
  [37m Tweet 1887350556794179806 checks: [0m
  [37m {"isUnprocessed":false,"isRecent":false,"isReply":true,"isRetweet":false} [0m

[37m ◎ LOGS
  [37m Tweet 1887208846529286407 checks: [0m
  [37m {"isUnprocessed":false,"isRecent":false,"isReply":false,"isRetweet":false} [0m

[37m ◎ LOGS
  [37m Tweet 1887162323724533803 checks: [0m
  [37m {"isUnprocessed":false,"isRecent":false,"isReply":false,"isRetweet":false} [0m

[37m ◎ LOGS
  [37m Tweet 1887082901939892355 checks: [0m
  [37m {"isUnprocessed":false,"isRecent":false,"isReply":false,"isRetweet":false} [0m

[37m ◎ LOGS
  [37m Tweet 1887164385816191054 checks: [0m
  [37m {"isUnprocessed":false,"isRecent":false,"isReply":false,"isRetweet":false} [0m

[37m ◎ LOGS
  [37m Tweet 1887156863981994138 checks: [0m
  [37m {"isUnprocessed":false,"isRecent":false,"isReply":false,"isRetweet":false} [0m

[37m ◎ LOGS
  [37m Tweet 1887083509988102337 checks: [0m
  [37m {"isUnprocessed":false,"isRecent":false,"isReply":false,"isRetweet":false} [0m

[37m ◎ LOGS
  [37m Tweet 1887432999920410802 checks: [0m
  [37m {"isUnprocessed":false,"isRecent":false,"isReply":true,"isRetweet":false} [0m

[37m ◎ LOGS
  [37m Tweet 1887432424357044387 checks: [0m
  [37m {"isUnprocessed":false,"isRecent":false,"isReply":true,"isRetweet":false} [0m

[37m ◎ LOGS
  [37m Tweet 1887431874878054430 checks: [0m
  [37m {"isUnprocessed":false,"isRecent":false,"isReply":true,"isRetweet":false} [0m

[37m ◎ LOGS
  [37m Tweet 1887498134097482237 checks: [0m
  [37m {"isUnprocessed":false,"isRecent":true,"isReply":true,"isRetweet":false} [0m

[37m ◎ LOGS
  [37m Tweet 1887497386441736431 checks: [0m
  [37m {"isUnprocessed":false,"isRecent":true,"isReply":true,"isRetweet":false} [0m

[37m ◎ LOGS
  [37m Tweet 1887485937417957627 checks: [0m
  [37m {"isUnprocessed":false,"isRecent":true,"isReply":true,"isRetweet":false} [0m

[37m ◎ LOGS
  [37m Tweet 1887481965231616069 checks: [0m
  [37m {"isUnprocessed":false,"isRecent":true,"isReply":false,"isRetweet":false} [0m

[37m ◎ LOGS
  [37m Tweet 1887429161775423727 checks: [0m
  [37m {"isUnprocessed":false,"isRecent":false,"isReply":false,"isRetweet":false} [0m

[37m ◎ LOGS
  [37m Tweet 1887247895159595215 checks: [0m
  [37m {"isUnprocessed":false,"isRecent":false,"isReply":false,"isRetweet":false} [0m

[37m ◎ LOGS
  [37m Tweet 1887500283774681377 checks: [0m
  [37m {"isUnprocessed":false,"isRecent":true,"isReply":false,"isRetweet":false} [0m

[37m ◎ LOGS
  [37m Tweet 1887265464310480912 checks: [0m
  [37m {"isUnprocessed":false,"isRecent":false,"isReply":false,"isRetweet":false} [0m

[37m ◎ LOGS
  [37m Tweet 1887220067248541888 checks: [0m
  [37m {"isUnprocessed":false,"isRecent":false,"isReply":false,"isRetweet":false} [0m

[37m ◎ LOGS
  [37m Tweet 1886836215116107962 checks: [0m
  [37m {"isUnprocessed":false,"isRecent":false,"isReply":false,"isRetweet":false} [0m

[37m ◎ LOGS
  [37m Tweet 1886489902264504632 checks: [0m
  [37m {"isUnprocessed":false,"isRecent":false,"isReply":false,"isRetweet":false} [0m

[37m ◎ LOGS
  [37m Tweet 1885698110581620949 checks: [0m
  [37m {"isUnprocessed":false,"isRecent":false,"isReply":true,"isRetweet":false} [0m

[37m ◎ LOGS
  [37m Tweet 1887264842085531844 checks: [0m
  [37m {"isUnprocessed":false,"isRecent":false,"isReply":true,"isRetweet":false} [0m

[37m ◎ LOGS
  [37m Tweet 1887245293109874705 checks: [0m
  [37m {"isUnprocessed":false,"isRecent":false,"isReply":true,"isRetweet":false} [0m

[37m ◎ LOGS
  [37m Tweet 1887245198406615044 checks: [0m
  [37m {"isUnprocessed":false,"isRecent":false,"isReply":true,"isRetweet":false} [0m

[37m ◎ LOGS
  [37m Tweet 1887429387609395303 checks: [0m
  [37m {"isUnprocessed":false,"isRecent":false,"isReply":true,"isRetweet":false} [0m

[37m ◎ LOGS
  [37m Tweet 1887234567507222996 checks: [0m
  [37m {"isUnprocessed":false,"isRecent":false,"isReply":true,"isRetweet":false} [0m

[37m ◎ LOGS
  [37m Tweet 1886994211989311791 checks: [0m
  [37m {"isUnprocessed":false,"isRecent":false,"isReply":true,"isRetweet":false} [0m

[37m ◎ LOGS
  [37m Tweet 1887038866613268831 checks: [0m
  [37m {"isUnprocessed":false,"isRecent":false,"isReply":false,"isRetweet":false} [0m

[37m ◎ LOGS
  [37m Tweet 1886796117783847377 checks: [0m
  [37m {"isUnprocessed":false,"isRecent":false,"isReply":false,"isRetweet":false} [0m

[37m ◎ LOGS
  [37m Tweet 1886105199099461942 checks: [0m
  [37m {"isUnprocessed":false,"isRecent":false,"isReply":false,"isRetweet":false} [0m

[37m ◎ LOGS
  [37m Tweet 1879324430960353308 checks: [0m
  [37m {"isUnprocessed":false,"isRecent":false,"isReply":true,"isRetweet":false} [0m

[37m ◎ LOGS
  [37m Tweet 1879294316545446172 checks: [0m
  [37m {"isUnprocessed":false,"isRecent":false,"isReply":true,"isRetweet":false} [0m

[37m ◎ LOGS
  [37m Tweet 1879294191865581936 checks: [0m
  [37m {"isUnprocessed":false,"isRecent":false,"isReply":true,"isRetweet":false} [0m

[37m ◎ LOGS
  [37m Tweet 1885890992529981827 checks: [0m
  [37m {"isUnprocessed":false,"isRecent":false,"isReply":true,"isRetweet":false} [0m

[37m ◎ LOGS
  [37m Tweet 1885008745232818448 checks: [0m
  [37m {"isUnprocessed":false,"isRecent":false,"isReply":true,"isRetweet":false} [0m

[37m ◎ LOGS
  [37m Tweet 1884848025815916770 checks: [0m
  [37m {"isUnprocessed":false,"isRecent":false,"isReply":true,"isRetweet":false} [0m

[37m ◎ LOGS
  [37m Tweet 1887146592848769139 checks: [0m
  [37m {"isUnprocessed":false,"isRecent":false,"isReply":false,"isRetweet":false} [0m

[37m ◎ LOGS
  [37m Tweet 1886941002251862407 checks: [0m
  [37m {"isUnprocessed":false,"isRecent":false,"isReply":false,"isRetweet":false} [0m

[37m ◎ LOGS
  [37m Tweet 1885861972370997755 checks: [0m
  [37m {"isUnprocessed":false,"isRecent":false,"isReply":false,"isRetweet":false} [0m

[37m ◎ LOGS
  [37m Tweet 1886843722232684601 checks: [0m
  [37m {"isUnprocessed":false,"isRecent":false,"isReply":true,"isRetweet":false} [0m

[37m ◎ LOGS
  [37m Tweet 1886908268481781845 checks: [0m
  [37m {"isUnprocessed":false,"isRecent":false,"isReply":true,"isRetweet":false} [0m

[37m ◎ LOGS
  [37m Tweet 1886907569211629831 checks: [0m
  [37m {"isUnprocessed":false,"isRecent":false,"isReply":false,"isRetweet":false} [0m

[37m ◎ LOGS
  [37m Tweet 1886604639443017906 checks: [0m
  [37m {"isUnprocessed":false,"isRecent":false,"isReply":true,"isRetweet":false} [0m

[37m ◎ LOGS
  [37m Tweet 1887364792194900196 checks: [0m
  [37m {"isUnprocessed":false,"isRecent":false,"isReply":true,"isRetweet":false} [0m

[37m ◎ LOGS
  [37m Tweet 1887350121127682270 checks: [0m
  [37m {"isUnprocessed":false,"isRecent":false,"isReply":true,"isRetweet":false} [0m

[37m ◎ LOGS
  [37m Tweet 1886986832535257295 checks: [0m
  [37m {"isUnprocessed":false,"isRecent":false,"isReply":true,"isRetweet":false} [0m

[37m ◎ LOGS
  [37m Tweet 1887370213877854563 checks: [0m
  [37m {"isUnprocessed":false,"isRecent":false,"isReply":true,"isRetweet":false} [0m

[37m ◎ LOGS
  [37m Tweet 1887368376101548498 checks: [0m
  [37m {"isUnprocessed":false,"isRecent":false,"isReply":true,"isRetweet":false} [0m

[37m ◎ LOGS
  [37m Tweet 1887362638255993335 checks: [0m
  [37m {"isUnprocessed":false,"isRecent":false,"isReply":true,"isRetweet":false} [0m

[37m ◎ LOGS
  [37m Tweet 1887454332427395348 checks: [0m
  [37m {"isUnprocessed":false,"isRecent":false,"isReply":true,"isRetweet":false} [0m

[37m ◎ LOGS
  [37m Tweet 1887451717110837664 checks: [0m
  [37m {"isUnprocessed":false,"isRecent":false,"isReply":false,"isRetweet":false} [0m

[37m ◎ LOGS
  [37m Tweet 1887349069980332315 checks: [0m
  [37m {"isUnprocessed":false,"isRecent":false,"isReply":false,"isRetweet":false} [0m

[37m ◎ LOGS
  [37m Tweet 1887419306171846996 checks: [0m
  [37m {"isUnprocessed":false,"isRecent":false,"isReply":true,"isRetweet":false} [0m

[37m ◎ LOGS
  [37m Tweet 1887395725689905527 checks: [0m
  [37m {"isUnprocessed":false,"isRecent":false,"isReply":true,"isRetweet":false} [0m

[37m ◎ LOGS
  [37m Tweet 1887269745038180669 checks: [0m
  [37m {"isUnprocessed":false,"isRecent":false,"isReply":true,"isRetweet":false} [0m

[37m ◎ LOGS
  [37m Tweet 1883640750107398408 checks: [0m
  [37m {"isUnprocessed":false,"isRecent":false,"isReply":true,"isRetweet":false} [0m

[37m ◎ LOGS
  [37m Tweet 1870498394130776435 checks: [0m
  [37m {"isUnprocessed":false,"isRecent":false,"isReply":true,"isRetweet":false} [0m

[37m ◎ LOGS
  [37m Tweet 1866987802065588508 checks: [0m
  [37m {"isUnprocessed":false,"isRecent":false,"isReply":true,"isRetweet":false} [0m

[37m ◎ LOGS
  [37m Tweet 1887408977350435303 checks: [0m
  [37m {"isUnprocessed":false,"isRecent":false,"isReply":false,"isRetweet":false} [0m

[37m ◎ LOGS
  [37m Tweet 1887407750742729057 checks: [0m
  [37m {"isUnprocessed":false,"isRecent":false,"isReply":false,"isRetweet":false} [0m

[37m ◎ LOGS
  [37m Tweet 1887382421760544862 checks: [0m
  [37m {"isUnprocessed":false,"isRecent":false,"isReply":false,"isRetweet":false} [0m

[37m ◎ LOGS
  [37m Tweet 1887185971436822904 checks: [0m
  [37m {"isUnprocessed":false,"isRecent":false,"isReply":false,"isRetweet":false} [0m

[37m ◎ LOGS
  [37m Tweet 1886835304000065962 checks: [0m
  [37m {"isUnprocessed":false,"isRecent":false,"isReply":true,"isRetweet":false} [0m

[37m ◎ LOGS
  [37m Tweet 1886199140146610590 checks: [0m
  [37m {"isUnprocessed":false,"isRecent":false,"isReply":false,"isRetweet":false} [0m

[37m ◎ LOGS
  [37m Tweet 1887242831036850579 checks: [0m
  [37m {"isUnprocessed":false,"isRecent":false,"isReply":false,"isRetweet":false} [0m

[37m ◎ LOGS
  [37m Tweet 1886955751257829631 checks: [0m
  [37m {"isUnprocessed":false,"isRecent":false,"isReply":false,"isRetweet":false} [0m

[37m ◎ LOGS
  [37m Tweet 1886954132918939973 checks: [0m
  [37m {"isUnprocessed":false,"isRecent":false,"isReply":false,"isRetweet":false} [0m

[37m ◎ LOGS
  [37m Tweet 1417240650295087114 checks: [0m
  [37m {"isUnprocessed":false,"isRecent":false,"isReply":true,"isRetweet":false} [0m

[37m ◎ LOGS
  [37m Tweet 1415386048268439553 checks: [0m
  [37m {"isUnprocessed":false,"isRecent":false,"isReply":true,"isRetweet":false} [0m

[37m ◎ LOGS
  [37m Tweet 1415385307738828802 checks: [0m
  [37m {"isUnprocessed":false,"isRecent":false,"isReply":true,"isRetweet":false} [0m

[37m ◎ LOGS
  [37m Tweet 1887366282292408571 checks: [0m
  [37m {"isUnprocessed":false,"isRecent":false,"isReply":true,"isRetweet":false} [0m

[37m ◎ LOGS
  [37m Tweet 1887201456811614453 checks: [0m
  [37m {"isUnprocessed":false,"isRecent":false,"isReply":false,"isRetweet":false} [0m

[37m ◎ LOGS
  [37m Tweet 1887186341445968337 checks: [0m
  [37m {"isUnprocessed":false,"isRecent":false,"isReply":true,"isRetweet":false} [0m

[37m ◎ LOGS
  [37m Tweet 1887502467803295764 checks: [0m
  [37m {"isUnprocessed":false,"isRecent":true,"isReply":true,"isRetweet":false} [0m

[37m ◎ LOGS
  [37m Tweet 1887500097811820749 checks: [0m
  [37m {"isUnprocessed":false,"isRecent":true,"isReply":true,"isRetweet":false} [0m

[37m ◎ LOGS
  [37m Tweet 1887498995322310763 checks: [0m
  [37m {"isUnprocessed":false,"isRecent":true,"isReply":false,"isRetweet":false} [0m

[37m ◎ LOGS
  [37m Tweet 1886855810451485180 checks: [0m
  [37m {"isUnprocessed":false,"isRecent":false,"isReply":false,"isRetweet":false} [0m

[37m ◎ LOGS
  [37m Tweet 1886456105372459141 checks: [0m
  [37m {"isUnprocessed":false,"isRecent":false,"isReply":false,"isRetweet":false} [0m

[37m ◎ LOGS
  [37m Tweet 1886453721871319097 checks: [0m
  [37m {"isUnprocessed":false,"isRecent":false,"isReply":false,"isRetweet":false} [0m

[37m ◎ LOGS
  [37m Tweet 1887214781658022339 checks: [0m
  [37m {"isUnprocessed":false,"isRecent":false,"isReply":true,"isRetweet":false} [0m

[37m ◎ LOGS
  [37m Tweet 1887214682148139272 checks: [0m
  [37m {"isUnprocessed":false,"isRecent":false,"isReply":true,"isRetweet":false} [0m

[37m ◎ LOGS
  [37m Tweet 1887214537100656900 checks: [0m
  [37m {"isUnprocessed":false,"isRecent":false,"isReply":true,"isRetweet":false} [0m

[37m ◎ LOGS
  [37m Tweet 1887488746100232289 checks: [0m
  [37m {"isUnprocessed":false,"isRecent":true,"isReply":true,"isRetweet":false} [0m

[37m ◎ LOGS
  [37m Tweet 1887488082402025556 checks: [0m
  [37m {"isUnprocessed":false,"isRecent":true,"isReply":true,"isRetweet":false} [0m

[37m ◎ LOGS
  [37m Tweet 1887485973686329637 checks: [0m
  [37m {"isUnprocessed":false,"isRecent":true,"isReply":true,"isRetweet":false} [0m

[37m ◎ LOGS
  [37m Tweet 1887242909084213682 checks: [0m
  [37m {"isUnprocessed":false,"isRecent":false,"isReply":true,"isRetweet":false} [0m

[37m ◎ LOGS
  [37m Tweet 1887158989005169023 checks: [0m
  [37m {"isUnprocessed":false,"isRecent":false,"isReply":false,"isRetweet":false} [0m

[37m ◎ LOGS
  [37m Tweet 1887077725506060507 checks: [0m
  [37m {"isUnprocessed":false,"isRecent":false,"isReply":true,"isRetweet":false} [0m

[37m ◎ LOGS
  [37m Tweet 1887209550102564956 checks: [0m
  [37m {"isUnprocessed":false,"isRecent":false,"isReply":false,"isRetweet":false} [0m

[37m ◎ LOGS
  [37m Tweet 1887169264903242154 checks: [0m
  [37m {"isUnprocessed":false,"isRecent":false,"isReply":false,"isRetweet":false} [0m

[37m ◎ LOGS
  [37m Tweet 1887084008560812417 checks: [0m
  [37m {"isUnprocessed":false,"isRecent":false,"isReply":false,"isRetweet":false} [0m

[37m ◎ LOGS
  [37m Tweet 1886144673489592392 checks: [0m
  [37m {"isUnprocessed":false,"isRecent":false,"isReply":true,"isRetweet":false} [0m

[37m ◎ LOGS
  [37m Tweet 1886136143663481151 checks: [0m
  [37m {"isUnprocessed":false,"isRecent":false,"isReply":true,"isRetweet":false} [0m

[37m ◎ LOGS
  [37m Tweet 1886136068451319840 checks: [0m
  [37m {"isUnprocessed":false,"isRecent":false,"isReply":true,"isRetweet":false} [0m

[37m ◎ LOGS
  [37m Tweet 1887455080204677343 checks: [0m
  [37m {"isUnprocessed":false,"isRecent":false,"isReply":true,"isRetweet":false} [0m

[37m ◎ LOGS
  [37m Tweet 1887455044049772578 checks: [0m
  [37m {"isUnprocessed":false,"isRecent":false,"isReply":true,"isRetweet":false} [0m

[37m ◎ LOGS
  [37m Tweet 1887455014719033453 checks: [0m
  [37m {"isUnprocessed":false,"isRecent":false,"isReply":true,"isRetweet":false} [0m

[37m ◎ LOGS
  [37m Tweet 1887082120935334080 checks: [0m
  [37m {"isUnprocessed":false,"isRecent":false,"isReply":false,"isRetweet":false} [0m

[37m ◎ LOGS
  [37m Tweet 1886702776425574644 checks: [0m
  [37m {"isUnprocessed":false,"isRecent":false,"isReply":false,"isRetweet":false} [0m

[37m ◎ LOGS
  [37m Tweet 1886467007110914364 checks: [0m
  [37m {"isUnprocessed":false,"isRecent":false,"isReply":false,"isRetweet":false} [0m

[37m ◎ LOGS
  [37m Tweet 1887501748920566075 checks: [0m
  [37m {"isUnprocessed":false,"isRecent":true,"isReply":false,"isRetweet":false} [0m

[37m ◎ LOGS
  [37m Tweet 1887498023933981012 checks: [0m
  [37m {"isUnprocessed":false,"isRecent":true,"isReply":false,"isRetweet":false} [0m

[37m ◎ LOGS
  [37m Tweet 1887489626123694383 checks: [0m
  [37m {"isUnprocessed":false,"isRecent":true,"isReply":false,"isRetweet":false} [0m

[37m ["◎ Finished checking Twitter interactions"] [0m

[37m ["◎ Checking Twitter interactions"] [0m

[37m ◎ LOGS
  [37m Completed checking mentioned tweets: [0m
  [37m 4 [0m

[37m ◎ LOGS
  [37m Processing target users: [0m
  [37m ["lynk0x","cabelo_escobar","DeShawnBTC","barkmeta","elonmusk","KingAnt777","Cobratate","RoarWeb3","0xSweep","AlexBeckerNT","BenjiEth74775","CryptoLyraa","wimps","Banks","morpheuswhale","rus","SajwaniCrypto","sup_nim","OrangeSBS","BarronTNews","DonaldJTrumpJr","hasbulla_main","PixOnChain","blade_nd","captainpirate99","echomorph_ai","TimshelXYZ","padrino_sol","bazingahappy","Cupseyy","kimchi1x","KyeGomezB","TheNotoriousMMA","LoganPaul","MrBeast","adinross","danawhite","adam22","_TJRTrades","Mrcryptowhale","mellometrics","ZssBecker","realDonaldTrump","DefiWimar","TylerDurden","lowkeyysol","punk1685","TezroTrades","David10x3","Joedwiz","MrBsol"] [0m

[37m ◎ LOGS
  [37m Tweet 1887489944664289777 checks: [0m
  [37m {"isUnprocessed":false,"isRecent":true,"isReply":false,"isRetweet":false} [0m

[37m ◎ LOGS
  [37m Tweet 1887482283847761956 checks: [0m
  [37m {"isUnprocessed":false,"isRecent":true,"isReply":false,"isRetweet":false} [0m

[37m ◎ LOGS
  [37m Tweet 1887474119857328196 checks: [0m
  [37m {"isUnprocessed":false,"isRecent":false,"isReply":false,"isRetweet":false} [0m

[37m ◎ LOGS
  [37m Tweet 1887208214971683213 checks: [0m
  [37m {"isUnprocessed":false,"isRecent":false,"isReply":false,"isRetweet":false} [0m

[37m ◎ LOGS
  [37m Tweet 1887074514137403606 checks: [0m
  [37m {"isUnprocessed":false,"isRecent":false,"isReply":false,"isRetweet":false} [0m

[37m ◎ LOGS
  [37m Tweet 1886705386096615812 checks: [0m
  [37m {"isUnprocessed":false,"isRecent":false,"isReply":false,"isRetweet":false} [0m

[37m ◎ LOGS
  [37m Tweet 1887080540215320992 checks: [0m
  [37m {"isUnprocessed":false,"isRecent":false,"isReply":false,"isRetweet":false} [0m

[37m ◎ LOGS
  [37m Tweet 1886766044917772488 checks: [0m
  [37m {"isUnprocessed":false,"isRecent":false,"isReply":false,"isRetweet":false} [0m

[37m ◎ LOGS
  [37m Tweet 1886466192157593846 checks: [0m
  [37m {"isUnprocessed":false,"isRecent":false,"isReply":false,"isRetweet":false} [0m

[37m ◎ LOGS
  [37m Tweet 1887341694447747405 checks: [0m
  [37m {"isUnprocessed":false,"isRecent":false,"isReply":true,"isRetweet":false} [0m

[37m ◎ LOGS
  [37m Tweet 1887337168483348763 checks: [0m
  [37m {"isUnprocessed":false,"isRecent":false,"isReply":true,"isRetweet":false} [0m

[37m ◎ LOGS
  [37m Tweet 1887502828333044041 checks: [0m
  [37m {"isUnprocessed":false,"isRecent":true,"isReply":false,"isRetweet":false} [0m

[37m ◎ LOGS
  [37m Tweet 1887501129941979292 checks: [0m
  [37m {"isUnprocessed":false,"isRecent":true,"isReply":true,"isRetweet":false} [0m

[37m ◎ LOGS
  [37m Tweet 1887500583193419880 checks: [0m
  [37m {"isUnprocessed":false,"isRecent":true,"isReply":true,"isRetweet":false} [0m

[37m ◎ LOGS
  [37m Tweet 1887500652026220923 checks: [0m
  [37m {"isUnprocessed":false,"isRecent":true,"isReply":true,"isRetweet":false} [0m

[37m ◎ LOGS
  [37m Tweet 1887500611496661407 checks: [0m
  [37m {"isUnprocessed":false,"isRecent":true,"isReply":true,"isRetweet":false} [0m

[37m ◎ LOGS
  [37m Tweet 1887500396374958253 checks: [0m
  [37m {"isUnprocessed":false,"isRecent":true,"isReply":true,"isRetweet":false} [0m

[37m ◎ LOGS
  [37m Tweet 1887490438321307654 checks: [0m
  [37m {"isUnprocessed":false,"isRecent":true,"isReply":true,"isRetweet":false} [0m

[37m ◎ LOGS
  [37m Tweet 1887450288497270858 checks: [0m
  [37m {"isUnprocessed":false,"isRecent":false,"isReply":false,"isRetweet":false} [0m

[37m ◎ LOGS
  [37m Tweet 1887427297801605160 checks: [0m
  [37m {"isUnprocessed":false,"isRecent":false,"isReply":true,"isRetweet":false} [0m

[37m ◎ LOGS
  [37m Tweet 1887492745868050623 checks: [0m
  [37m {"isUnprocessed":false,"isRecent":true,"isReply":false,"isRetweet":false} [0m

[37m ◎ LOGS
  [37m Tweet 1887485536262107177 checks: [0m
  [37m {"isUnprocessed":false,"isRecent":true,"isReply":true,"isRetweet":false} [0m

[37m ◎ LOGS
  [37m Tweet 1887459679288086570 checks: [0m
  [37m {"isUnprocessed":false,"isRecent":false,"isReply":false,"isRetweet":false} [0m

[37m ◎ LOGS
  [37m Tweet 1887504783210086704 checks: [0m
  [37m {"isUnprocessed":true,"isRecent":true,"isReply":true,"isRetweet":false} [0m

[37m ◎ LOGS
  [37m Tweet 1887504734744875310 checks: [0m
  [37m {"isUnprocessed":true,"isRecent":true,"isReply":true,"isRetweet":false} [0m

[37m ◎ LOGS
  [37m Tweet 1887504683880546563 checks: [0m
  [37m {"isUnprocessed":true,"isRecent":true,"isReply":true,"isRetweet":false} [0m

[37m ◎ LOGS
  [37m Tweet 1883734301679792609 checks: [0m
  [37m {"isUnprocessed":false,"isRecent":false,"isReply":false,"isRetweet":false} [0m

[37m ◎ LOGS
  [37m Tweet 1877117973330104481 checks: [0m
  [37m {"isUnprocessed":false,"isRecent":false,"isReply":true,"isRetweet":false} [0m

[37m ◎ LOGS
  [37m Tweet 1877117878429790428 checks: [0m
  [37m {"isUnprocessed":false,"isRecent":false,"isReply":true,"isRetweet":false} [0m

[37m ◎ LOGS
  [37m Tweet 1877117764688629970 checks: [0m
  [37m {"isUnprocessed":false,"isRecent":false,"isReply":true,"isRetweet":false} [0m

[37m ◎ LOGS
  [37m Tweet 1887466786720805305 checks: [0m
  [37m {"isUnprocessed":false,"isRecent":false,"isReply":false,"isRetweet":false} [0m

[37m ◎ LOGS
  [37m Tweet 1887461266937037044 checks: [0m
  [37m {"isUnprocessed":false,"isRecent":false,"isReply":true,"isRetweet":false} [0m

[37m ◎ LOGS
  [37m Tweet 1887445887158259734 checks: [0m
  [37m {"isUnprocessed":false,"isRecent":false,"isReply":false,"isRetweet":false} [0m

[37m ◎ LOGS
  [37m Tweet 1887347620101619740 checks: [0m
  [37m {"isUnprocessed":false,"isRecent":false,"isReply":true,"isRetweet":false} [0m

[37m ◎ LOGS
  [37m Tweet 1887347572257231045 checks: [0m
  [37m {"isUnprocessed":false,"isRecent":false,"isReply":false,"isRetweet":false} [0m

[37m ◎ LOGS
  [37m Tweet 1887280671707504765 checks: [0m
  [37m {"isUnprocessed":false,"isRecent":false,"isReply":false,"isRetweet":false} [0m

[37m ◎ LOGS
  [37m Tweet 1887439832445825386 checks: [0m
  [37m {"isUnprocessed":false,"isRecent":false,"isReply":true,"isRetweet":false} [0m

[37m ◎ LOGS
  [37m Tweet 1887410105265873178 checks: [0m
  [37m {"isUnprocessed":false,"isRecent":false,"isReply":true,"isRetweet":false} [0m

[37m ◎ LOGS
  [37m Tweet 1887350556794179806 checks: [0m
  [37m {"isUnprocessed":false,"isRecent":false,"isReply":true,"isRetweet":false} [0m

[37m ◎ LOGS
  [37m Tweet 1887208846529286407 checks: [0m
  [37m {"isUnprocessed":false,"isRecent":false,"isReply":false,"isRetweet":false} [0m

[37m ◎ LOGS
  [37m Tweet 1887162323724533803 checks: [0m
  [37m {"isUnprocessed":false,"isRecent":false,"isReply":false,"isRetweet":false} [0m

[37m ◎ LOGS
  [37m Tweet 1887082901939892355 checks: [0m
  [37m {"isUnprocessed":false,"isRecent":false,"isReply":false,"isRetweet":false} [0m

[37m ◎ LOGS
  [37m Tweet 1887164385816191054 checks: [0m
  [37m {"isUnprocessed":false,"isRecent":false,"isReply":false,"isRetweet":false} [0m

[37m ◎ LOGS
  [37m Tweet 1887156863981994138 checks: [0m
  [37m {"isUnprocessed":false,"isRecent":false,"isReply":false,"isRetweet":false} [0m

[37m ◎ LOGS
  [37m Tweet 1887083509988102337 checks: [0m
  [37m {"isUnprocessed":false,"isRecent":false,"isReply":false,"isRetweet":false} [0m

[37m ◎ LOGS
  [37m Tweet 1887432999920410802 checks: [0m
  [37m {"isUnprocessed":false,"isRecent":false,"isReply":true,"isRetweet":false} [0m

[37m ◎ LOGS
  [37m Tweet 1887432424357044387 checks: [0m
  [37m {"isUnprocessed":false,"isRecent":false,"isReply":true,"isRetweet":false} [0m

[37m ◎ LOGS
  [37m Tweet 1887431874878054430 checks: [0m
  [37m {"isUnprocessed":false,"isRecent":false,"isReply":true,"isRetweet":false} [0m

[37m ◎ LOGS
  [37m Tweet 1887498134097482237 checks: [0m
  [37m {"isUnprocessed":false,"isRecent":true,"isReply":true,"isRetweet":false} [0m

[37m ◎ LOGS
  [37m Tweet 1887497386441736431 checks: [0m
  [37m {"isUnprocessed":false,"isRecent":true,"isReply":true,"isRetweet":false} [0m

[37m ◎ LOGS
  [37m Tweet 1887485937417957627 checks: [0m
  [37m {"isUnprocessed":false,"isRecent":true,"isReply":true,"isRetweet":false} [0m

[37m ◎ LOGS
  [37m Tweet 1887481965231616069 checks: [0m
  [37m {"isUnprocessed":false,"isRecent":true,"isReply":false,"isRetweet":false} [0m

[37m ◎ LOGS
  [37m Tweet 1887429161775423727 checks: [0m
  [37m {"isUnprocessed":false,"isRecent":false,"isReply":false,"isRetweet":false} [0m

[37m ◎ LOGS
  [37m Tweet 1887247895159595215 checks: [0m
  [37m {"isUnprocessed":false,"isRecent":false,"isReply":false,"isRetweet":false} [0m

[37m ◎ LOGS
  [37m Tweet 1887500283774681377 checks: [0m
  [37m {"isUnprocessed":false,"isRecent":true,"isReply":false,"isRetweet":false} [0m

[37m ◎ LOGS
  [37m Tweet 1887265464310480912 checks: [0m
  [37m {"isUnprocessed":false,"isRecent":false,"isReply":false,"isRetweet":false} [0m

[37m ◎ LOGS
  [37m Tweet 1887220067248541888 checks: [0m
  [37m {"isUnprocessed":false,"isRecent":false,"isReply":false,"isRetweet":false} [0m

[37m ◎ LOGS
  [37m Tweet 1886836215116107962 checks: [0m
  [37m {"isUnprocessed":false,"isRecent":false,"isReply":false,"isRetweet":false} [0m

[37m ◎ LOGS
  [37m Tweet 1886489902264504632 checks: [0m
  [37m {"isUnprocessed":false,"isRecent":false,"isReply":false,"isRetweet":false} [0m

[37m ◎ LOGS
  [37m Tweet 1885698110581620949 checks: [0m
  [37m {"isUnprocessed":false,"isRecent":false,"isReply":true,"isRetweet":false} [0m

[37m ◎ LOGS
  [37m Tweet 1887264842085531844 checks: [0m
  [37m {"isUnprocessed":false,"isRecent":false,"isReply":true,"isRetweet":false} [0m

[37m ◎ LOGS
  [37m Tweet 1887245293109874705 checks: [0m
  [37m {"isUnprocessed":false,"isRecent":false,"isReply":true,"isRetweet":false} [0m

[37m ◎ LOGS
  [37m Tweet 1887245198406615044 checks: [0m
  [37m {"isUnprocessed":false,"isRecent":false,"isReply":true,"isRetweet":false} [0m

[37m ◎ LOGS
  [37m Tweet 1887429387609395303 checks: [0m
  [37m {"isUnprocessed":false,"isRecent":false,"isReply":true,"isRetweet":false} [0m

[37m ◎ LOGS
  [37m Tweet 1887234567507222996 checks: [0m
  [37m {"isUnprocessed":false,"isRecent":false,"isReply":true,"isRetweet":false} [0m

[37m ◎ LOGS
  [37m Tweet 1886994211989311791 checks: [0m
  [37m {"isUnprocessed":false,"isRecent":false,"isReply":true,"isRetweet":false} [0m

[37m ◎ LOGS
  [37m Tweet 1887038866613268831 checks: [0m
  [37m {"isUnprocessed":false,"isRecent":false,"isReply":false,"isRetweet":false} [0m

[37m ◎ LOGS
  [37m Tweet 1886796117783847377 checks: [0m
  [37m {"isUnprocessed":false,"isRecent":false,"isReply":false,"isRetweet":false} [0m

[37m ◎ LOGS
  [37m Tweet 1886105199099461942 checks: [0m
  [37m {"isUnprocessed":false,"isRecent":false,"isReply":false,"isRetweet":false} [0m

[37m ◎ LOGS
  [37m Tweet 1879324430960353308 checks: [0m
  [37m {"isUnprocessed":false,"isRecent":false,"isReply":true,"isRetweet":false} [0m

[37m ◎ LOGS
  [37m Tweet 1879294316545446172 checks: [0m
  [37m {"isUnprocessed":false,"isRecent":false,"isReply":true,"isRetweet":false} [0m

[37m ◎ LOGS
  [37m Tweet 1879294191865581936 checks: [0m
  [37m {"isUnprocessed":false,"isRecent":false,"isReply":true,"isRetweet":false} [0m

[37m ◎ LOGS
  [37m Tweet 1885890992529981827 checks: [0m
  [37m {"isUnprocessed":false,"isRecent":false,"isReply":true,"isRetweet":false} [0m

[37m ◎ LOGS
  [37m Tweet 1885008745232818448 checks: [0m
  [37m {"isUnprocessed":false,"isRecent":false,"isReply":true,"isRetweet":false} [0m

[37m ◎ LOGS
  [37m Tweet 1884848025815916770 checks: [0m
  [37m {"isUnprocessed":false,"isRecent":false,"isReply":true,"isRetweet":false} [0m

[37m ◎ LOGS
  [37m Tweet 1887146592848769139 checks: [0m
  [37m {"isUnprocessed":false,"isRecent":false,"isReply":false,"isRetweet":false} [0m

[37m ◎ LOGS
  [37m Tweet 1886941002251862407 checks: [0m
  [37m {"isUnprocessed":false,"isRecent":false,"isReply":false,"isRetweet":false} [0m

[37m ◎ LOGS
  [37m Tweet 1885861972370997755 checks: [0m
  [37m {"isUnprocessed":false,"isRecent":false,"isReply":false,"isRetweet":false} [0m

[37m ◎ LOGS
  [37m Tweet 1886843722232684601 checks: [0m
  [37m {"isUnprocessed":false,"isRecent":false,"isReply":true,"isRetweet":false} [0m

[37m ◎ LOGS
  [37m Tweet 1886908268481781845 checks: [0m
  [37m {"isUnprocessed":false,"isRecent":false,"isReply":true,"isRetweet":false} [0m

[37m ◎ LOGS
  [37m Tweet 1886907569211629831 checks: [0m
  [37m {"isUnprocessed":false,"isRecent":false,"isReply":false,"isRetweet":false} [0m

[37m ◎ LOGS
  [37m Tweet 1886604639443017906 checks: [0m
  [37m {"isUnprocessed":false,"isRecent":false,"isReply":true,"isRetweet":false} [0m

[37m ◎ LOGS
  [37m Tweet 1887364792194900196 checks: [0m
  [37m {"isUnprocessed":false,"isRecent":false,"isReply":true,"isRetweet":false} [0m

[37m ◎ LOGS
  [37m Tweet 1887350121127682270 checks: [0m
  [37m {"isUnprocessed":false,"isRecent":false,"isReply":true,"isRetweet":false} [0m

[37m ◎ LOGS
  [37m Tweet 1886986832535257295 checks: [0m
  [37m {"isUnprocessed":false,"isRecent":false,"isReply":true,"isRetweet":false} [0m

[37m ◎ LOGS
  [37m Tweet 1887370213877854563 checks: [0m
  [37m {"isUnprocessed":false,"isRecent":false,"isReply":true,"isRetweet":false} [0m

[37m ◎ LOGS
  [37m Tweet 1887368376101548498 checks: [0m
  [37m {"isUnprocessed":false,"isRecent":false,"isReply":true,"isRetweet":false} [0m

[37m ◎ LOGS
  [37m Tweet 1887362638255993335 checks: [0m
  [37m {"isUnprocessed":false,"isRecent":false,"isReply":true,"isRetweet":false} [0m

[37m ◎ LOGS
  [37m Tweet 1887454332427395348 checks: [0m
  [37m {"isUnprocessed":false,"isRecent":false,"isReply":true,"isRetweet":false} [0m

[37m ◎ LOGS
  [37m Tweet 1887451717110837664 checks: [0m
  [37m {"isUnprocessed":false,"isRecent":false,"isReply":false,"isRetweet":false} [0m

[37m ◎ LOGS
  [37m Tweet 1887349069980332315 checks: [0m
  [37m {"isUnprocessed":false,"isRecent":false,"isReply":false,"isRetweet":false} [0m

[37m ◎ LOGS
  [37m Tweet 1887419306171846996 checks: [0m
  [37m {"isUnprocessed":false,"isRecent":false,"isReply":true,"isRetweet":false} [0m

[37m ◎ LOGS
  [37m Tweet 1887395725689905527 checks: [0m
  [37m {"isUnprocessed":false,"isRecent":false,"isReply":true,"isRetweet":false} [0m

[37m ◎ LOGS
  [37m Tweet 1887269745038180669 checks: [0m
  [37m {"isUnprocessed":false,"isRecent":false,"isReply":true,"isRetweet":false} [0m

[37m ◎ LOGS
  [37m Tweet 1883640750107398408 checks: [0m
  [37m {"isUnprocessed":false,"isRecent":false,"isReply":true,"isRetweet":false} [0m

[37m ◎ LOGS
  [37m Tweet 1870498394130776435 checks: [0m
  [37m {"isUnprocessed":false,"isRecent":false,"isReply":true,"isRetweet":false} [0m

[37m ◎ LOGS
  [37m Tweet 1866987802065588508 checks: [0m
  [37m {"isUnprocessed":false,"isRecent":false,"isReply":true,"isRetweet":false} [0m

[37m ◎ LOGS
  [37m Tweet 1887408977350435303 checks: [0m
  [37m {"isUnprocessed":false,"isRecent":false,"isReply":false,"isRetweet":false} [0m

[37m ◎ LOGS
  [37m Tweet 1887407750742729057 checks: [0m
  [37m {"isUnprocessed":false,"isRecent":false,"isReply":false,"isRetweet":false} [0m

[37m ◎ LOGS
  [37m Tweet 1887382421760544862 checks: [0m
  [37m {"isUnprocessed":false,"isRecent":false,"isReply":false,"isRetweet":false} [0m

[37m ◎ LOGS
  [37m Tweet 1887185971436822904 checks: [0m
  [37m {"isUnprocessed":false,"isRecent":false,"isReply":false,"isRetweet":false} [0m

[37m ◎ LOGS
  [37m Tweet 1886835304000065962 checks: [0m
  [37m {"isUnprocessed":false,"isRecent":false,"isReply":true,"isRetweet":false} [0m

[37m ◎ LOGS
  [37m Tweet 1886199140146610590 checks: [0m
  [37m {"isUnprocessed":false,"isRecent":false,"isReply":false,"isRetweet":false} [0m

[37m ◎ LOGS
  [37m Tweet 1887242831036850579 checks: [0m
  [37m {"isUnprocessed":false,"isRecent":false,"isReply":false,"isRetweet":false} [0m

[37m ◎ LOGS
  [37m Tweet 1886955751257829631 checks: [0m
  [37m {"isUnprocessed":false,"isRecent":false,"isReply":false,"isRetweet":false} [0m

[37m ◎ LOGS
  [37m Tweet 1886954132918939973 checks: [0m
  [37m {"isUnprocessed":false,"isRecent":false,"isReply":false,"isRetweet":false} [0m

[37m ◎ LOGS
  [37m Tweet 1417240650295087114 checks: [0m
  [37m {"isUnprocessed":false,"isRecent":false,"isReply":true,"isRetweet":false} [0m

[37m ◎ LOGS
  [37m Tweet 1415386048268439553 checks: [0m
  [37m {"isUnprocessed":false,"isRecent":false,"isReply":true,"isRetweet":false} [0m

[37m ◎ LOGS
  [37m Tweet 1415385307738828802 checks: [0m
  [37m {"isUnprocessed":false,"isRecent":false,"isReply":true,"isRetweet":false} [0m

[37m ◎ LOGS
  [37m Tweet 1887366282292408571 checks: [0m
  [37m {"isUnprocessed":false,"isRecent":false,"isReply":true,"isRetweet":false} [0m

[37m ◎ LOGS
  [37m Tweet 1887201456811614453 checks: [0m
  [37m {"isUnprocessed":false,"isRecent":false,"isReply":false,"isRetweet":false} [0m

[37m ◎ LOGS
  [37m Tweet 1887186341445968337 checks: [0m
  [37m {"isUnprocessed":false,"isRecent":false,"isReply":true,"isRetweet":false} [0m

[37m ◎ LOGS
  [37m Tweet 1887502467803295764 checks: [0m
  [37m {"isUnprocessed":false,"isRecent":true,"isReply":true,"isRetweet":false} [0m

[37m ◎ LOGS
  [37m Tweet 1887500097811820749 checks: [0m
  [37m {"isUnprocessed":false,"isRecent":true,"isReply":true,"isRetweet":false} [0m

[37m ◎ LOGS
  [37m Tweet 1887498995322310763 checks: [0m
  [37m {"isUnprocessed":false,"isRecent":true,"isReply":false,"isRetweet":false} [0m

[37m ◎ LOGS
  [37m Tweet 1886855810451485180 checks: [0m
  [37m {"isUnprocessed":false,"isRecent":false,"isReply":false,"isRetweet":false} [0m

[37m ◎ LOGS
  [37m Tweet 1886456105372459141 checks: [0m
  [37m {"isUnprocessed":false,"isRecent":false,"isReply":false,"isRetweet":false} [0m

[37m ◎ LOGS
  [37m Tweet 1886453721871319097 checks: [0m
  [37m {"isUnprocessed":false,"isRecent":false,"isReply":false,"isRetweet":false} [0m

[37m ◎ LOGS
  [37m Tweet 1887214781658022339 checks: [0m
  [37m {"isUnprocessed":false,"isRecent":false,"isReply":true,"isRetweet":false} [0m

[37m ◎ LOGS
  [37m Tweet 1887214682148139272 checks: [0m
  [37m {"isUnprocessed":false,"isRecent":false,"isReply":true,"isRetweet":false} [0m

[37m ◎ LOGS
  [37m Tweet 1887214537100656900 checks: [0m
  [37m {"isUnprocessed":false,"isRecent":false,"isReply":true,"isRetweet":false} [0m

[37m ◎ LOGS
  [37m Tweet 1887488746100232289 checks: [0m
  [37m {"isUnprocessed":false,"isRecent":true,"isReply":true,"isRetweet":false} [0m

[37m ◎ LOGS
  [37m Tweet 1887488082402025556 checks: [0m
  [37m {"isUnprocessed":false,"isRecent":true,"isReply":true,"isRetweet":false} [0m

[37m ◎ LOGS
  [37m Tweet 1887485973686329637 checks: [0m
  [37m {"isUnprocessed":false,"isRecent":true,"isReply":true,"isRetweet":false} [0m

[37m ◎ LOGS
  [37m Tweet 1887242909084213682 checks: [0m
  [37m {"isUnprocessed":false,"isRecent":false,"isReply":true,"isRetweet":false} [0m

[37m ◎ LOGS
  [37m Tweet 1887158989005169023 checks: [0m
  [37m {"isUnprocessed":false,"isRecent":false,"isReply":false,"isRetweet":false} [0m

[37m ◎ LOGS
  [37m Tweet 1887077725506060507 checks: [0m
  [37m {"isUnprocessed":false,"isRecent":false,"isReply":true,"isRetweet":false} [0m

[37m ◎ LOGS
  [37m Tweet 1887209550102564956 checks: [0m
  [37m {"isUnprocessed":false,"isRecent":false,"isReply":false,"isRetweet":false} [0m

[37m ◎ LOGS
  [37m Tweet 1887169264903242154 checks: [0m
  [37m {"isUnprocessed":false,"isRecent":false,"isReply":false,"isRetweet":false} [0m

[37m ◎ LOGS
  [37m Tweet 1887084008560812417 checks: [0m
  [37m {"isUnprocessed":false,"isRecent":false,"isReply":false,"isRetweet":false} [0m

[37m ◎ LOGS
  [37m Tweet 1886144673489592392 checks: [0m
  [37m {"isUnprocessed":false,"isRecent":false,"isReply":true,"isRetweet":false} [0m

[37m ◎ LOGS
  [37m Tweet 1886136143663481151 checks: [0m
  [37m {"isUnprocessed":false,"isRecent":false,"isReply":true,"isRetweet":false} [0m

[37m ◎ LOGS
  [37m Tweet 1886136068451319840 checks: [0m
  [37m {"isUnprocessed":false,"isRecent":false,"isReply":true,"isRetweet":false} [0m

[37m ◎ LOGS
  [37m Tweet 1887455080204677343 checks: [0m
  [37m {"isUnprocessed":false,"isRecent":false,"isReply":true,"isRetweet":false} [0m

[37m ◎ LOGS
  [37m Tweet 1887455044049772578 checks: [0m
  [37m {"isUnprocessed":false,"isRecent":false,"isReply":true,"isRetweet":false} [0m

[37m ◎ LOGS
  [37m Tweet 1887455014719033453 checks: [0m
  [37m {"isUnprocessed":false,"isRecent":false,"isReply":true,"isRetweet":false} [0m

[37m ◎ LOGS
  [37m Tweet 1887082120935334080 checks: [0m
  [37m {"isUnprocessed":false,"isRecent":false,"isReply":false,"isRetweet":false} [0m

[37m ◎ LOGS
  [37m Tweet 1886702776425574644 checks: [0m
  [37m {"isUnprocessed":false,"isRecent":false,"isReply":false,"isRetweet":false} [0m

[37m ◎ LOGS
  [37m Tweet 1886467007110914364 checks: [0m
  [37m {"isUnprocessed":false,"isRecent":false,"isReply":false,"isRetweet":false} [0m

[37m ◎ LOGS
  [37m Tweet 1887501748920566075 checks: [0m
  [37m {"isUnprocessed":false,"isRecent":true,"isReply":false,"isRetweet":false} [0m

[37m ◎ LOGS
  [37m Tweet 1887498023933981012 checks: [0m
  [37m {"isUnprocessed":false,"isRecent":true,"isReply":false,"isRetweet":false} [0m

[37m ◎ LOGS
  [37m Tweet 1887489626123694383 checks: [0m
  [37m {"isUnprocessed":false,"isRecent":true,"isReply":false,"isRetweet":false} [0m

[37m ["◎ Finished checking Twitter interactions"] [0m

[37m ["◎ Checking Twitter interactions"] [0m

[37m ◎ LOGS
  [37m Completed checking mentioned tweets: [0m
  [37m 4 [0m

[37m ◎ LOGS
  [37m Processing target users: [0m
  [37m ["lynk0x","cabelo_escobar","DeShawnBTC","barkmeta","elonmusk","KingAnt777","Cobratate","RoarWeb3","0xSweep","AlexBeckerNT","BenjiEth74775","CryptoLyraa","wimps","Banks","morpheuswhale","rus","SajwaniCrypto","sup_nim","OrangeSBS","BarronTNews","DonaldJTrumpJr","hasbulla_main","PixOnChain","blade_nd","captainpirate99","echomorph_ai","TimshelXYZ","padrino_sol","bazingahappy","Cupseyy","kimchi1x","KyeGomezB","TheNotoriousMMA","LoganPaul","MrBeast","adinross","danawhite","adam22","_TJRTrades","Mrcryptowhale","mellometrics","ZssBecker","realDonaldTrump","DefiWimar","TylerDurden","lowkeyysol","punk1685","TezroTrades","David10x3","Joedwiz","MrBsol"] [0m

[37m ◎ LOGS
  [37m Tweet 1887489944664289777 checks: [0m
  [37m {"isUnprocessed":false,"isRecent":true,"isReply":false,"isRetweet":false} [0m

[37m ◎ LOGS
  [37m Tweet 1887482283847761956 checks: [0m
  [37m {"isUnprocessed":false,"isRecent":true,"isReply":false,"isRetweet":false} [0m

[37m ◎ LOGS
  [37m Tweet 1887474119857328196 checks: [0m
  [37m {"isUnprocessed":false,"isRecent":false,"isReply":false,"isRetweet":false} [0m

[37m ◎ LOGS
  [37m Tweet 1887208214971683213 checks: [0m
  [37m {"isUnprocessed":false,"isRecent":false,"isReply":false,"isRetweet":false} [0m

[37m ◎ LOGS
  [37m Tweet 1887074514137403606 checks: [0m
  [37m {"isUnprocessed":false,"isRecent":false,"isReply":false,"isRetweet":false} [0m

[37m ◎ LOGS
  [37m Tweet 1886705386096615812 checks: [0m
  [37m {"isUnprocessed":false,"isRecent":false,"isReply":false,"isRetweet":false} [0m

[37m ◎ LOGS
  [37m Tweet 1887080540215320992 checks: [0m
  [37m {"isUnprocessed":false,"isRecent":false,"isReply":false,"isRetweet":false} [0m

[37m ◎ LOGS
  [37m Tweet 1886766044917772488 checks: [0m
  [37m {"isUnprocessed":false,"isRecent":false,"isReply":false,"isRetweet":false} [0m

[37m ◎ LOGS
  [37m Tweet 1886466192157593846 checks: [0m
  [37m {"isUnprocessed":false,"isRecent":false,"isReply":false,"isRetweet":false} [0m

[37m ◎ LOGS
  [37m Tweet 1887341694447747405 checks: [0m
  [37m {"isUnprocessed":false,"isRecent":false,"isReply":true,"isRetweet":false} [0m

[37m ◎ LOGS
  [37m Tweet 1887337168483348763 checks: [0m
  [37m {"isUnprocessed":false,"isRecent":false,"isReply":true,"isRetweet":false} [0m

[37m ◎ LOGS
  [37m Tweet 1887502828333044041 checks: [0m
  [37m {"isUnprocessed":false,"isRecent":true,"isReply":false,"isRetweet":false} [0m

[37m ◎ LOGS
  [37m Tweet 1887501129941979292 checks: [0m
  [37m {"isUnprocessed":false,"isRecent":true,"isReply":true,"isRetweet":false} [0m

[37m ◎ LOGS
  [37m Tweet 1887500583193419880 checks: [0m
  [37m {"isUnprocessed":false,"isRecent":true,"isReply":true,"isRetweet":false} [0m

[37m ◎ LOGS
  [37m Tweet 1887500652026220923 checks: [0m
  [37m {"isUnprocessed":false,"isRecent":true,"isReply":true,"isRetweet":false} [0m

[37m ◎ LOGS
  [37m Tweet 1887500611496661407 checks: [0m
  [37m {"isUnprocessed":false,"isRecent":true,"isReply":true,"isRetweet":false} [0m

[37m ◎ LOGS
  [37m Tweet 1887500396374958253 checks: [0m
  [37m {"isUnprocessed":false,"isRecent":true,"isReply":true,"isRetweet":false} [0m

[37m ◎ LOGS
  [37m Tweet 1887490438321307654 checks: [0m
  [37m {"isUnprocessed":false,"isRecent":true,"isReply":true,"isRetweet":false} [0m

[37m ◎ LOGS
  [37m Tweet 1887450288497270858 checks: [0m
  [37m {"isUnprocessed":false,"isRecent":false,"isReply":false,"isRetweet":false} [0m

[37m ◎ LOGS
  [37m Tweet 1887427297801605160 checks: [0m
  [37m {"isUnprocessed":false,"isRecent":false,"isReply":true,"isRetweet":false} [0m

[37m ◎ LOGS
  [37m Tweet 1887492745868050623 checks: [0m
  [37m {"isUnprocessed":false,"isRecent":true,"isReply":false,"isRetweet":false} [0m

[37m ◎ LOGS
  [37m Tweet 1887485536262107177 checks: [0m
  [37m {"isUnprocessed":false,"isRecent":true,"isReply":true,"isRetweet":false} [0m

[37m ◎ LOGS
  [37m Tweet 1887459679288086570 checks: [0m
  [37m {"isUnprocessed":false,"isRecent":false,"isReply":false,"isRetweet":false} [0m

[37m ◎ LOGS
  [37m Tweet 1887506519714853103 checks: [0m
  [37m {"isUnprocessed":true,"isRecent":true,"isReply":true,"isRetweet":false} [0m

[37m ◎ LOGS
  [37m Tweet 1887504783210086704 checks: [0m
  [37m {"isUnprocessed":true,"isRecent":true,"isReply":true,"isRetweet":false} [0m

[37m ◎ LOGS
  [37m Tweet 1887504734744875310 checks: [0m
  [37m {"isUnprocessed":true,"isRecent":true,"isReply":true,"isRetweet":false} [0m

[37m ◎ LOGS
  [37m Tweet 1883734301679792609 checks: [0m
  [37m {"isUnprocessed":false,"isRecent":false,"isReply":false,"isRetweet":false} [0m

[37m ◎ LOGS
  [37m Tweet 1877117973330104481 checks: [0m
  [37m {"isUnprocessed":false,"isRecent":false,"isReply":true,"isRetweet":false} [0m

[37m ◎ LOGS
  [37m Tweet 1877117878429790428 checks: [0m
  [37m {"isUnprocessed":false,"isRecent":false,"isReply":true,"isRetweet":false} [0m

[37m ◎ LOGS
  [37m Tweet 1877117764688629970 checks: [0m
  [37m {"isUnprocessed":false,"isRecent":false,"isReply":true,"isRetweet":false} [0m

[37m ◎ LOGS
  [37m Tweet 1887506321940873629 checks: [0m
  [37m {"isUnprocessed":true,"isRecent":true,"isReply":true,"isRetweet":false} [0m

[37m ◎ LOGS
  [37m Tweet 1887466786720805305 checks: [0m
  [37m {"isUnprocessed":false,"isRecent":false,"isReply":false,"isRetweet":false} [0m

[37m ◎ LOGS
  [37m Tweet 1887461266937037044 checks: [0m
  [37m {"isUnprocessed":false,"isRecent":false,"isReply":true,"isRetweet":false} [0m

[37m ◎ LOGS
  [37m Tweet 1887347620101619740 checks: [0m
  [37m {"isUnprocessed":false,"isRecent":false,"isReply":true,"isRetweet":false} [0m

[37m ◎ LOGS
  [37m Tweet 1887347572257231045 checks: [0m
  [37m {"isUnprocessed":false,"isRecent":false,"isReply":false,"isRetweet":false} [0m

[37m ◎ LOGS
  [37m Tweet 1887280671707504765 checks: [0m
  [37m {"isUnprocessed":false,"isRecent":false,"isReply":false,"isRetweet":false} [0m

[37m ◎ LOGS
  [37m Tweet 1887439832445825386 checks: [0m
  [37m {"isUnprocessed":false,"isRecent":false,"isReply":true,"isRetweet":false} [0m

[37m ◎ LOGS
  [37m Tweet 1887410105265873178 checks: [0m
  [37m {"isUnprocessed":false,"isRecent":false,"isReply":true,"isRetweet":false} [0m

[37m ◎ LOGS
  [37m Tweet 1887350556794179806 checks: [0m
  [37m {"isUnprocessed":false,"isRecent":false,"isReply":true,"isRetweet":false} [0m

[37m ◎ LOGS
  [37m Tweet 1887208846529286407 checks: [0m
  [37m {"isUnprocessed":false,"isRecent":false,"isReply":false,"isRetweet":false} [0m

[37m ◎ LOGS
  [37m Tweet 1887162323724533803 checks: [0m
  [37m {"isUnprocessed":false,"isRecent":false,"isReply":false,"isRetweet":false} [0m

[37m ◎ LOGS
  [37m Tweet 1887082901939892355 checks: [0m
  [37m {"isUnprocessed":false,"isRecent":false,"isReply":false,"isRetweet":false} [0m

[37m ◎ LOGS
  [37m Tweet 1887164385816191054 checks: [0m
  [37m {"isUnprocessed":false,"isRecent":false,"isReply":false,"isRetweet":false} [0m

[37m ◎ LOGS
  [37m Tweet 1887156863981994138 checks: [0m
  [37m {"isUnprocessed":false,"isRecent":false,"isReply":false,"isRetweet":false} [0m

[37m ◎ LOGS
  [37m Tweet 1887083509988102337 checks: [0m
  [37m {"isUnprocessed":false,"isRecent":false,"isReply":false,"isRetweet":false} [0m

[37m ◎ LOGS
  [37m Tweet 1887432999920410802 checks: [0m
  [37m {"isUnprocessed":false,"isRecent":false,"isReply":true,"isRetweet":false} [0m

[37m ◎ LOGS
  [37m Tweet 1887432424357044387 checks: [0m
  [37m {"isUnprocessed":false,"isRecent":false,"isReply":true,"isRetweet":false} [0m

[37m ◎ LOGS
  [37m Tweet 1887431874878054430 checks: [0m
  [37m {"isUnprocessed":false,"isRecent":false,"isReply":true,"isRetweet":false} [0m

[37m ◎ LOGS
  [37m Tweet 1887498134097482237 checks: [0m
  [37m {"isUnprocessed":false,"isRecent":true,"isReply":true,"isRetweet":false} [0m

[37m ◎ LOGS
  [37m Tweet 1887497386441736431 checks: [0m
  [37m {"isUnprocessed":false,"isRecent":true,"isReply":true,"isRetweet":false} [0m

[37m ◎ LOGS
  [37m Tweet 1887485937417957627 checks: [0m
  [37m {"isUnprocessed":false,"isRecent":true,"isReply":true,"isRetweet":false} [0m

[37m ◎ LOGS
  [37m Tweet 1887481965231616069 checks: [0m
  [37m {"isUnprocessed":false,"isRecent":true,"isReply":false,"isRetweet":false} [0m

[37m ◎ LOGS
  [37m Tweet 1887429161775423727 checks: [0m
  [37m {"isUnprocessed":false,"isRecent":false,"isReply":false,"isRetweet":false} [0m

[37m ◎ LOGS
  [37m Tweet 1887247895159595215 checks: [0m
  [37m {"isUnprocessed":false,"isRecent":false,"isReply":false,"isRetweet":false} [0m

[37m ◎ LOGS
  [37m Tweet 1887500283774681377 checks: [0m
  [37m {"isUnprocessed":false,"isRecent":true,"isReply":false,"isRetweet":false} [0m

[37m ◎ LOGS
  [37m Tweet 1887265464310480912 checks: [0m
  [37m {"isUnprocessed":false,"isRecent":false,"isReply":false,"isRetweet":false} [0m

[37m ◎ LOGS
  [37m Tweet 1887220067248541888 checks: [0m
  [37m {"isUnprocessed":false,"isRecent":false,"isReply":false,"isRetweet":false} [0m

[37m ◎ LOGS
  [37m Tweet 1886836215116107962 checks: [0m
  [37m {"isUnprocessed":false,"isRecent":false,"isReply":false,"isRetweet":false} [0m

[37m ◎ LOGS
  [37m Tweet 1886489902264504632 checks: [0m
  [37m {"isUnprocessed":false,"isRecent":false,"isReply":false,"isRetweet":false} [0m

[37m ◎ LOGS
  [37m Tweet 1885698110581620949 checks: [0m
  [37m {"isUnprocessed":false,"isRecent":false,"isReply":true,"isRetweet":false} [0m

[37m ◎ LOGS
  [37m Tweet 1887264842085531844 checks: [0m
  [37m {"isUnprocessed":false,"isRecent":false,"isReply":true,"isRetweet":false} [0m

[37m ◎ LOGS
  [37m Tweet 1887245293109874705 checks: [0m
  [37m {"isUnprocessed":false,"isRecent":false,"isReply":true,"isRetweet":false} [0m

[37m ◎ LOGS
  [37m Tweet 1887245198406615044 checks: [0m
  [37m {"isUnprocessed":false,"isRecent":false,"isReply":true,"isRetweet":false} [0m

[37m ◎ LOGS
  [37m Tweet 1887429387609395303 checks: [0m
  [37m {"isUnprocessed":false,"isRecent":false,"isReply":true,"isRetweet":false} [0m

[37m ◎ LOGS
  [37m Tweet 1887234567507222996 checks: [0m
  [37m {"isUnprocessed":false,"isRecent":false,"isReply":true,"isRetweet":false} [0m

[37m ◎ LOGS
  [37m Tweet 1886994211989311791 checks: [0m
  [37m {"isUnprocessed":false,"isRecent":false,"isReply":true,"isRetweet":false} [0m

[37m ◎ LOGS
  [37m Tweet 1887038866613268831 checks: [0m
  [37m {"isUnprocessed":false,"isRecent":false,"isReply":false,"isRetweet":false} [0m

[37m ◎ LOGS
  [37m Tweet 1886796117783847377 checks: [0m
  [37m {"isUnprocessed":false,"isRecent":false,"isReply":false,"isRetweet":false} [0m

[37m ◎ LOGS
  [37m Tweet 1886105199099461942 checks: [0m
  [37m {"isUnprocessed":false,"isRecent":false,"isReply":false,"isRetweet":false} [0m

[37m ◎ LOGS
  [37m Tweet 1879324430960353308 checks: [0m
  [37m {"isUnprocessed":false,"isRecent":false,"isReply":true,"isRetweet":false} [0m

[37m ◎ LOGS
  [37m Tweet 1879294316545446172 checks: [0m
  [37m {"isUnprocessed":false,"isRecent":false,"isReply":true,"isRetweet":false} [0m

[37m ◎ LOGS
  [37m Tweet 1879294191865581936 checks: [0m
  [37m {"isUnprocessed":false,"isRecent":false,"isReply":true,"isRetweet":false} [0m

[37m ◎ LOGS
  [37m Tweet 1885890992529981827 checks: [0m
  [37m {"isUnprocessed":false,"isRecent":false,"isReply":true,"isRetweet":false} [0m

[37m ◎ LOGS
  [37m Tweet 1885008745232818448 checks: [0m
  [37m {"isUnprocessed":false,"isRecent":false,"isReply":true,"isRetweet":false} [0m

[37m ◎ LOGS
  [37m Tweet 1884848025815916770 checks: [0m
  [37m {"isUnprocessed":false,"isRecent":false,"isReply":true,"isRetweet":false} [0m

[37m ◎ LOGS
  [37m Tweet 1887146592848769139 checks: [0m
  [37m {"isUnprocessed":false,"isRecent":false,"isReply":false,"isRetweet":false} [0m

[37m ◎ LOGS
  [37m Tweet 1886941002251862407 checks: [0m
  [37m {"isUnprocessed":false,"isRecent":false,"isReply":false,"isRetweet":false} [0m

[37m ◎ LOGS
  [37m Tweet 1885861972370997755 checks: [0m
  [37m {"isUnprocessed":false,"isRecent":false,"isReply":false,"isRetweet":false} [0m

[37m ◎ LOGS
  [37m Tweet 1886843722232684601 checks: [0m
  [37m {"isUnprocessed":false,"isRecent":false,"isReply":true,"isRetweet":false} [0m

[37m ◎ LOGS
  [37m Tweet 1886908268481781845 checks: [0m
  [37m {"isUnprocessed":false,"isRecent":false,"isReply":true,"isRetweet":false} [0m

[37m ◎ LOGS
  [37m Tweet 1886907569211629831 checks: [0m
  [37m {"isUnprocessed":false,"isRecent":false,"isReply":false,"isRetweet":false} [0m

[37m ◎ LOGS
  [37m Tweet 1886604639443017906 checks: [0m
  [37m {"isUnprocessed":false,"isRecent":false,"isReply":true,"isRetweet":false} [0m

[37m ◎ LOGS
  [37m Tweet 1887364792194900196 checks: [0m
  [37m {"isUnprocessed":false,"isRecent":false,"isReply":true,"isRetweet":false} [0m

[37m ◎ LOGS
  [37m Tweet 1887350121127682270 checks: [0m
  [37m {"isUnprocessed":false,"isRecent":false,"isReply":true,"isRetweet":false} [0m

[37m ◎ LOGS
  [37m Tweet 1886986832535257295 checks: [0m
  [37m {"isUnprocessed":false,"isRecent":false,"isReply":true,"isRetweet":false} [0m

[37m ◎ LOGS
  [37m Tweet 1887370213877854563 checks: [0m
  [37m {"isUnprocessed":false,"isRecent":false,"isReply":true,"isRetweet":false} [0m

[37m ◎ LOGS
  [37m Tweet 1887368376101548498 checks: [0m
  [37m {"isUnprocessed":false,"isRecent":false,"isReply":true,"isRetweet":false} [0m

[37m ◎ LOGS
  [37m Tweet 1887362638255993335 checks: [0m
  [37m {"isUnprocessed":false,"isRecent":false,"isReply":true,"isRetweet":false} [0m

[37m ◎ LOGS
  [37m Tweet 1887454332427395348 checks: [0m
  [37m {"isUnprocessed":false,"isRecent":false,"isReply":true,"isRetweet":false} [0m

[37m ◎ LOGS
  [37m Tweet 1887451717110837664 checks: [0m
  [37m {"isUnprocessed":false,"isRecent":false,"isReply":false,"isRetweet":false} [0m

[37m ◎ LOGS
  [37m Tweet 1887349069980332315 checks: [0m
  [37m {"isUnprocessed":false,"isRecent":false,"isReply":false,"isRetweet":false} [0m

[37m ◎ LOGS
  [37m Tweet 1887419306171846996 checks: [0m
  [37m {"isUnprocessed":false,"isRecent":false,"isReply":true,"isRetweet":false} [0m

[37m ◎ LOGS
  [37m Tweet 1887395725689905527 checks: [0m
  [37m {"isUnprocessed":false,"isRecent":false,"isReply":true,"isRetweet":false} [0m

[37m ◎ LOGS
  [37m Tweet 1887269745038180669 checks: [0m
  [37m {"isUnprocessed":false,"isRecent":false,"isReply":true,"isRetweet":false} [0m

[37m ◎ LOGS
  [37m Tweet 1883640750107398408 checks: [0m
  [37m {"isUnprocessed":false,"isRecent":false,"isReply":true,"isRetweet":false} [0m

[37m ◎ LOGS
  [37m Tweet 1870498394130776435 checks: [0m
  [37m {"isUnprocessed":false,"isRecent":false,"isReply":true,"isRetweet":false} [0m

[37m ◎ LOGS
  [37m Tweet 1866987802065588508 checks: [0m
  [37m {"isUnprocessed":false,"isRecent":false,"isReply":true,"isRetweet":false} [0m

[37m ◎ LOGS
  [37m Tweet 1887408977350435303 checks: [0m
  [37m {"isUnprocessed":false,"isRecent":false,"isReply":false,"isRetweet":false} [0m

[37m ◎ LOGS
  [37m Tweet 1887407750742729057 checks: [0m
  [37m {"isUnprocessed":false,"isRecent":false,"isReply":false,"isRetweet":false} [0m

[37m ◎ LOGS
  [37m Tweet 1887382421760544862 checks: [0m
  [37m {"isUnprocessed":false,"isRecent":false,"isReply":false,"isRetweet":false} [0m

[37m ◎ LOGS
  [37m Tweet 1887185971436822904 checks: [0m
  [37m {"isUnprocessed":false,"isRecent":false,"isReply":false,"isRetweet":false} [0m

[37m ◎ LOGS
  [37m Tweet 1886835304000065962 checks: [0m
  [37m {"isUnprocessed":false,"isRecent":false,"isReply":true,"isRetweet":false} [0m

[37m ◎ LOGS
  [37m Tweet 1886199140146610590 checks: [0m
  [37m {"isUnprocessed":false,"isRecent":false,"isReply":false,"isRetweet":false} [0m

[37m ◎ LOGS
  [37m Tweet 1887242831036850579 checks: [0m
  [37m {"isUnprocessed":false,"isRecent":false,"isReply":false,"isRetweet":false} [0m

[37m ◎ LOGS
  [37m Tweet 1886955751257829631 checks: [0m
  [37m {"isUnprocessed":false,"isRecent":false,"isReply":false,"isRetweet":false} [0m

[37m ◎ LOGS
  [37m Tweet 1886954132918939973 checks: [0m
  [37m {"isUnprocessed":false,"isRecent":false,"isReply":false,"isRetweet":false} [0m

[37m ◎ LOGS
  [37m Tweet 1417240650295087114 checks: [0m
  [37m {"isUnprocessed":false,"isRecent":false,"isReply":true,"isRetweet":false} [0m

[37m ◎ LOGS
  [37m Tweet 1415386048268439553 checks: [0m
  [37m {"isUnprocessed":false,"isRecent":false,"isReply":true,"isRetweet":false} [0m

[37m ◎ LOGS
  [37m Tweet 1415385307738828802 checks: [0m
  [37m {"isUnprocessed":false,"isRecent":false,"isReply":true,"isRetweet":false} [0m

[37m ◎ LOGS
  [37m Tweet 1887366282292408571 checks: [0m
  [37m {"isUnprocessed":false,"isRecent":false,"isReply":true,"isRetweet":false} [0m

[37m ◎ LOGS
  [37m Tweet 1887201456811614453 checks: [0m
  [37m {"isUnprocessed":false,"isRecent":false,"isReply":false,"isRetweet":false} [0m

[37m ◎ LOGS
  [37m Tweet 1887186341445968337 checks: [0m
  [37m {"isUnprocessed":false,"isRecent":false,"isReply":true,"isRetweet":false} [0m

[37m ◎ LOGS
  [37m Tweet 1887502467803295764 checks: [0m
  [37m {"isUnprocessed":false,"isRecent":true,"isReply":true,"isRetweet":false} [0m

[37m ◎ LOGS
  [37m Tweet 1887500097811820749 checks: [0m
  [37m {"isUnprocessed":false,"isRecent":true,"isReply":true,"isRetweet":false} [0m

[37m ◎ LOGS
  [37m Tweet 1887498995322310763 checks: [0m
  [37m {"isUnprocessed":false,"isRecent":true,"isReply":false,"isRetweet":false} [0m

[37m ◎ LOGS
  [37m Tweet 1886855810451485180 checks: [0m
  [37m {"isUnprocessed":false,"isRecent":false,"isReply":false,"isRetweet":false} [0m

[37m ◎ LOGS
  [37m Tweet 1886456105372459141 checks: [0m
  [37m {"isUnprocessed":false,"isRecent":false,"isReply":false,"isRetweet":false} [0m

[37m ◎ LOGS
  [37m Tweet 1886453721871319097 checks: [0m
  [37m {"isUnprocessed":false,"isRecent":false,"isReply":false,"isRetweet":false} [0m

[37m ◎ LOGS
  [37m Tweet 1887214781658022339 checks: [0m
  [37m {"isUnprocessed":false,"isRecent":false,"isReply":true,"isRetweet":false} [0m

[37m ◎ LOGS
  [37m Tweet 1887214682148139272 checks: [0m
  [37m {"isUnprocessed":false,"isRecent":false,"isReply":true,"isRetweet":false} [0m

[37m ◎ LOGS
  [37m Tweet 1887214537100656900 checks: [0m
  [37m {"isUnprocessed":false,"isRecent":false,"isReply":true,"isRetweet":false} [0m

[37m ◎ LOGS
  [37m Tweet 1887488746100232289 checks: [0m
  [37m {"isUnprocessed":false,"isRecent":true,"isReply":true,"isRetweet":false} [0m

[37m ◎ LOGS
  [37m Tweet 1887488082402025556 checks: [0m
  [37m {"isUnprocessed":false,"isRecent":true,"isReply":true,"isRetweet":false} [0m

[37m ◎ LOGS
  [37m Tweet 1887485973686329637 checks: [0m
  [37m {"isUnprocessed":false,"isRecent":true,"isReply":true,"isRetweet":false} [0m

[37m ◎ LOGS
  [37m Tweet 1887242909084213682 checks: [0m
  [37m {"isUnprocessed":false,"isRecent":false,"isReply":true,"isRetweet":false} [0m

[37m ◎ LOGS
  [37m Tweet 1887158989005169023 checks: [0m
  [37m {"isUnprocessed":false,"isRecent":false,"isReply":false,"isRetweet":false} [0m

[37m ◎ LOGS
  [37m Tweet 1887077725506060507 checks: [0m
  [37m {"isUnprocessed":false,"isRecent":false,"isReply":true,"isRetweet":false} [0m

[37m ◎ LOGS
  [37m Tweet 1887209550102564956 checks: [0m
  [37m {"isUnprocessed":false,"isRecent":false,"isReply":false,"isRetweet":false} [0m

[37m ◎ LOGS
  [37m Tweet 1887169264903242154 checks: [0m
  [37m {"isUnprocessed":false,"isRecent":false,"isReply":false,"isRetweet":false} [0m

[37m ◎ LOGS
  [37m Tweet 1887084008560812417 checks: [0m
  [37m {"isUnprocessed":false,"isRecent":false,"isReply":false,"isRetweet":false} [0m

[37m ◎ LOGS
  [37m Tweet 1886144673489592392 checks: [0m
  [37m {"isUnprocessed":false,"isRecent":false,"isReply":true,"isRetweet":false} [0m

[37m ◎ LOGS
  [37m Tweet 1886136143663481151 checks: [0m
  [37m {"isUnprocessed":false,"isRecent":false,"isReply":true,"isRetweet":false} [0m

[37m ◎ LOGS
  [37m Tweet 1886136068451319840 checks: [0m
  [37m {"isUnprocessed":false,"isRecent":false,"isReply":true,"isRetweet":false} [0m

[37m ◎ LOGS
  [37m Tweet 1887455080204677343 checks: [0m
  [37m {"isUnprocessed":false,"isRecent":false,"isReply":true,"isRetweet":false} [0m

[37m ◎ LOGS
  [37m Tweet 1887455044049772578 checks: [0m
  [37m {"isUnprocessed":false,"isRecent":false,"isReply":true,"isRetweet":false} [0m

[37m ◎ LOGS
  [37m Tweet 1887455014719033453 checks: [0m
  [37m {"isUnprocessed":false,"isRecent":false,"isReply":true,"isRetweet":false} [0m

[37m ◎ LOGS
  [37m Tweet 1887082120935334080 checks: [0m
  [37m {"isUnprocessed":false,"isRecent":false,"isReply":false,"isRetweet":false} [0m

[37m ◎ LOGS
  [37m Tweet 1886702776425574644 checks: [0m
  [37m {"isUnprocessed":false,"isRecent":false,"isReply":false,"isRetweet":false} [0m

[37m ◎ LOGS
  [37m Tweet 1886467007110914364 checks: [0m
  [37m {"isUnprocessed":false,"isRecent":false,"isReply":false,"isRetweet":false} [0m

[37m ◎ LOGS
  [37m Tweet 1887501748920566075 checks: [0m
  [37m {"isUnprocessed":false,"isRecent":true,"isReply":false,"isRetweet":false} [0m

[37m ◎ LOGS
  [37m Tweet 1887498023933981012 checks: [0m
  [37m {"isUnprocessed":false,"isRecent":true,"isReply":false,"isRetweet":false} [0m

[37m ◎ LOGS
  [37m Tweet 1887489626123694383 checks: [0m
  [37m {"isUnprocessed":false,"isRecent":true,"isReply":false,"isRetweet":false} [0m

[37m ["◎ Finished checking Twitter interactions"] [0m

[37m ["◎ Checking Twitter interactions"] [0m

[37m ◎ LOGS
  [37m Completed checking mentioned tweets: [0m
  [37m 4 [0m

[37m ◎ LOGS
  [37m Processing target users: [0m
  [37m ["lynk0x","cabelo_escobar","DeShawnBTC","barkmeta","elonmusk","KingAnt777","Cobratate","RoarWeb3","0xSweep","AlexBeckerNT","BenjiEth74775","CryptoLyraa","wimps","Banks","morpheuswhale","rus","SajwaniCrypto","sup_nim","OrangeSBS","BarronTNews","DonaldJTrumpJr","hasbulla_main","PixOnChain","blade_nd","captainpirate99","echomorph_ai","TimshelXYZ","padrino_sol","bazingahappy","Cupseyy","kimchi1x","KyeGomezB","TheNotoriousMMA","LoganPaul","MrBeast","adinross","danawhite","adam22","_TJRTrades","Mrcryptowhale","mellometrics","ZssBecker","realDonaldTrump","DefiWimar","TylerDurden","lowkeyysol","punk1685","TezroTrades","David10x3","Joedwiz","MrBsol"] [0m

[37m ◎ LOGS
  [37m Tweet 1887489944664289777 checks: [0m
  [37m {"isUnprocessed":false,"isRecent":true,"isReply":false,"isRetweet":false} [0m

[37m ◎ LOGS
  [37m Tweet 1887482283847761956 checks: [0m
  [37m {"isUnprocessed":false,"isRecent":true,"isReply":false,"isRetweet":false} [0m

[37m ◎ LOGS
  [37m Tweet 1887474119857328196 checks: [0m
  [37m {"isUnprocessed":false,"isRecent":false,"isReply":false,"isRetweet":false} [0m

[37m ◎ LOGS
  [37m Tweet 1887208214971683213 checks: [0m
  [37m {"isUnprocessed":false,"isRecent":false,"isReply":false,"isRetweet":false} [0m

[37m ◎ LOGS
  [37m Tweet 1887074514137403606 checks: [0m
  [37m {"isUnprocessed":false,"isRecent":false,"isReply":false,"isRetweet":false} [0m

[37m ◎ LOGS
  [37m Tweet 1886705386096615812 checks: [0m
  [37m {"isUnprocessed":false,"isRecent":false,"isReply":false,"isRetweet":false} [0m

[37m ◎ LOGS
  [37m Tweet 1887080540215320992 checks: [0m
  [37m {"isUnprocessed":false,"isRecent":false,"isReply":false,"isRetweet":false} [0m

[37m ◎ LOGS
  [37m Tweet 1886766044917772488 checks: [0m
  [37m {"isUnprocessed":false,"isRecent":false,"isReply":false,"isRetweet":false} [0m

[37m ◎ LOGS
  [37m Tweet 1886466192157593846 checks: [0m
  [37m {"isUnprocessed":false,"isRecent":false,"isReply":false,"isRetweet":false} [0m

[37m ◎ LOGS
  [37m Tweet 1887341694447747405 checks: [0m
  [37m {"isUnprocessed":false,"isRecent":false,"isReply":true,"isRetweet":false} [0m

[37m ◎ LOGS
  [37m Tweet 1887337168483348763 checks: [0m
  [37m {"isUnprocessed":false,"isRecent":false,"isReply":true,"isRetweet":false} [0m

[37m ◎ LOGS
  [37m Tweet 1887507086960959781 checks: [0m
  [37m {"isUnprocessed":true,"isRecent":true,"isReply":true,"isRetweet":false} [0m

[37m ◎ LOGS
  [37m Tweet 1887506923370520682 checks: [0m
  [37m {"isUnprocessed":true,"isRecent":true,"isReply":true,"isRetweet":false} [0m

[37m ◎ LOGS
  [37m Tweet 1887502828333044041 checks: [0m
  [37m {"isUnprocessed":false,"isRecent":true,"isReply":false,"isRetweet":false} [0m

[37m ◎ LOGS
  [37m Tweet 1887500652026220923 checks: [0m
  [37m {"isUnprocessed":false,"isRecent":true,"isReply":true,"isRetweet":false} [0m

[37m ◎ LOGS
  [37m Tweet 1887500611496661407 checks: [0m
  [37m {"isUnprocessed":false,"isRecent":true,"isReply":true,"isRetweet":false} [0m

[37m ◎ LOGS
  [37m Tweet 1887500396374958253 checks: [0m
  [37m {"isUnprocessed":false,"isRecent":true,"isReply":true,"isRetweet":false} [0m

[37m ◎ LOGS
  [37m Tweet 1887490438321307654 checks: [0m
  [37m {"isUnprocessed":false,"isRecent":true,"isReply":true,"isRetweet":false} [0m

[37m ◎ LOGS
  [37m Tweet 1887450288497270858 checks: [0m
  [37m {"isUnprocessed":false,"isRecent":false,"isReply":false,"isRetweet":false} [0m

[37m ◎ LOGS
  [37m Tweet 1887427297801605160 checks: [0m
  [37m {"isUnprocessed":false,"isRecent":false,"isReply":true,"isRetweet":false} [0m

[37m ◎ LOGS
  [37m Tweet 1887492745868050623 checks: [0m
  [37m {"isUnprocessed":false,"isRecent":true,"isReply":false,"isRetweet":false} [0m

[37m ◎ LOGS
  [37m Tweet 1887485536262107177 checks: [0m
  [37m {"isUnprocessed":false,"isRecent":true,"isReply":true,"isRetweet":false} [0m

[37m ◎ LOGS
  [37m Tweet 1887459679288086570 checks: [0m
  [37m {"isUnprocessed":false,"isRecent":false,"isReply":false,"isRetweet":false} [0m

[37m ◎ LOGS
  [37m Tweet 1887507100735029371 checks: [0m
  [37m {"isUnprocessed":true,"isRecent":true,"isReply":true,"isRetweet":false} [0m

[37m ◎ LOGS
  [37m Tweet 1887507038634234166 checks: [0m
  [37m {"isUnprocessed":true,"isRecent":true,"isReply":true,"isRetweet":false} [0m

[37m ◎ LOGS
  [37m Tweet 1887506987681808430 checks: [0m
  [37m {"isUnprocessed":true,"isRecent":true,"isReply":true,"isRetweet":false} [0m

[37m ◎ LOGS
  [37m Tweet 1883734301679792609 checks: [0m
  [37m {"isUnprocessed":false,"isRecent":false,"isReply":false,"isRetweet":false} [0m

[37m ◎ LOGS
  [37m Tweet 1877117973330104481 checks: [0m
  [37m {"isUnprocessed":false,"isRecent":false,"isReply":true,"isRetweet":false} [0m

[37m ◎ LOGS
  [37m Tweet 1877117878429790428 checks: [0m
  [37m {"isUnprocessed":false,"isRecent":false,"isReply":true,"isRetweet":false} [0m

[37m ◎ LOGS
  [37m Tweet 1877117764688629970 checks: [0m
  [37m {"isUnprocessed":false,"isRecent":false,"isReply":true,"isRetweet":false} [0m

[37m ◎ LOGS
  [37m Tweet 1887506321940873629 checks: [0m
  [37m {"isUnprocessed":true,"isRecent":true,"isReply":true,"isRetweet":false} [0m

[37m ◎ LOGS
  [37m Tweet 1887466786720805305 checks: [0m
  [37m {"isUnprocessed":false,"isRecent":false,"isReply":false,"isRetweet":false} [0m

[37m ◎ LOGS
  [37m Tweet 1887461266937037044 checks: [0m
  [37m {"isUnprocessed":false,"isRecent":false,"isReply":true,"isRetweet":false} [0m

[37m ◎ LOGS
  [37m Tweet 1887347620101619740 checks: [0m
  [37m {"isUnprocessed":false,"isRecent":false,"isReply":true,"isRetweet":false} [0m

[37m ◎ LOGS
  [37m Tweet 1887347572257231045 checks: [0m
  [37m {"isUnprocessed":false,"isRecent":false,"isReply":false,"isRetweet":false} [0m

[37m ◎ LOGS
  [37m Tweet 1887280671707504765 checks: [0m
  [37m {"isUnprocessed":false,"isRecent":false,"isReply":false,"isRetweet":false} [0m

[37m ◎ LOGS
  [37m Tweet 1887439832445825386 checks: [0m
  [37m {"isUnprocessed":false,"isRecent":false,"isReply":true,"isRetweet":false} [0m

[37m ◎ LOGS
  [37m Tweet 1887410105265873178 checks: [0m
  [37m {"isUnprocessed":false,"isRecent":false,"isReply":true,"isRetweet":false} [0m

[37m ◎ LOGS
  [37m Tweet 1887350556794179806 checks: [0m
  [37m {"isUnprocessed":false,"isRecent":false,"isReply":true,"isRetweet":false} [0m

[37m ◎ LOGS
  [37m Tweet 1887208846529286407 checks: [0m
  [37m {"isUnprocessed":false,"isRecent":false,"isReply":false,"isRetweet":false} [0m

[37m ◎ LOGS
  [37m Tweet 1887162323724533803 checks: [0m
  [37m {"isUnprocessed":false,"isRecent":false,"isReply":false,"isRetweet":false} [0m

[37m ◎ LOGS
  [37m Tweet 1887082901939892355 checks: [0m
  [37m {"isUnprocessed":false,"isRecent":false,"isReply":false,"isRetweet":false} [0m

[37m ◎ LOGS
  [37m Tweet 1887507011933294598 checks: [0m
  [37m {"isUnprocessed":true,"isRecent":true,"isReply":false,"isRetweet":false} [0m

[37m ◎ LOGS
  [37m Tweet 1887164385816191054 checks: [0m
  [37m {"isUnprocessed":false,"isRecent":false,"isReply":false,"isRetweet":false} [0m

[37m ◎ LOGS
  [37m Tweet 1887156863981994138 checks: [0m
  [37m {"isUnprocessed":false,"isRecent":false,"isReply":false,"isRetweet":false} [0m

[37m ["◎ Found 1 valid tweets from SajwaniCrypto"] [0m

[37m ◎ LOGS
  [37m Tweet 1887432999920410802 checks: [0m
  [37m {"isUnprocessed":false,"isRecent":false,"isReply":true,"isRetweet":false} [0m

[37m ◎ LOGS
  [37m Tweet 1887432424357044387 checks: [0m
  [37m {"isUnprocessed":false,"isRecent":false,"isReply":true,"isRetweet":false} [0m

[37m ◎ LOGS
  [37m Tweet 1887431874878054430 checks: [0m
  [37m {"isUnprocessed":false,"isRecent":false,"isReply":true,"isRetweet":false} [0m

[37m ◎ LOGS
  [37m Tweet 1887498134097482237 checks: [0m
  [37m {"isUnprocessed":false,"isRecent":true,"isReply":true,"isRetweet":false} [0m

[37m ◎ LOGS
  [37m Tweet 1887497386441736431 checks: [0m
  [37m {"isUnprocessed":false,"isRecent":true,"isReply":true,"isRetweet":false} [0m

[37m ◎ LOGS
  [37m Tweet 1887485937417957627 checks: [0m
  [37m {"isUnprocessed":false,"isRecent":true,"isReply":true,"isRetweet":false} [0m

[37m ◎ LOGS
  [37m Tweet 1887481965231616069 checks: [0m
  [37m {"isUnprocessed":false,"isRecent":true,"isReply":false,"isRetweet":false} [0m

[37m ◎ LOGS
  [37m Tweet 1887429161775423727 checks: [0m
  [37m {"isUnprocessed":false,"isRecent":false,"isReply":false,"isRetweet":false} [0m

[37m ◎ LOGS
  [37m Tweet 1887247895159595215 checks: [0m
  [37m {"isUnprocessed":false,"isRecent":false,"isReply":false,"isRetweet":false} [0m

[37m ◎ LOGS
  [37m Tweet 1887500283774681377 checks: [0m
  [37m {"isUnprocessed":false,"isRecent":true,"isReply":false,"isRetweet":false} [0m

[37m ◎ LOGS
  [37m Tweet 1887265464310480912 checks: [0m
  [37m {"isUnprocessed":false,"isRecent":false,"isReply":false,"isRetweet":false} [0m

[37m ◎ LOGS
  [37m Tweet 1887220067248541888 checks: [0m
  [37m {"isUnprocessed":false,"isRecent":false,"isReply":false,"isRetweet":false} [0m

[37m ◎ LOGS
  [37m Tweet 1886836215116107962 checks: [0m
  [37m {"isUnprocessed":false,"isRecent":false,"isReply":false,"isRetweet":false} [0m

[37m ◎ LOGS
  [37m Tweet 1886489902264504632 checks: [0m
  [37m {"isUnprocessed":false,"isRecent":false,"isReply":false,"isRetweet":false} [0m

[37m ◎ LOGS
  [37m Tweet 1885698110581620949 checks: [0m
  [37m {"isUnprocessed":false,"isRecent":false,"isReply":true,"isRetweet":false} [0m

[37m ◎ LOGS
  [37m Tweet 1887264842085531844 checks: [0m
  [37m {"isUnprocessed":false,"isRecent":false,"isReply":true,"isRetweet":false} [0m

[37m ◎ LOGS
  [37m Tweet 1887245293109874705 checks: [0m
  [37m {"isUnprocessed":false,"isRecent":false,"isReply":true,"isRetweet":false} [0m

[37m ◎ LOGS
  [37m Tweet 1887245198406615044 checks: [0m
  [37m {"isUnprocessed":false,"isRecent":false,"isReply":true,"isRetweet":false} [0m

[37m ◎ LOGS
  [37m Tweet 1887429387609395303 checks: [0m
  [37m {"isUnprocessed":false,"isRecent":false,"isReply":true,"isRetweet":false} [0m

[37m ◎ LOGS
  [37m Tweet 1887234567507222996 checks: [0m
  [37m {"isUnprocessed":false,"isRecent":false,"isReply":true,"isRetweet":false} [0m

[37m ◎ LOGS
  [37m Tweet 1886994211989311791 checks: [0m
  [37m {"isUnprocessed":false,"isRecent":false,"isReply":true,"isRetweet":false} [0m

[37m ◎ LOGS
  [37m Tweet 1887038866613268831 checks: [0m
  [37m {"isUnprocessed":false,"isRecent":false,"isReply":false,"isRetweet":false} [0m

[37m ◎ LOGS
  [37m Tweet 1886796117783847377 checks: [0m
  [37m {"isUnprocessed":false,"isRecent":false,"isReply":false,"isRetweet":false} [0m

[37m ◎ LOGS
  [37m Tweet 1886105199099461942 checks: [0m
  [37m {"isUnprocessed":false,"isRecent":false,"isReply":false,"isRetweet":false} [0m

[37m ◎ LOGS
  [37m Tweet 1879324430960353308 checks: [0m
  [37m {"isUnprocessed":false,"isRecent":false,"isReply":true,"isRetweet":false} [0m

[37m ◎ LOGS
  [37m Tweet 1879294316545446172 checks: [0m
  [37m {"isUnprocessed":false,"isRecent":false,"isReply":true,"isRetweet":false} [0m

[37m ◎ LOGS
  [37m Tweet 1879294191865581936 checks: [0m
  [37m {"isUnprocessed":false,"isRecent":false,"isReply":true,"isRetweet":false} [0m

[37m ◎ LOGS
  [37m Tweet 1885890992529981827 checks: [0m
  [37m {"isUnprocessed":false,"isRecent":false,"isReply":true,"isRetweet":false} [0m

[37m ◎ LOGS
  [37m Tweet 1885008745232818448 checks: [0m
  [37m {"isUnprocessed":false,"isRecent":false,"isReply":true,"isRetweet":false} [0m

[37m ◎ LOGS
  [37m Tweet 1884848025815916770 checks: [0m
  [37m {"isUnprocessed":false,"isRecent":false,"isReply":true,"isRetweet":false} [0m

[37m ◎ LOGS
  [37m Tweet 1887146592848769139 checks: [0m
  [37m {"isUnprocessed":false,"isRecent":false,"isReply":false,"isRetweet":false} [0m

[37m ◎ LOGS
  [37m Tweet 1886941002251862407 checks: [0m
  [37m {"isUnprocessed":false,"isRecent":false,"isReply":false,"isRetweet":false} [0m

[37m ◎ LOGS
  [37m Tweet 1885861972370997755 checks: [0m
  [37m {"isUnprocessed":false,"isRecent":false,"isReply":false,"isRetweet":false} [0m

[37m ◎ LOGS
  [37m Tweet 1886843722232684601 checks: [0m
  [37m {"isUnprocessed":false,"isRecent":false,"isReply":true,"isRetweet":false} [0m

[37m ◎ LOGS
  [37m Tweet 1886908268481781845 checks: [0m
  [37m {"isUnprocessed":false,"isRecent":false,"isReply":true,"isRetweet":false} [0m

[37m ◎ LOGS
  [37m Tweet 1886907569211629831 checks: [0m
  [37m {"isUnprocessed":false,"isRecent":false,"isReply":false,"isRetweet":false} [0m

[37m ◎ LOGS
  [37m Tweet 1886604639443017906 checks: [0m
  [37m {"isUnprocessed":false,"isRecent":false,"isReply":true,"isRetweet":false} [0m

[37m ◎ LOGS
  [37m Tweet 1887364792194900196 checks: [0m
  [37m {"isUnprocessed":false,"isRecent":false,"isReply":true,"isRetweet":false} [0m

[37m ◎ LOGS
  [37m Tweet 1887350121127682270 checks: [0m
  [37m {"isUnprocessed":false,"isRecent":false,"isReply":true,"isRetweet":false} [0m

[37m ◎ LOGS
  [37m Tweet 1886986832535257295 checks: [0m
  [37m {"isUnprocessed":false,"isRecent":false,"isReply":true,"isRetweet":false} [0m

[37m ◎ LOGS
  [37m Tweet 1887370213877854563 checks: [0m
  [37m {"isUnprocessed":false,"isRecent":false,"isReply":true,"isRetweet":false} [0m

[37m ◎ LOGS
  [37m Tweet 1887368376101548498 checks: [0m
  [37m {"isUnprocessed":false,"isRecent":false,"isReply":true,"isRetweet":false} [0m

[37m ◎ LOGS
  [37m Tweet 1887362638255993335 checks: [0m
  [37m {"isUnprocessed":false,"isRecent":false,"isReply":true,"isRetweet":false} [0m

[37m ◎ LOGS
  [37m Tweet 1887454332427395348 checks: [0m
  [37m {"isUnprocessed":false,"isRecent":false,"isReply":true,"isRetweet":false} [0m

[37m ◎ LOGS
  [37m Tweet 1887451717110837664 checks: [0m
  [37m {"isUnprocessed":false,"isRecent":false,"isReply":false,"isRetweet":false} [0m

[37m ◎ LOGS
  [37m Tweet 1887349069980332315 checks: [0m
  [37m {"isUnprocessed":false,"isRecent":false,"isReply":false,"isRetweet":false} [0m

[37m ◎ LOGS
  [37m Tweet 1887419306171846996 checks: [0m
  [37m {"isUnprocessed":false,"isRecent":false,"isReply":true,"isRetweet":false} [0m

[37m ◎ LOGS
  [37m Tweet 1887395725689905527 checks: [0m
  [37m {"isUnprocessed":false,"isRecent":false,"isReply":true,"isRetweet":false} [0m

[37m ◎ LOGS
  [37m Tweet 1887269745038180669 checks: [0m
  [37m {"isUnprocessed":false,"isRecent":false,"isReply":true,"isRetweet":false} [0m

[37m ◎ LOGS
  [37m Tweet 1883640750107398408 checks: [0m
  [37m {"isUnprocessed":false,"isRecent":false,"isReply":true,"isRetweet":false} [0m

[37m ◎ LOGS
  [37m Tweet 1870498394130776435 checks: [0m
  [37m {"isUnprocessed":false,"isRecent":false,"isReply":true,"isRetweet":false} [0m

[37m ◎ LOGS
  [37m Tweet 1866987802065588508 checks: [0m
  [37m {"isUnprocessed":false,"isRecent":false,"isReply":true,"isRetweet":false} [0m

[37m ◎ LOGS
  [37m Tweet 1887408977350435303 checks: [0m
  [37m {"isUnprocessed":false,"isRecent":false,"isReply":false,"isRetweet":false} [0m

[37m ◎ LOGS
  [37m Tweet 1887407750742729057 checks: [0m
  [37m {"isUnprocessed":false,"isRecent":false,"isReply":false,"isRetweet":false} [0m

[37m ◎ LOGS
  [37m Tweet 1887382421760544862 checks: [0m
  [37m {"isUnprocessed":false,"isRecent":false,"isReply":false,"isRetweet":false} [0m

[37m ◎ LOGS
  [37m Tweet 1887185971436822904 checks: [0m
  [37m {"isUnprocessed":false,"isRecent":false,"isReply":false,"isRetweet":false} [0m

[37m ◎ LOGS
  [37m Tweet 1886835304000065962 checks: [0m
  [37m {"isUnprocessed":false,"isRecent":false,"isReply":true,"isRetweet":false} [0m

[37m ◎ LOGS
  [37m Tweet 1886199140146610590 checks: [0m
  [37m {"isUnprocessed":false,"isRecent":false,"isReply":false,"isRetweet":false} [0m

[37m ◎ LOGS
  [37m Tweet 1887242831036850579 checks: [0m
  [37m {"isUnprocessed":false,"isRecent":false,"isReply":false,"isRetweet":false} [0m

[37m ◎ LOGS
  [37m Tweet 1886955751257829631 checks: [0m
  [37m {"isUnprocessed":false,"isRecent":false,"isReply":false,"isRetweet":false} [0m

[37m ◎ LOGS
  [37m Tweet 1886954132918939973 checks: [0m
  [37m {"isUnprocessed":false,"isRecent":false,"isReply":false,"isRetweet":false} [0m

[37m ◎ LOGS
  [37m Tweet 1417240650295087114 checks: [0m
  [37m {"isUnprocessed":false,"isRecent":false,"isReply":true,"isRetweet":false} [0m

[37m ◎ LOGS
  [37m Tweet 1415386048268439553 checks: [0m
  [37m {"isUnprocessed":false,"isRecent":false,"isReply":true,"isRetweet":false} [0m

[37m ◎ LOGS
  [37m Tweet 1415385307738828802 checks: [0m
  [37m {"isUnprocessed":false,"isRecent":false,"isReply":true,"isRetweet":false} [0m

[37m ◎ LOGS
  [37m Tweet 1887366282292408571 checks: [0m
  [37m {"isUnprocessed":false,"isRecent":false,"isReply":true,"isRetweet":false} [0m

[37m ◎ LOGS
  [37m Tweet 1887201456811614453 checks: [0m
  [37m {"isUnprocessed":false,"isRecent":false,"isReply":false,"isRetweet":false} [0m

[37m ◎ LOGS
  [37m Tweet 1887186341445968337 checks: [0m
  [37m {"isUnprocessed":false,"isRecent":false,"isReply":true,"isRetweet":false} [0m

[37m ◎ LOGS
  [37m Tweet 1887502467803295764 checks: [0m
  [37m {"isUnprocessed":false,"isRecent":true,"isReply":true,"isRetweet":false} [0m

[37m ◎ LOGS
  [37m Tweet 1887500097811820749 checks: [0m
  [37m {"isUnprocessed":false,"isRecent":true,"isReply":true,"isRetweet":false} [0m

[37m ◎ LOGS
  [37m Tweet 1887498995322310763 checks: [0m
  [37m {"isUnprocessed":false,"isRecent":true,"isReply":false,"isRetweet":false} [0m

[37m ◎ LOGS
  [37m Tweet 1886855810451485180 checks: [0m
  [37m {"isUnprocessed":false,"isRecent":false,"isReply":false,"isRetweet":false} [0m

[37m ◎ LOGS
  [37m Tweet 1886456105372459141 checks: [0m
  [37m {"isUnprocessed":false,"isRecent":false,"isReply":false,"isRetweet":false} [0m

[37m ◎ LOGS
  [37m Tweet 1886453721871319097 checks: [0m
  [37m {"isUnprocessed":false,"isRecent":false,"isReply":false,"isRetweet":false} [0m

[37m ◎ LOGS
  [37m Tweet 1887214781658022339 checks: [0m
  [37m {"isUnprocessed":false,"isRecent":false,"isReply":true,"isRetweet":false} [0m

[37m ◎ LOGS
  [37m Tweet 1887214682148139272 checks: [0m
  [37m {"isUnprocessed":false,"isRecent":false,"isReply":true,"isRetweet":false} [0m

[37m ◎ LOGS
  [37m Tweet 1887214537100656900 checks: [0m
  [37m {"isUnprocessed":false,"isRecent":false,"isReply":true,"isRetweet":false} [0m

[37m ◎ LOGS
  [37m Tweet 1887488746100232289 checks: [0m
  [37m {"isUnprocessed":false,"isRecent":true,"isReply":true,"isRetweet":false} [0m

[37m ◎ LOGS
  [37m Tweet 1887488082402025556 checks: [0m
  [37m {"isUnprocessed":false,"isRecent":true,"isReply":true,"isRetweet":false} [0m

[37m ◎ LOGS
  [37m Tweet 1887485973686329637 checks: [0m
  [37m {"isUnprocessed":false,"isRecent":true,"isReply":true,"isRetweet":false} [0m

[37m ◎ LOGS
  [37m Tweet 1887242909084213682 checks: [0m
  [37m {"isUnprocessed":false,"isRecent":false,"isReply":true,"isRetweet":false} [0m

[37m ◎ LOGS
  [37m Tweet 1887158989005169023 checks: [0m
  [37m {"isUnprocessed":false,"isRecent":false,"isReply":false,"isRetweet":false} [0m

[37m ◎ LOGS
  [37m Tweet 1887077725506060507 checks: [0m
  [37m {"isUnprocessed":false,"isRecent":false,"isReply":true,"isRetweet":false} [0m

[37m ◎ LOGS
  [37m Tweet 1887209550102564956 checks: [0m
  [37m {"isUnprocessed":false,"isRecent":false,"isReply":false,"isRetweet":false} [0m

[37m ◎ LOGS
  [37m Tweet 1887169264903242154 checks: [0m
  [37m {"isUnprocessed":false,"isRecent":false,"isReply":false,"isRetweet":false} [0m

[37m ◎ LOGS
  [37m Tweet 1887084008560812417 checks: [0m
  [37m {"isUnprocessed":false,"isRecent":false,"isReply":false,"isRetweet":false} [0m

[37m ◎ LOGS
  [37m Tweet 1886144673489592392 checks: [0m
  [37m {"isUnprocessed":false,"isRecent":false,"isReply":true,"isRetweet":false} [0m

[37m ◎ LOGS
  [37m Tweet 1886136143663481151 checks: [0m
  [37m {"isUnprocessed":false,"isRecent":false,"isReply":true,"isRetweet":false} [0m

[37m ◎ LOGS
  [37m Tweet 1886136068451319840 checks: [0m
  [37m {"isUnprocessed":false,"isRecent":false,"isReply":true,"isRetweet":false} [0m

[37m ◎ LOGS
  [37m Tweet 1887455080204677343 checks: [0m
  [37m {"isUnprocessed":false,"isRecent":false,"isReply":true,"isRetweet":false} [0m

[37m ◎ LOGS
  [37m Tweet 1887455044049772578 checks: [0m
  [37m {"isUnprocessed":false,"isRecent":false,"isReply":true,"isRetweet":false} [0m

[37m ◎ LOGS
  [37m Tweet 1887455014719033453 checks: [0m
  [37m {"isUnprocessed":false,"isRecent":false,"isReply":true,"isRetweet":false} [0m

[37m ◎ LOGS
  [37m Tweet 1887082120935334080 checks: [0m
  [37m {"isUnprocessed":false,"isRecent":false,"isReply":false,"isRetweet":false} [0m

[37m ◎ LOGS
  [37m Tweet 1886702776425574644 checks: [0m
  [37m {"isUnprocessed":false,"isRecent":false,"isReply":false,"isRetweet":false} [0m

[37m ◎ LOGS
  [37m Tweet 1886467007110914364 checks: [0m
  [37m {"isUnprocessed":false,"isRecent":false,"isReply":false,"isRetweet":false} [0m

[37m ◎ LOGS
  [37m Tweet 1887501748920566075 checks: [0m
  [37m {"isUnprocessed":false,"isRecent":true,"isReply":false,"isRetweet":false} [0m

[37m ◎ LOGS
  [37m Tweet 1887498023933981012 checks: [0m
  [37m {"isUnprocessed":false,"isRecent":true,"isReply":false,"isRetweet":false} [0m

[37m ◎ LOGS
  [37m Tweet 1887489626123694383 checks: [0m
  [37m {"isUnprocessed":false,"isRecent":true,"isReply":false,"isRetweet":false} [0m

[37m ["◎ Selected tweet from SajwaniCrypto: I received over $1,000,000 in paid ad offers in the last week alone\n\nI refused them all\n\nMy opinion "] [0m

[37m ◎ LOGS
  [37m New Tweet found [0m
  [37m https://twitter.com/SajwaniCrypto/status/1887507011933294598 [0m

[37m ["◎ Room 930f34c6-ddf5-00d4-8436-4eff663beade created successfully."] [0m

[37m ["◎ User 8bd5a290-a1fd-0faa-8f75-b288cfbb81e2 linked to room 930f34c6-ddf5-00d4-8436-4eff663beade successfully."] [0m

[37m ["◎ Agent SizeMatters linked to room 930f34c6-ddf5-00d4-8436-4eff663beade successfully."] [0m

[37m ◎ LOGS
  [37m Creating Memory [0m
  [37m 930f34c6-ddf5-00d4-8436-4eff663beade [0m
  [37m I received over $1,000,000 in paid ad offers in the last week alone
  
  I refused them all
  
  My opinion can’t be bought
  
  If i share something, it’s because i truly believe my community will make money from it in the long run
  
  My soul ain’t for sale
  
  U CAN’T BUY ME [0m

[37m ◎ LOGS
  [37m Processing Tweet:  [0m
  [37m 1887507011933294598 [0m

[37m ["◎ Matched fragment: has insights on building a community-driven token with real-world impact with similarity: 1.1512537002563477"] [0m

[37m ["◎ Matched fragment: can explain how crypto memes spark real engagement and growth with similarity: 1.2012351751327515"] [0m

[37m ["◎ Matched fragment: knowledgeable about bridging the gap between wellness and the crypto community with similarity: 1.2115601301193237"] [0m

[37m ["◎ Matched fragment: deep understanding of the crypto ecosystem and memecoin strategies with similarity: 1.2387750148773193"] [0m

[37m ["◎ Matched fragment: knows how to combine humor and education to spark confidence in others with similarity: 1.2882558107376099"] [0m

[37m ["◎ Generating text..."] [0m

[34m ℹ INFORMATIONS
  [34m Generating text with options: [0m
  [34m {"modelProvider":"openai","model":"medium","verifiableInference":false} [0m

[37m ◎ LOGS
  [37m Using provider: [0m
  [37m openai [0m

[34m ℹ INFORMATIONS
  [34m Selected model: [0m
  [34m gpt-4o-mini [0m

Received response from OpenAI model. [IGNORE]
[37m ["◎ Not responding to message"] [0m

[37m ["◎ Finished checking Twitter interactions"] [0m

[37m ["◎ Checking Twitter interactions"] [0m

[37m ◎ LOGS
  [37m Completed checking mentioned tweets: [0m
  [37m 4 [0m

[37m ◎ LOGS
  [37m Processing target users: [0m
  [37m ["lynk0x","cabelo_escobar","DeShawnBTC","barkmeta","elonmusk","KingAnt777","Cobratate","RoarWeb3","0xSweep","AlexBeckerNT","BenjiEth74775","CryptoLyraa","wimps","Banks","morpheuswhale","rus","SajwaniCrypto","sup_nim","OrangeSBS","BarronTNews","DonaldJTrumpJr","hasbulla_main","PixOnChain","blade_nd","captainpirate99","echomorph_ai","TimshelXYZ","padrino_sol","bazingahappy","Cupseyy","kimchi1x","KyeGomezB","TheNotoriousMMA","LoganPaul","MrBeast","adinross","danawhite","adam22","_TJRTrades","Mrcryptowhale","mellometrics","ZssBecker","realDonaldTrump","DefiWimar","TylerDurden","lowkeyysol","punk1685","TezroTrades","David10x3","Joedwiz","MrBsol"] [0m

[37m ◎ LOGS
  [37m Tweet 1887489944664289777 checks: [0m
  [37m {"isUnprocessed":false,"isRecent":true,"isReply":false,"isRetweet":false} [0m

[37m ◎ LOGS
  [37m Tweet 1887482283847761956 checks: [0m
  [37m {"isUnprocessed":false,"isRecent":true,"isReply":false,"isRetweet":false} [0m

[37m ◎ LOGS
  [37m Tweet 1887474119857328196 checks: [0m
  [37m {"isUnprocessed":false,"isRecent":false,"isReply":false,"isRetweet":false} [0m

[37m ◎ LOGS
  [37m Tweet 1887208214971683213 checks: [0m
  [37m {"isUnprocessed":false,"isRecent":false,"isReply":false,"isRetweet":false} [0m

[37m ◎ LOGS
  [37m Tweet 1887074514137403606 checks: [0m
  [37m {"isUnprocessed":false,"isRecent":false,"isReply":false,"isRetweet":false} [0m

[37m ◎ LOGS
  [37m Tweet 1886705386096615812 checks: [0m
  [37m {"isUnprocessed":false,"isRecent":false,"isReply":false,"isRetweet":false} [0m

[37m ◎ LOGS
  [37m Tweet 1887080540215320992 checks: [0m
  [37m {"isUnprocessed":false,"isRecent":false,"isReply":false,"isRetweet":false} [0m

[37m ◎ LOGS
  [37m Tweet 1886766044917772488 checks: [0m
  [37m {"isUnprocessed":false,"isRecent":false,"isReply":false,"isRetweet":false} [0m

[37m ◎ LOGS
  [37m Tweet 1886466192157593846 checks: [0m
  [37m {"isUnprocessed":false,"isRecent":false,"isReply":false,"isRetweet":false} [0m

[37m ◎ LOGS
  [37m Tweet 1887341694447747405 checks: [0m
  [37m {"isUnprocessed":false,"isRecent":false,"isReply":true,"isRetweet":false} [0m

[37m ◎ LOGS
  [37m Tweet 1887337168483348763 checks: [0m
  [37m {"isUnprocessed":false,"isRecent":false,"isReply":true,"isRetweet":false} [0m

[37m ◎ LOGS
  [37m Tweet 1887507567380779161 checks: [0m
  [37m {"isUnprocessed":true,"isRecent":true,"isReply":true,"isRetweet":false} [0m

[37m ◎ LOGS
  [37m Tweet 1887507500456431904 checks: [0m
  [37m {"isUnprocessed":true,"isRecent":true,"isReply":false,"isRetweet":false} [0m

[37m ◎ LOGS
  [37m Tweet 1887507220457308408 checks: [0m
  [37m {"isUnprocessed":true,"isRecent":true,"isReply":true,"isRetweet":false} [0m

[37m ["◎ Found 1 valid tweets from elonmusk"] [0m

[37m ◎ LOGS
  [37m Tweet 1887500652026220923 checks: [0m
  [37m {"isUnprocessed":false,"isRecent":true,"isReply":true,"isRetweet":false} [0m

[37m ◎ LOGS
  [37m Tweet 1887500611496661407 checks: [0m
  [37m {"isUnprocessed":false,"isRecent":true,"isReply":true,"isRetweet":false} [0m

[37m ◎ LOGS
  [37m Tweet 1887500396374958253 checks: [0m
  [37m {"isUnprocessed":false,"isRecent":true,"isReply":true,"isRetweet":false} [0m

[37m ◎ LOGS
  [37m Tweet 1887490438321307654 checks: [0m
  [37m {"isUnprocessed":false,"isRecent":true,"isReply":true,"isRetweet":false} [0m

[37m ◎ LOGS
  [37m Tweet 1887450288497270858 checks: [0m
  [37m {"isUnprocessed":false,"isRecent":false,"isReply":false,"isRetweet":false} [0m

[37m ◎ LOGS
  [37m Tweet 1887427297801605160 checks: [0m
  [37m {"isUnprocessed":false,"isRecent":false,"isReply":true,"isRetweet":false} [0m

[37m ◎ LOGS
  [37m Tweet 1887492745868050623 checks: [0m
  [37m {"isUnprocessed":false,"isRecent":true,"isReply":false,"isRetweet":false} [0m

[37m ◎ LOGS
  [37m Tweet 1887485536262107177 checks: [0m
  [37m {"isUnprocessed":false,"isRecent":true,"isReply":true,"isRetweet":false} [0m

[37m ◎ LOGS
  [37m Tweet 1887459679288086570 checks: [0m
  [37m {"isUnprocessed":false,"isRecent":false,"isReply":false,"isRetweet":false} [0m

[37m ◎ LOGS
  [37m Tweet 1887507586821288067 checks: [0m
  [37m {"isUnprocessed":true,"isRecent":true,"isReply":true,"isRetweet":false} [0m

[37m ◎ LOGS
  [37m Tweet 1887507553074163806 checks: [0m
  [37m {"isUnprocessed":true,"isRecent":true,"isReply":true,"isRetweet":false} [0m

[37m ◎ LOGS
  [37m Tweet 1887507480076259837 checks: [0m
  [37m {"isUnprocessed":true,"isRecent":true,"isReply":true,"isRetweet":false} [0m

[37m ◎ LOGS
  [37m Tweet 1883734301679792609 checks: [0m
  [37m {"isUnprocessed":false,"isRecent":false,"isReply":false,"isRetweet":false} [0m

[37m ◎ LOGS
  [37m Tweet 1877117973330104481 checks: [0m
  [37m {"isUnprocessed":false,"isRecent":false,"isReply":true,"isRetweet":false} [0m

[37m ◎ LOGS
  [37m Tweet 1877117878429790428 checks: [0m
  [37m {"isUnprocessed":false,"isRecent":false,"isReply":true,"isRetweet":false} [0m

[37m ◎ LOGS
  [37m Tweet 1877117764688629970 checks: [0m
  [37m {"isUnprocessed":false,"isRecent":false,"isReply":true,"isRetweet":false} [0m

[37m ◎ LOGS
  [37m Tweet 1887506321940873629 checks: [0m
  [37m {"isUnprocessed":false,"isRecent":true,"isReply":true,"isRetweet":false} [0m

[37m ◎ LOGS
  [37m Tweet 1887466786720805305 checks: [0m
  [37m {"isUnprocessed":false,"isRecent":false,"isReply":false,"isRetweet":false} [0m

[37m ◎ LOGS
  [37m Tweet 1887461266937037044 checks: [0m
  [37m {"isUnprocessed":false,"isRecent":false,"isReply":true,"isRetweet":false} [0m

[37m ◎ LOGS
  [37m Tweet 1887347620101619740 checks: [0m
  [37m {"isUnprocessed":false,"isRecent":false,"isReply":true,"isRetweet":false} [0m

[37m ◎ LOGS
  [37m Tweet 1887347572257231045 checks: [0m
  [37m {"isUnprocessed":false,"isRecent":false,"isReply":false,"isRetweet":false} [0m

[37m ◎ LOGS
  [37m Tweet 1887280671707504765 checks: [0m
  [37m {"isUnprocessed":false,"isRecent":false,"isReply":false,"isRetweet":false} [0m

[37m ◎ LOGS
  [37m Tweet 1887439832445825386 checks: [0m
  [37m {"isUnprocessed":false,"isRecent":false,"isReply":true,"isRetweet":false} [0m

[37m ◎ LOGS
  [37m Tweet 1887410105265873178 checks: [0m
  [37m {"isUnprocessed":false,"isRecent":false,"isReply":true,"isRetweet":false} [0m

[37m ◎ LOGS
  [37m Tweet 1887350556794179806 checks: [0m
  [37m {"isUnprocessed":false,"isRecent":false,"isReply":true,"isRetweet":false} [0m

[37m ◎ LOGS
  [37m Tweet 1887208846529286407 checks: [0m
  [37m {"isUnprocessed":false,"isRecent":false,"isReply":false,"isRetweet":false} [0m

[37m ◎ LOGS
  [37m Tweet 1887162323724533803 checks: [0m
  [37m {"isUnprocessed":false,"isRecent":false,"isReply":false,"isRetweet":false} [0m

[37m ◎ LOGS
  [37m Tweet 1887082901939892355 checks: [0m
  [37m {"isUnprocessed":false,"isRecent":false,"isReply":false,"isRetweet":false} [0m

[37m ◎ LOGS
  [37m Tweet 1887507011933294598 checks: [0m
  [37m {"isUnprocessed":false,"isRecent":true,"isReply":false,"isRetweet":false} [0m

[37m ◎ LOGS
  [37m Tweet 1887164385816191054 checks: [0m
  [37m {"isUnprocessed":false,"isRecent":false,"isReply":false,"isRetweet":false} [0m

[37m ◎ LOGS
  [37m Tweet 1887156863981994138 checks: [0m
  [37m {"isUnprocessed":false,"isRecent":false,"isReply":false,"isRetweet":false} [0m

[37m ◎ LOGS
  [37m Tweet 1887432999920410802 checks: [0m
  [37m {"isUnprocessed":false,"isRecent":false,"isReply":true,"isRetweet":false} [0m

[37m ◎ LOGS
  [37m Tweet 1887432424357044387 checks: [0m
  [37m {"isUnprocessed":false,"isRecent":false,"isReply":true,"isRetweet":false} [0m

[37m ◎ LOGS
  [37m Tweet 1887431874878054430 checks: [0m
  [37m {"isUnprocessed":false,"isRecent":false,"isReply":true,"isRetweet":false} [0m

[37m ◎ LOGS
  [37m Tweet 1887498134097482237 checks: [0m
  [37m {"isUnprocessed":false,"isRecent":true,"isReply":true,"isRetweet":false} [0m

[37m ◎ LOGS
  [37m Tweet 1887497386441736431 checks: [0m
  [37m {"isUnprocessed":false,"isRecent":true,"isReply":true,"isRetweet":false} [0m

[37m ◎ LOGS
  [37m Tweet 1887485937417957627 checks: [0m
  [37m {"isUnprocessed":false,"isRecent":true,"isReply":true,"isRetweet":false} [0m

[37m ◎ LOGS
  [37m Tweet 1887481965231616069 checks: [0m
  [37m {"isUnprocessed":false,"isRecent":true,"isReply":false,"isRetweet":false} [0m

[37m ◎ LOGS
  [37m Tweet 1887429161775423727 checks: [0m
  [37m {"isUnprocessed":false,"isRecent":false,"isReply":false,"isRetweet":false} [0m

[37m ◎ LOGS
  [37m Tweet 1887247895159595215 checks: [0m
  [37m {"isUnprocessed":false,"isRecent":false,"isReply":false,"isRetweet":false} [0m

[37m ◎ LOGS
  [37m Tweet 1887500283774681377 checks: [0m
  [37m {"isUnprocessed":false,"isRecent":true,"isReply":false,"isRetweet":false} [0m

[37m ◎ LOGS
  [37m Tweet 1887265464310480912 checks: [0m
  [37m {"isUnprocessed":false,"isRecent":false,"isReply":false,"isRetweet":false} [0m

[37m ◎ LOGS
  [37m Tweet 1887220067248541888 checks: [0m
  [37m {"isUnprocessed":false,"isRecent":false,"isReply":false,"isRetweet":false} [0m

[37m ◎ LOGS
  [37m Tweet 1886836215116107962 checks: [0m
  [37m {"isUnprocessed":false,"isRecent":false,"isReply":false,"isRetweet":false} [0m

[37m ◎ LOGS
  [37m Tweet 1886489902264504632 checks: [0m
  [37m {"isUnprocessed":false,"isRecent":false,"isReply":false,"isRetweet":false} [0m

[37m ◎ LOGS
  [37m Tweet 1885698110581620949 checks: [0m
  [37m {"isUnprocessed":false,"isRecent":false,"isReply":true,"isRetweet":false} [0m

[37m ◎ LOGS
  [37m Tweet 1887264842085531844 checks: [0m
  [37m {"isUnprocessed":false,"isRecent":false,"isReply":true,"isRetweet":false} [0m

[37m ◎ LOGS
  [37m Tweet 1887245293109874705 checks: [0m
  [37m {"isUnprocessed":false,"isRecent":false,"isReply":true,"isRetweet":false} [0m

[37m ◎ LOGS
  [37m Tweet 1887245198406615044 checks: [0m
  [37m {"isUnprocessed":false,"isRecent":false,"isReply":true,"isRetweet":false} [0m

[37m ◎ LOGS
  [37m Tweet 1887429387609395303 checks: [0m
  [37m {"isUnprocessed":false,"isRecent":false,"isReply":true,"isRetweet":false} [0m

[37m ◎ LOGS
  [37m Tweet 1887234567507222996 checks: [0m
  [37m {"isUnprocessed":false,"isRecent":false,"isReply":true,"isRetweet":false} [0m

[37m ◎ LOGS
  [37m Tweet 1886994211989311791 checks: [0m
  [37m {"isUnprocessed":false,"isRecent":false,"isReply":true,"isRetweet":false} [0m

[37m ◎ LOGS
  [37m Tweet 1887038866613268831 checks: [0m
  [37m {"isUnprocessed":false,"isRecent":false,"isReply":false,"isRetweet":false} [0m

[37m ◎ LOGS
  [37m Tweet 1886796117783847377 checks: [0m
  [37m {"isUnprocessed":false,"isRecent":false,"isReply":false,"isRetweet":false} [0m

[37m ◎ LOGS
  [37m Tweet 1886105199099461942 checks: [0m
  [37m {"isUnprocessed":false,"isRecent":false,"isReply":false,"isRetweet":false} [0m

[37m ◎ LOGS
  [37m Tweet 1879324430960353308 checks: [0m
  [37m {"isUnprocessed":false,"isRecent":false,"isReply":true,"isRetweet":false} [0m

[37m ◎ LOGS
  [37m Tweet 1879294316545446172 checks: [0m
  [37m {"isUnprocessed":false,"isRecent":false,"isReply":true,"isRetweet":false} [0m

[37m ◎ LOGS
  [37m Tweet 1879294191865581936 checks: [0m
  [37m {"isUnprocessed":false,"isRecent":false,"isReply":true,"isRetweet":false} [0m

[37m ◎ LOGS
  [37m Tweet 1885890992529981827 checks: [0m
  [37m {"isUnprocessed":false,"isRecent":false,"isReply":true,"isRetweet":false} [0m

[37m ◎ LOGS
  [37m Tweet 1885008745232818448 checks: [0m
  [37m {"isUnprocessed":false,"isRecent":false,"isReply":true,"isRetweet":false} [0m

[37m ◎ LOGS
  [37m Tweet 1884848025815916770 checks: [0m
  [37m {"isUnprocessed":false,"isRecent":false,"isReply":true,"isRetweet":false} [0m

[37m ◎ LOGS
  [37m Tweet 1887146592848769139 checks: [0m
  [37m {"isUnprocessed":false,"isRecent":false,"isReply":false,"isRetweet":false} [0m

[37m ◎ LOGS
  [37m Tweet 1886941002251862407 checks: [0m
  [37m {"isUnprocessed":false,"isRecent":false,"isReply":false,"isRetweet":false} [0m

[37m ◎ LOGS
  [37m Tweet 1885861972370997755 checks: [0m
  [37m {"isUnprocessed":false,"isRecent":false,"isReply":false,"isRetweet":false} [0m

[37m ◎ LOGS
  [37m Tweet 1886843722232684601 checks: [0m
  [37m {"isUnprocessed":false,"isRecent":false,"isReply":true,"isRetweet":false} [0m

[37m ◎ LOGS
  [37m Tweet 1886908268481781845 checks: [0m
  [37m {"isUnprocessed":false,"isRecent":false,"isReply":true,"isRetweet":false} [0m

[37m ◎ LOGS
  [37m Tweet 1886907569211629831 checks: [0m
  [37m {"isUnprocessed":false,"isRecent":false,"isReply":false,"isRetweet":false} [0m

[37m ◎ LOGS
  [37m Tweet 1886604639443017906 checks: [0m
  [37m {"isUnprocessed":false,"isRecent":false,"isReply":true,"isRetweet":false} [0m

[37m ◎ LOGS
  [37m Tweet 1887364792194900196 checks: [0m
  [37m {"isUnprocessed":false,"isRecent":false,"isReply":true,"isRetweet":false} [0m

[37m ◎ LOGS
  [37m Tweet 1887350121127682270 checks: [0m
  [37m {"isUnprocessed":false,"isRecent":false,"isReply":true,"isRetweet":false} [0m

[37m ◎ LOGS
  [37m Tweet 1886986832535257295 checks: [0m
  [37m {"isUnprocessed":false,"isRecent":false,"isReply":true,"isRetweet":false} [0m

[37m ◎ LOGS
  [37m Tweet 1887370213877854563 checks: [0m
  [37m {"isUnprocessed":false,"isRecent":false,"isReply":true,"isRetweet":false} [0m

[37m ◎ LOGS
  [37m Tweet 1887368376101548498 checks: [0m
  [37m {"isUnprocessed":false,"isRecent":false,"isReply":true,"isRetweet":false} [0m

[37m ◎ LOGS
  [37m Tweet 1887362638255993335 checks: [0m
  [37m {"isUnprocessed":false,"isRecent":false,"isReply":true,"isRetweet":false} [0m

[37m ◎ LOGS
  [37m Tweet 1887454332427395348 checks: [0m
  [37m {"isUnprocessed":false,"isRecent":false,"isReply":true,"isRetweet":false} [0m

[37m ◎ LOGS
  [37m Tweet 1887451717110837664 checks: [0m
  [37m {"isUnprocessed":false,"isRecent":false,"isReply":false,"isRetweet":false} [0m

[37m ◎ LOGS
  [37m Tweet 1887349069980332315 checks: [0m
  [37m {"isUnprocessed":false,"isRecent":false,"isReply":false,"isRetweet":false} [0m

